Archive member included to satisfy reference by file (symbol)

C:/Program Files/SEGGER/SEGGER Embedded Studio for ARM 3.34/lib/libm_v7em_fpv4_sp_d16_hard_t_le_eabi.a(libm_asm.o)
                              Output/agrilinx_tracker Debug/Obj/lis3dshtr.o (__aeabi_f2d)
C:/Program Files/SEGGER/SEGGER Embedded Studio for ARM 3.34/lib/libm_v7em_fpv4_sp_d16_hard_t_le_eabi.a(libm2.o)
                              Output/agrilinx_tracker Debug/Obj/lis3dshtr.o (atan2)
C:/Program Files/SEGGER/SEGGER Embedded Studio for ARM 3.34/lib/libm_v7em_fpv4_sp_d16_hard_t_le_eabi.a(libm2_asm.o)
                              C:/Program Files/SEGGER/SEGGER Embedded Studio for ARM 3.34/lib/libm_v7em_fpv4_sp_d16_hard_t_le_eabi.a(libm2.o) (fabs)
C:/Program Files/SEGGER/SEGGER Embedded Studio for ARM 3.34/lib/libc_v7em_fpv4_sp_d16_hard_t_le_eabi.a(libc2.o)
                              C:/Program Files/SEGGER/SEGGER Embedded Studio for ARM 3.34/lib/libm_v7em_fpv4_sp_d16_hard_t_le_eabi.a(libm2.o) (__aeabi_errno_addr)
C:/Program Files/SEGGER/SEGGER Embedded Studio for ARM 3.34/lib/libc_v7em_fpv4_sp_d16_hard_t_le_eabi.a(libc2_asm.o)
                              Output/agrilinx_tracker Debug/Obj/ubloxm8.o (memcpy)
C:/Program Files/SEGGER/SEGGER Embedded Studio for ARM 3.34/lib/libc_v7em_fpv4_sp_d16_hard_t_le_eabi.a(libc_asm.o)
                              C:/Program Files/SEGGER/SEGGER Embedded Studio for ARM 3.34/lib/libc_v7em_fpv4_sp_d16_hard_t_le_eabi.a(libc2.o) (__aeabi_uldivmod)
C:/Program Files/SEGGER/SEGGER Embedded Studio for ARM 3.34/lib/libdebugio_v7em_fpv4_sp_d16_hard_t_le_eabi.a(libdebugio.o)
                              Output/agrilinx_tracker Debug/Obj/thumb_crt0.o (debug_fopen)
C:/Program Files/SEGGER/SEGGER Embedded Studio for ARM 3.34/lib/libdebugio_mempoll_v7em_fpv4_sp_d16_hard_t_le_eabi.a(mempoll_debug_operations.o)
                              C:/Program Files/SEGGER/SEGGER Embedded Studio for ARM 3.34/lib/libdebugio_v7em_fpv4_sp_d16_hard_t_le_eabi.a(libdebugio.o) (__do_debug_operation)
C:/Program Files/SEGGER/SEGGER Embedded Studio for ARM 3.34/lib/libdebugio_mempoll_v7em_fpv4_sp_d16_hard_t_le_eabi.a(do_nv_debug_operation.o)
                              C:/Program Files/SEGGER/SEGGER Embedded Studio for ARM 3.34/lib/libdebugio_v7em_fpv4_sp_d16_hard_t_le_eabi.a(libdebugio.o) (__do_nvdebug_operation)

Discarded input sections

 .text          0x0000000000000000        0x0 Output/agrilinx_tracker Debug/Obj/thumb_crt0.o
 .data          0x0000000000000000        0x0 Output/agrilinx_tracker Debug/Obj/thumb_crt0.o
 .bss           0x0000000000000000        0x0 Output/agrilinx_tracker Debug/Obj/thumb_crt0.o
 .text.__aeabi_read_tp
                0x0000000000000000        0x8 Output/agrilinx_tracker Debug/Obj/thumb_crt0.o
 .text.__heap_lock
                0x0000000000000000        0x2 Output/agrilinx_tracker Debug/Obj/thumb_crt0.o
 .text.__heap_unlock
                0x0000000000000000        0x2 Output/agrilinx_tracker Debug/Obj/thumb_crt0.o
 .text.__printf_lock
                0x0000000000000000        0x2 Output/agrilinx_tracker Debug/Obj/thumb_crt0.o
 .text.__printf_unlock
                0x0000000000000000        0x2 Output/agrilinx_tracker Debug/Obj/thumb_crt0.o
 .text.__scanf_lock
                0x0000000000000000        0x2 Output/agrilinx_tracker Debug/Obj/thumb_crt0.o
 .text.__scanf_unlock
                0x0000000000000000        0x2 Output/agrilinx_tracker Debug/Obj/thumb_crt0.o
 .text.__debug_io_lock
                0x0000000000000000        0x2 Output/agrilinx_tracker Debug/Obj/thumb_crt0.o
 .text.__debug_io_unlock
                0x0000000000000000        0x2 Output/agrilinx_tracker Debug/Obj/thumb_crt0.o
 .text.abort    0x0000000000000000        0x2 Output/agrilinx_tracker Debug/Obj/thumb_crt0.o
 .text.__assert
                0x0000000000000000        0x2 Output/agrilinx_tracker Debug/Obj/thumb_crt0.o
 .text.__aeabi_assert
                0x0000000000000000        0x2 Output/agrilinx_tracker Debug/Obj/thumb_crt0.o
 .text.__cxa_pure_virtual
                0x0000000000000000        0x2 Output/agrilinx_tracker Debug/Obj/thumb_crt0.o
 .text.__cxa_guard_acquire
                0x0000000000000000       0x10 Output/agrilinx_tracker Debug/Obj/thumb_crt0.o
 .text.__cxa_guard_release
                0x0000000000000000        0x6 Output/agrilinx_tracker Debug/Obj/thumb_crt0.o
 .text.__cxa_guard_abort
                0x0000000000000000        0x2 Output/agrilinx_tracker Debug/Obj/thumb_crt0.o
 .text.__sync_synchronize
                0x0000000000000000        0x2 Output/agrilinx_tracker Debug/Obj/thumb_crt0.o
 .text.__getchar
                0x0000000000000000        0x4 Output/agrilinx_tracker Debug/Obj/thumb_crt0.o
 .text.__putchar
                0x0000000000000000        0x4 Output/agrilinx_tracker Debug/Obj/thumb_crt0.o
 .text.__open   0x0000000000000000        0x4 Output/agrilinx_tracker Debug/Obj/thumb_crt0.o
 .text.__close  0x0000000000000000        0x4 Output/agrilinx_tracker Debug/Obj/thumb_crt0.o
[...]
Memory Configuration

Name             Origin             Length             Attributes
UNPLACED_SECTIONS 0x0000000100000000 0x0000000000000000 xw
RAM              0x0000000020000000 0x0000000000010000 xw
FLASH            0x0000000000000000 0x0000000000080000 xw
*default*        0x0000000000000000 0xffffffffffffffff

Linker script and memory map

                0x0000000000000000                __vfprintf = __vfprintf_long
                0x0000000000000000                __vfscanf = __vfscanf_int
                0x0000000020000000                __RAM_segment_start__ = 0x20000000
                0x0000000020010000                __RAM_segment_end__ = 0x20010000
                0x0000000000010000                __RAM_segment_size__ = 0x10000
                0x0000000000000000                __FLASH_segment_start__ = 0x0
                0x0000000000080000                __FLASH_segment_end__ = 0x80000
                0x0000000000080000                __FLASH_segment_size__ = 0x80000
                0x0000000000000200                __HEAPSIZE__ = 0x200
                0x0000000000000000                __STACKSIZE_ABT__ = 0x0
                0x0000000000000000                __STACKSIZE_FIQ__ = 0x0
                0x0000000000000000                __STACKSIZE_IRQ__ = 0x0
                0x0000000000000000                __STACKSIZE_PROCESS__ = 0x0
                0x0000000000000000                __STACKSIZE_SVC__ = 0x0
                0x0000000000000000                __STACKSIZE_UND__ = 0x0
                0x0000000000000800                __STACKSIZE__ = 0x800
                0x0000000020000000                __reserved_ram_load_start__ = 0x20000000

.reserved_ram   0x0000000020000000     0x5668
                0x0000000020000000                __reserved_ram_start__ = .
 *(.reserved_ram .reserved_ram.*)
                0x0000000020005668                . = MAX (((__reserved_ram_start__ + 0x20005668) - 0x20000000), .)
 *fill*         0x0000000020000000     0x5668 
                0x0000000020005668                __reserved_ram_end__ = (__reserved_ram_start__ + SIZEOF (.reserved_ram))
                0x0000000000005668                __reserved_ram_size__ = SIZEOF (.reserved_ram)
                0x0000000020005668                __reserved_ram_load_end__ = __reserved_ram_end__
                0x0000000000000001                . = ASSERT (((__reserved_ram_start__ == __reserved_ram_end__) || ((__reserved_ram_end__ >= __RAM_segment_start__) && (__reserved_ram_end__ <= __RAM_segment_end__))), error: .reserved_ram is too large to fit in RAM memory segment)
                0x0000000020005668                __vectors_ram_load_start__ = 0x20005668

.vectors_ram    0x0000000020005668        0x0
                0x0000000020005668                __vectors_ram_start__ = .
                0x0000000020005668                __app_ram_start__ = __vectors_ram_start__
 *(.vectors_ram .vectors_ram.*)
                0x0000000020005668                __vectors_ram_end__ = (__vectors_ram_start__ + SIZEOF (.vectors_ram))
                0x0000000000000000                __vectors_ram_size__ = SIZEOF (.vectors_ram)
                0x0000000020005668                __vectors_ram_load_end__ = __vectors_ram_end__
                0x0000000000000001                . = ASSERT (((__vectors_ram_start__ == __vectors_ram_end__) || ((__vectors_ram_end__ >= __RAM_segment_start__) && (__vectors_ram_end__ <= __RAM_segment_end__))), error: .vectors_ram is too large to fit in RAM memory segment)
                0x0000000000000001                . = ASSERT ((__reserved_ram_end__ <= __vectors_ram_start__), error: section .reserved_ram overlaps absolute placed section .vectors_ram)
                0x0000000020005668                __nrf_sections_run_load_start__ = ALIGN (__vectors_ram_end__, 0x4)

.nrf_sections_run
                0x0000000020005668        0x0
                0x0000000020005668                __nrf_sections_run_start__ = .
                0x0000000020005668                __start_nrf_sections_run = __nrf_sections_run_start__
 *(.nrf_sections_run .nrf_sections_run.*)
                0x0000000020005668                __nrf_sections_run_end__ = (__nrf_sections_run_start__ + SIZEOF (.nrf_sections_run))
                0x0000000000000000                __nrf_sections_run_size__ = SIZEOF (.nrf_sections_run)
                0x0000000020005668                __nrf_sections_run_load_end__ = __nrf_sections_run_end__
                0x0000000000000001                . = ASSERT (((__nrf_sections_run_start__ == __nrf_sections_run_end__) || ((__nrf_sections_run_end__ >= __RAM_segment_start__) && (__nrf_sections_run_end__ <= __RAM_segment_end__))), error: .nrf_sections_run is too large to fit in RAM memory segment)
                0x0000000000000000                __reserved_flash_load_start__ = 0x0

.reserved_flash
                0x0000000000000000    0x23000
                0x0000000000000000                __reserved_flash_start__ = .
 *(.reserved_flash .reserved_flash.*)
                0x0000000000023000                . = MAX (((__reserved_flash_start__ + 0x23000) - 0x0), .)
 *fill*         0x0000000000000000    0x23000 
                0x0000000000023000                __reserved_flash_end__ = (__reserved_flash_start__ + SIZEOF (.reserved_flash))
                0x0000000000023000                __reserved_flash_size__ = SIZEOF (.reserved_flash)
                0x0000000000023000                __reserved_flash_load_end__ = __reserved_flash_end__
                0x0000000000000001                . = ASSERT (((__reserved_flash_start__ == __reserved_flash_end__) || ((__reserved_flash_end__ >= __FLASH_segment_start__) && (__reserved_flash_end__ <= __FLASH_segment_end__))), error: .reserved_flash is too large to fit in FLASH memory segment)
                0x0000000000023000                __vectors_load_start__ = 0x23000

.vectors        0x0000000000023000       0xdc
                0x0000000000023000                __vectors_start__ = .
 *(.vectors .vectors.*)
 .vectors       0x0000000000023000       0xdc Output/agrilinx_tracker Debug/Obj/ses_nrf52_Vectors.o
                0x0000000000023000                _vectors
                0x00000000000230dc                __vectors_end__ = (__vectors_start__ + SIZEOF (.vectors))
                0x00000000000000dc                __vectors_size__ = SIZEOF (.vectors)
                0x00000000000230dc                __vectors_load_end__ = __vectors_end__
                0x0000000000000001                . = ASSERT (((__vectors_start__ == __vectors_end__) || ((__vectors_end__ >= __FLASH_segment_start__) && (__vectors_end__ <= __FLASH_segment_end__))), error: .vectors is too large to fit in FLASH memory segment)
                0x0000000000000001                . = ASSERT ((__reserved_flash_end__ <= __vectors_start__), error: section .reserved_flash overlaps absolute placed section .vectors)
                0x00000000000230dc                __init_load_start__ = ALIGN (__vectors_end__, 0x4)

.init           0x00000000000230dc      0x218
                0x00000000000230dc                __init_start__ = .
 *(.init .init.*)
 .init          0x00000000000230dc      0x160 Output/agrilinx_tracker Debug/Obj/thumb_crt0.o
                0x00000000000230dc                _start
                0x0000000000023192                exit
 .init          0x000000000002323c       0x58 Output/agrilinx_tracker Debug/Obj/ses_nRF_Startup.o
                0x000000000002323c                Reset_Handler
                0x0000000000023260                InitializeUserMemorySections
 .init          0x0000000000023294       0x60 Output/agrilinx_tracker Debug/Obj/ses_nrf52_Vectors.o
                0x0000000000023294                NMI_Handler
                0x0000000000023296                HardFault_Handler
                0x0000000000023298                MemoryManagement_Handler
                0x000000000002329a                BusFault_Handler
                0x000000000002329c                UsageFault_Handler
                0x000000000002329e                SVC_Handler
                0x00000000000232a0                DebugMon_Handler
                0x00000000000232a2                PendSV_Handler
                0x00000000000232a4                SysTick_Handler
                0x00000000000232aa                RADIO_IRQHandler
                0x00000000000232b2                NFCT_IRQHandler
                0x00000000000232b6                SAADC_IRQHandler
                0x00000000000232b8                TIMER0_IRQHandler
                0x00000000000232ba                TIMER1_IRQHandler
                0x00000000000232bc                TIMER2_IRQHandler
                0x00000000000232be                RTC0_IRQHandler
                0x00000000000232c0                TEMP_IRQHandler
                0x00000000000232c2                RNG_IRQHandler
                0x00000000000232c4                ECB_IRQHandler
                0x00000000000232c6                CCM_AAR_IRQHandler
                0x00000000000232c8                WDT_IRQHandler
                0x00000000000232cc                QDEC_IRQHandler
                0x00000000000232ce                COMP_LPCOMP_IRQHandler
                0x00000000000232d0                SWI0_EGU0_IRQHandler
                0x00000000000232d2                SWI1_EGU1_IRQHandler
                0x00000000000232d6                SWI3_EGU3_IRQHandler
                0x00000000000232d8                SWI4_EGU4_IRQHandler
                0x00000000000232da                SWI5_EGU5_IRQHandler
                0x00000000000232dc                TIMER3_IRQHandler
                0x00000000000232de                TIMER4_IRQHandler
                0x00000000000232e0                PWM0_IRQHandler
                0x00000000000232e2                PDM_IRQHandler
                0x00000000000232e4                MWU_IRQHandler
                0x00000000000232e6                PWM1_IRQHandler
                0x00000000000232e8                PWM2_IRQHandler
                0x00000000000232ea                SPIM2_SPIS2_SPI2_IRQHandler
                0x00000000000232ec                RTC2_IRQHandler
                0x00000000000232ee                I2S_IRQHandler
                0x00000000000232f0                FPU_IRQHandler
                0x00000000000232f4                __init_end__ = (__init_start__ + SIZEOF (.init))
                0x0000000000000218                __init_size__ = SIZEOF (.init)
                0x00000000000232f4                __init_load_end__ = __init_end__
                0x0000000000000001                . = ASSERT (((__init_start__ == __init_end__) || ((__init_end__ >= __FLASH_segment_start__) && (__init_end__ <= __FLASH_segment_end__))), error: .init is too large to fit in FLASH memory segment)
                0x00000000000232f4                __init_rodata_load_start__ = ALIGN (__init_end__, 0x4)

.init_rodata    0x00000000000232f4        0x0
                0x00000000000232f4                __init_rodata_start__ = .
 *(.init_rodata .init_rodata.*)
                0x00000000000232f4                __init_rodata_end__ = (__init_rodata_start__ + SIZEOF (.init_rodata))
                0x0000000000000000                __init_rodata_size__ = SIZEOF (.init_rodata)
                0x00000000000232f4                __init_rodata_load_end__ = __init_rodata_end__
                0x0000000000000001                . = ASSERT (((__init_rodata_start__ == __init_rodata_end__) || ((__init_rodata_end__ >= __FLASH_segment_start__) && (__init_rodata_end__ <= __FLASH_segment_end__))), error: .init_rodata is too large to fit in FLASH memory segment)
                0x00000000000232f4                __text_load_start__ = ALIGN (__init_rodata_end__, 0x4)

.text           0x00000000000232f4     0x5a98
                0x00000000000232f4                __text_start__ = .
 *(.text .text.* .glue_7t .glue_7 .gnu.linkonce.t.* .gcc_except_table .ARM.extab* .gnu.linkonce.armextab.*)
 .glue_7        0x00000000000232f4        0x0 linker stubs
 .glue_7t       0x00000000000232f4        0x0 linker stubs
 .text.NVIC_SystemReset
                0x00000000000232f4       0x24 Output/agrilinx_tracker Debug/Obj/system_nrf52.o
 .text.SystemCoreClockUpdate
                0x0000000000023318       0x14 Output/agrilinx_tracker Debug/Obj/system_nrf52.o
                0x0000000000023318                SystemCoreClockUpdate
 .text.SystemInit
                0x000000000002332c      0x2bc Output/agrilinx_tracker Debug/Obj/system_nrf52.o
                0x000000000002332c                SystemInit
 .text.errata_12
                0x00000000000235e8       0x58 Output/agrilinx_tracker Debug/Obj/system_nrf52.o
 .text.errata_16
                0x0000000000023640       0x38 Output/agrilinx_tracker Debug/Obj/system_nrf52.o
 .text.errata_31
                0x0000000000023678       0x58 Output/agrilinx_tracker Debug/Obj/system_nrf52.o
 .text.errata_32
                0x00000000000236d0       0x38 Output/agrilinx_tracker Debug/Obj/system_nrf52.o
 .text.errata_36
                0x0000000000023708       0x58 Output/agrilinx_tracker Debug/Obj/system_nrf52.o
 .text.errata_37
                0x0000000000023760       0x38 Output/agrilinx_tracker Debug/Obj/system_nrf52.o
 .text.errata_57
                0x0000000000023798       0x38 Output/agrilinx_tracker Debug/Obj/system_nrf52.o
 .text.errata_66
                0x00000000000237d0       0x38 Output/agrilinx_tracker Debug/Obj/system_nrf52.o
 .text.errata_108
                0x0000000000023808       0x58 Output/agrilinx_tracker Debug/Obj/system_nrf52.o
 .text.errata_136
                0x0000000000023860       0x58 Output/agrilinx_tracker Debug/Obj/system_nrf52.o
 .text.nrf_delay_us
                0x00000000000238b8       0xa0 Output/agrilinx_tracker Debug/Obj/main.o
 .text.nrf_delay_ms
                0x0000000000023958       0x1e Output/agrilinx_tracker Debug/Obj/main.o
 .text.nrf_rtc_task_trigger
                0x0000000000023976       0x1e Output/agrilinx_tracker Debug/Obj/main.o
 .text.nrf_gpio_pin_port_decode
                0x0000000000023994       0x28 Output/agrilinx_tracker Debug/Obj/main.o
 .text.nrf_gpio_cfg
                0x00000000000239bc       0x60 Output/agrilinx_tracker Debug/Obj/main.o
 .text.nrf_gpio_cfg_output
                0x0000000000023a1c       0x22 Output/agrilinx_tracker Debug/Obj/main.o
 .text.nrf_gpio_cfg_input
                0x0000000000023a3e       0x2c Output/agrilinx_tracker Debug/Obj/main.o
 .text.nrf_gpio_pin_set
                0x0000000000023a6a       0x28 Output/agrilinx_tracker Debug/Obj/main.o
 .text.nrf_gpio_pin_clear
                0x0000000000023a92       0x28 Output/agrilinx_tracker Debug/Obj/main.o
 .text.nrf_gpio_port_out_set
                0x0000000000023aba       0x14 Output/agrilinx_tracker Debug/Obj/main.o
 .text.nrf_gpio_port_out_clear
                0x0000000000023ace       0x14 Output/agrilinx_tracker Debug/Obj/main.o
 *fill*         0x0000000000023ae2        0x2 
 .text.main     0x0000000000023ae4       0x94 Output/agrilinx_tracker Debug/Obj/main.o
                0x0000000000023ae4                main
 .text.rtc_handler
                0x0000000000023b78       0x3c Output/agrilinx_tracker Debug/Obj/main.o
 .text.SlIrqHandler
                0x0000000000023bb4       0x1c Output/agrilinx_tracker Debug/Obj/main.o
                0x0000000000023bb4                SlIrqHandler
 .text.InitPeripherals
                0x0000000000023bd0       0x7c Output/agrilinx_tracker Debug/Obj/main.o
                0x0000000000023bd0                InitPeripherals
 .text.LfclkConfig
                0x0000000000023c4c       0x34 Output/agrilinx_tracker Debug/Obj/main.o
                0x0000000000023c4c                LfclkConfig
 .text.RTC1Init
                0x0000000000023c80       0x74 Output/agrilinx_tracker Debug/Obj/main.o
                0x0000000000023c80                RTC1Init
 .text.SlIrqInit
                0x0000000000023cf4       0x50 Output/agrilinx_tracker Debug/Obj/main.o
                0x0000000000023cf4                SlIrqInit
 .text.TWIM1Init
                0x0000000000023d44       0x54 Output/agrilinx_tracker Debug/Obj/main.o
                0x0000000000023d44                TWIM1Init
 .text.SPIM0Init
                0x0000000000023d98       0x68 Output/agrilinx_tracker Debug/Obj/main.o
                0x0000000000023d98                SPIM0Init
 .text.SlProcessComm
                0x0000000000023e00      0x2cc Output/agrilinx_tracker Debug/Obj/main.o
                0x0000000000023e00                SlProcessComm
 .text.nrf_gpio_pin_port_decode
                0x00000000000240cc       0x28 Output/agrilinx_tracker Debug/Obj/boards.o
 .text.nrf_gpio_cfg
                0x00000000000240f4       0x60 Output/agrilinx_tracker Debug/Obj/boards.o
 .text.nrf_gpio_cfg_output
                0x0000000000024154       0x22 Output/agrilinx_tracker Debug/Obj/boards.o
 .text.nrf_gpio_pin_set
                0x0000000000024176       0x28 Output/agrilinx_tracker Debug/Obj/boards.o
 .text.nrf_gpio_pin_clear
                0x000000000002419e       0x28 Output/agrilinx_tracker Debug/Obj/boards.o
 .text.nrf_gpio_pin_write
                0x00000000000241c6       0x24 Output/agrilinx_tracker Debug/Obj/boards.o
 .text.nrf_gpio_port_out_set
                0x00000000000241ea       0x14 Output/agrilinx_tracker Debug/Obj/boards.o
 .text.nrf_gpio_port_out_clear
                0x00000000000241fe       0x14 Output/agrilinx_tracker Debug/Obj/boards.o
 *fill*         0x0000000000024212        0x2 
 .text.bsp_board_led_off
                0x0000000000024214       0x2c Output/agrilinx_tracker Debug/Obj/boards.o
                0x0000000000024214                bsp_board_led_off
 .text.bsp_board_leds_off
                0x0000000000024240       0x24 Output/agrilinx_tracker Debug/Obj/boards.o
                0x0000000000024240                bsp_board_leds_off
 .text.bsp_board_leds_init
                0x0000000000024264       0x2a Output/agrilinx_tracker Debug/Obj/boards.o
                0x0000000000024264                bsp_board_leds_init
 .text.app_error_handler
                0x000000000002428e       0x30 Output/agrilinx_tracker Debug/Obj/app_error.o
                0x000000000002428e                app_error_handler
 *fill*         0x00000000000242be        0x2 
 .text.app_error_save_and_stop
                0x00000000000242c0       0x98 Output/agrilinx_tracker Debug/Obj/app_error.o
                0x00000000000242c0                app_error_save_and_stop
 .text.app_error_fault_handler
                0x0000000000024358       0x6c Output/agrilinx_tracker Debug/Obj/app_error_weak.o
                0x0000000000024358                app_error_fault_handler
 .text.__sd_nvic_irq_disable
                0x00000000000243c4       0x16 Output/agrilinx_tracker Debug/Obj/app_util_platform.o
 .text.__sd_nvic_irq_enable
                0x00000000000243da        0x6 Output/agrilinx_tracker Debug/Obj/app_util_platform.o
 .text.sd_nvic_critical_region_enter
                0x00000000000243e0       0x74 Output/agrilinx_tracker Debug/Obj/app_util_platform.o
 .text.sd_nvic_critical_region_exit
                0x0000000000024454       0x54 Output/agrilinx_tracker Debug/Obj/app_util_platform.o
 .text.app_util_critical_region_enter
                0x00000000000244a8       0x2c Output/agrilinx_tracker Debug/Obj/app_util_platform.o
                0x00000000000244a8                app_util_critical_region_enter
 .text.app_util_critical_region_exit
                0x00000000000244d4       0x34 Output/agrilinx_tracker Debug/Obj/app_util_platform.o
                0x00000000000244d4                app_util_critical_region_exit
 .text.privilege_level_get
                0x0000000000024508       0x3a Output/agrilinx_tracker Debug/Obj/app_util_platform.o
                0x0000000000024508                privilege_level_get
 .text.assert_nrf_callback
                0x0000000000024542       0x2e Output/agrilinx_tracker Debug/Obj/nrf_assert.o
                0x0000000000024542                assert_nrf_callback
 .text.nrf_section_iter_init
                0x0000000000024570       0x54 Output/agrilinx_tracker Debug/Obj/nrf_section_iter.o
                0x0000000000024570                nrf_section_iter_init
 .text.nrf_section_iter_next
                0x00000000000245c4       0x64 Output/agrilinx_tracker Debug/Obj/nrf_section_iter.o
                0x00000000000245c4                nrf_section_iter_next
 .text.nrf_section_iter_get
                0x0000000000024628       0x24 Output/agrilinx_tracker Debug/Obj/nrf_sdh.o
 .text.nrf_sdh_is_enabled
                0x000000000002464c        0xc Output/agrilinx_tracker Debug/Obj/nrf_sdh.o
                0x000000000002464c                nrf_sdh_is_enabled
 .text.nrf_sdh_evts_poll
                0x0000000000024658       0x4c Output/agrilinx_tracker Debug/Obj/nrf_sdh.o
                0x0000000000024658                nrf_sdh_evts_poll
 .text.SWI2_EGU2_IRQHandler
                0x00000000000246a4        0xa Output/agrilinx_tracker Debug/Obj/nrf_sdh.o
                0x00000000000246a4                SWI2_EGU2_IRQHandler
 *fill*         0x00000000000246ae        0x2 
 .text.nrf_section_iter_get
                0x00000000000246b0       0x24 Output/agrilinx_tracker Debug/Obj/nrf_sdh_soc.o
 .text.sd_evt_get
                0x00000000000246d4        0x8 Output/agrilinx_tracker Debug/Obj/nrf_sdh_soc.o
 .text.nrf_sdh_soc_evts_poll
                0x00000000000246dc       0x78 Output/agrilinx_tracker Debug/Obj/nrf_sdh_soc.o
 .text.read_uint8
                0x0000000000024754       0x16 Output/agrilinx_tracker Debug/Obj/ifc_struct_defs.o
                0x0000000000024754                read_uint8
 .text.read_uint16
                0x000000000002476a       0x28 Output/agrilinx_tracker Debug/Obj/ifc_struct_defs.o
                0x000000000002476a                read_uint16
 .text.read_uint32
                0x0000000000024792       0x20 Output/agrilinx_tracker Debug/Obj/ifc_struct_defs.o
                0x0000000000024792                read_uint32
 .text.read_uint64
                0x00000000000247b2       0x3a Output/agrilinx_tracker Debug/Obj/ifc_struct_defs.o
                0x00000000000247b2                read_uint64
 .text.ll_net_info_deserialize
                0x00000000000247ec       0xac Output/agrilinx_tracker Debug/Obj/ifc_struct_defs.o
                0x00000000000247ec                ll_net_info_deserialize
 .text.hal_read_write
                0x0000000000024898       0x9c Output/agrilinx_tracker Debug/Obj/ll_ifc.o
                0x0000000000024898                hal_read_write
 .text.ll_mac_mode_set
                0x0000000000024934       0x3c Output/agrilinx_tracker Debug/Obj/ll_ifc.o
                0x0000000000024934                ll_mac_mode_set
 .text.ll_antenna_set
                0x0000000000024970       0x3c Output/agrilinx_tracker Debug/Obj/ll_ifc.o
                0x0000000000024970                ll_antenna_set
 .text.ll_irq_flags
                0x00000000000249ac       0x90 Output/agrilinx_tracker Debug/Obj/ll_ifc.o
                0x00000000000249ac                ll_irq_flags
 .text.send_packet
                0x0000000000024a3c      0x120 Output/agrilinx_tracker Debug/Obj/ll_ifc.o
 .text.recv_packet
                0x0000000000024b5c      0x18e Output/agrilinx_tracker Debug/Obj/ll_ifc.o
 .text.compute_checksum
                0x0000000000024cea      0x150 Output/agrilinx_tracker Debug/Obj/ll_ifc.o
 .text.ll_net_token_set
                0x0000000000024e3a       0x54 Output/agrilinx_tracker Debug/Obj/ll_ifc_symphony.o
 .text.ll_app_token_set
                0x0000000000024e8e       0x40 Output/agrilinx_tracker Debug/Obj/ll_ifc_symphony.o
 .text.ll_receive_mode_set
                0x0000000000024ece       0x34 Output/agrilinx_tracker Debug/Obj/ll_ifc_symphony.o
 .text.ll_qos_request
                0x0000000000024f02       0x34 Output/agrilinx_tracker Debug/Obj/ll_ifc_symphony.o
 .text.ll_config_set
                0x0000000000024f36       0x74 Output/agrilinx_tracker Debug/Obj/ll_ifc_symphony.o
                0x0000000000024f36                ll_config_set
 .text.ll_get_state
                0x0000000000024faa       0xa6 Output/agrilinx_tracker Debug/Obj/ll_ifc_symphony.o
                0x0000000000024faa                ll_get_state
 .text.ll_app_reg_get
                0x0000000000025050       0x2c Output/agrilinx_tracker Debug/Obj/ll_ifc_symphony.o
                0x0000000000025050                ll_app_reg_get
 .text.ll_net_info_get
                0x000000000002507c       0x3a Output/agrilinx_tracker Debug/Obj/ll_ifc_symphony.o
                0x000000000002507c                ll_net_info_get
 .text.ll_retrieve_message
                0x00000000000250b6       0xa8 Output/agrilinx_tracker Debug/Obj/ll_ifc_symphony.o
                0x00000000000250b6                ll_retrieve_message
 .text.nrf_rtc_task_address_get
                0x000000000002515e       0x18 Output/agrilinx_tracker Debug/Obj/ll_ifc_transport_mcu.o
 .text.nrf_rtc_task_trigger
                0x0000000000025176       0x1e Output/agrilinx_tracker Debug/Obj/ll_ifc_transport_mcu.o
 .text.nrf_drv_rtc_task_address_get
                0x0000000000025194       0x26 Output/agrilinx_tracker Debug/Obj/ll_ifc_transport_mcu.o
 *fill*         0x00000000000251ba        0x2 
 .text.ppi_init
                0x00000000000251bc       0xf4 Output/agrilinx_tracker Debug/Obj/ll_ifc_transport_mcu.o
                0x00000000000251bc                ppi_init
 .text.ll_uart_init
                0x00000000000252b0       0x44 Output/agrilinx_tracker Debug/Obj/ll_ifc_transport_mcu.o
                0x00000000000252b0                ll_uart_init
 .text.uart_event_handler
                0x00000000000252f4       0x34 Output/agrilinx_tracker Debug/Obj/ll_ifc_transport_mcu.o
                0x00000000000252f4                uart_event_handler
 .text.transport_write
                0x0000000000025328       0x40 Output/agrilinx_tracker Debug/Obj/ll_ifc_transport_mcu.o
                0x0000000000025328                transport_write
 .text.transport_read_actual
                0x0000000000025368       0x88 Output/agrilinx_tracker Debug/Obj/ll_ifc_transport_mcu.o
                0x0000000000025368                transport_read_actual
 .text.transport_read
                0x00000000000253f0       0x80 Output/agrilinx_tracker Debug/Obj/ll_ifc_transport_mcu.o
                0x00000000000253f0                transport_read
 .text.nrf_uart_event_clear
                0x0000000000025470       0x2a Output/agrilinx_tracker Debug/Obj/nrf_drv_uart.o
 .text.nrf_uart_event_check
                0x000000000002549a       0x24 Output/agrilinx_tracker Debug/Obj/nrf_drv_uart.o
 .text.nrf_uart_int_enable
                0x00000000000254be       0x14 Output/agrilinx_tracker Debug/Obj/nrf_drv_uart.o
 .text.nrf_uart_int_enable_check
                0x00000000000254d2       0x20 Output/agrilinx_tracker Debug/Obj/nrf_drv_uart.o
 .text.nrf_uart_int_disable
                0x00000000000254f2       0x14 Output/agrilinx_tracker Debug/Obj/nrf_drv_uart.o
 .text.nrf_uart_errorsrc_get_and_clear
                0x0000000000025506       0x1c Output/agrilinx_tracker Debug/Obj/nrf_drv_uart.o
 .text.nrf_uart_enable
                0x0000000000025522       0x12 Output/agrilinx_tracker Debug/Obj/nrf_drv_uart.o
 .text.nrf_uart_txrx_pins_set
                0x0000000000025534       0x1e Output/agrilinx_tracker Debug/Obj/nrf_drv_uart.o
 .text.nrf_uart_hwfc_pins_set
                0x0000000000025552       0x1e Output/agrilinx_tracker Debug/Obj/nrf_drv_uart.o
 .text.nrf_uart_rxd_get
                0x0000000000025570       0x12 Output/agrilinx_tracker Debug/Obj/nrf_drv_uart.o
 .text.nrf_uart_txd_set
                0x0000000000025582       0x1a Output/agrilinx_tracker Debug/Obj/nrf_drv_uart.o
 .text.nrf_uart_task_trigger
                0x000000000002559c       0x1c Output/agrilinx_tracker Debug/Obj/nrf_drv_uart.o
 .text.nrf_uart_configure
                0x00000000000255b8       0x2a Output/agrilinx_tracker Debug/Obj/nrf_drv_uart.o
 .text.nrf_uart_baudrate_set
                0x00000000000255e2       0x14 Output/agrilinx_tracker Debug/Obj/nrf_drv_uart.o
 .text.nrf_uarte_event_clear
                0x00000000000255f6       0x2a Output/agrilinx_tracker Debug/Obj/nrf_drv_uart.o
 .text.nrf_uarte_event_check
                0x0000000000025620       0x24 Output/agrilinx_tracker Debug/Obj/nrf_drv_uart.o
 .text.nrf_uarte_shorts_enable
                0x0000000000025644       0x1c Output/agrilinx_tracker Debug/Obj/nrf_drv_uart.o
 .text.nrf_uarte_shorts_disable
                0x0000000000025660       0x1e Output/agrilinx_tracker Debug/Obj/nrf_drv_uart.o
 .text.nrf_uarte_int_enable
                0x000000000002567e       0x14 Output/agrilinx_tracker Debug/Obj/nrf_drv_uart.o
 .text.nrf_uarte_int_disable
                0x0000000000025692       0x14 Output/agrilinx_tracker Debug/Obj/nrf_drv_uart.o
 .text.nrf_uarte_errorsrc_get_and_clear
                0x00000000000256a6       0x1c Output/agrilinx_tracker Debug/Obj/nrf_drv_uart.o
 .text.nrf_uarte_enable
                0x00000000000256c2       0x12 Output/agrilinx_tracker Debug/Obj/nrf_drv_uart.o
 .text.nrf_uarte_txrx_pins_set
                0x00000000000256d4       0x1e Output/agrilinx_tracker Debug/Obj/nrf_drv_uart.o
 .text.nrf_uarte_hwfc_pins_set
                0x00000000000256f2       0x1e Output/agrilinx_tracker Debug/Obj/nrf_drv_uart.o
 .text.nrf_uarte_task_trigger
                0x0000000000025710       0x1c Output/agrilinx_tracker Debug/Obj/nrf_drv_uart.o
 .text.nrf_uarte_configure
                0x000000000002572c       0x2a Output/agrilinx_tracker Debug/Obj/nrf_drv_uart.o
 .text.nrf_uarte_baudrate_set
                0x0000000000025756       0x14 Output/agrilinx_tracker Debug/Obj/nrf_drv_uart.o
 .text.nrf_uarte_tx_buffer_set
                0x000000000002576a       0x24 Output/agrilinx_tracker Debug/Obj/nrf_drv_uart.o
 .text.nrf_uarte_tx_amount_get
                0x000000000002578e       0x10 Output/agrilinx_tracker Debug/Obj/nrf_drv_uart.o
 .text.nrf_uarte_rx_buffer_set
                0x000000000002579e       0x24 Output/agrilinx_tracker Debug/Obj/nrf_drv_uart.o
 .text.nrf_uarte_rx_amount_get
                0x00000000000257c2       0x10 Output/agrilinx_tracker Debug/Obj/nrf_drv_uart.o
 .text.nrf_drv_get_IRQn
                0x00000000000257d2       0x16 Output/agrilinx_tracker Debug/Obj/nrf_drv_uart.o
 .text.nrf_drv_is_in_RAM
                0x00000000000257e8       0x1c Output/agrilinx_tracker Debug/Obj/nrf_drv_uart.o
 .text.nrf_gpio_pin_port_decode
                0x0000000000025804       0x28 Output/agrilinx_tracker Debug/Obj/nrf_drv_uart.o
 .text.nrf_gpio_cfg
                0x000000000002582c       0x60 Output/agrilinx_tracker Debug/Obj/nrf_drv_uart.o
 .text.nrf_gpio_cfg_output
                0x000000000002588c       0x22 Output/agrilinx_tracker Debug/Obj/nrf_drv_uart.o
 .text.nrf_gpio_cfg_input
                0x00000000000258ae       0x2c Output/agrilinx_tracker Debug/Obj/nrf_drv_uart.o
 .text.nrf_gpio_pin_set
                0x00000000000258da       0x28 Output/agrilinx_tracker Debug/Obj/nrf_drv_uart.o
 .text.nrf_gpio_port_out_set
                0x0000000000025902       0x14 Output/agrilinx_tracker Debug/Obj/nrf_drv_uart.o
 *fill*         0x0000000000025916        0x2 
 .text.apply_config
                0x0000000000025918      0x160 Output/agrilinx_tracker Debug/Obj/nrf_drv_uart.o
 .text.interrupts_enable
                0x0000000000025a78       0xd4 Output/agrilinx_tracker Debug/Obj/nrf_drv_uart.o
 .text.uart_enable
                0x0000000000025b4c       0x3c Output/agrilinx_tracker Debug/Obj/nrf_drv_uart.o
 .text.nrf_drv_uart_init
                0x0000000000025b88       0xa4 Output/agrilinx_tracker Debug/Obj/nrf_drv_uart.o
                0x0000000000025b88                nrf_drv_uart_init
 .text.tx_byte  0x0000000000025c2c       0x46 Output/agrilinx_tracker Debug/Obj/nrf_drv_uart.o
 *fill*         0x0000000000025c72        0x2 
 .text.nrf_drv_uart_tx_for_uart
                0x0000000000025c74       0xe4 Output/agrilinx_tracker Debug/Obj/nrf_drv_uart.o
 .text.nrf_drv_uart_tx_for_uarte
                0x0000000000025d58       0xbc Output/agrilinx_tracker Debug/Obj/nrf_drv_uart.o
 .text.nrf_drv_uart_tx
                0x0000000000025e14       0xd8 Output/agrilinx_tracker Debug/Obj/nrf_drv_uart.o
                0x0000000000025e14                nrf_drv_uart_tx
 .text.nrf_drv_uart_tx_in_progress
                0x0000000000025eec       0x28 Output/agrilinx_tracker Debug/Obj/nrf_drv_uart.o
                0x0000000000025eec                nrf_drv_uart_tx_in_progress
 .text.rx_enable
                0x0000000000025f14       0x36 Output/agrilinx_tracker Debug/Obj/nrf_drv_uart.o
 .text.rx_byte  0x0000000000025f4a       0x54 Output/agrilinx_tracker Debug/Obj/nrf_drv_uart.o
 *fill*         0x0000000000025f9e        0x2 
 .text.nrf_drv_uart_rx_for_uart
                0x0000000000025fa0      0x158 Output/agrilinx_tracker Debug/Obj/nrf_drv_uart.o
 .text.nrf_drv_uart_rx_for_uarte
                0x00000000000260f8      0x130 Output/agrilinx_tracker Debug/Obj/nrf_drv_uart.o
 .text.nrf_drv_uart_rx
                0x0000000000026228      0x188 Output/agrilinx_tracker Debug/Obj/nrf_drv_uart.o
                0x0000000000026228                nrf_drv_uart_rx
 .text.rx_done_event
                0x00000000000263b0       0x36 Output/agrilinx_tracker Debug/Obj/nrf_drv_uart.o
 .text.tx_done_event
                0x00000000000263e6       0x3c Output/agrilinx_tracker Debug/Obj/nrf_drv_uart.o
 *fill*         0x0000000000026422        0x2 
 .text.nrf_drv_uart_rx_abort
                0x0000000000026424       0x4c Output/agrilinx_tracker Debug/Obj/nrf_drv_uart.o
                0x0000000000026424                nrf_drv_uart_rx_abort
 .text.uart_irq_handler
                0x0000000000026470      0x1d4 Output/agrilinx_tracker Debug/Obj/nrf_drv_uart.o
 .text.uarte_irq_handler
                0x0000000000026644      0x160 Output/agrilinx_tracker Debug/Obj/nrf_drv_uart.o
 .text.UARTE0_UART0_IRQHandler
                0x00000000000267a4       0x28 Output/agrilinx_tracker Debug/Obj/nrf_drv_uart.o
                0x00000000000267a4                UARTE0_UART0_IRQHandler
 .text.NVIC_EnableIRQ
                0x00000000000267cc       0x2c Output/agrilinx_tracker Debug/Obj/nrf_drv_common.o
 .text.NVIC_ClearPendingIRQ
                0x00000000000267f8       0x30 Output/agrilinx_tracker Debug/Obj/nrf_drv_common.o
 .text.NVIC_SetPriority
                0x0000000000026828       0x50 Output/agrilinx_tracker Debug/Obj/nrf_drv_common.o
 .text.nrf_drv_common_irq_enable
                0x0000000000026878       0x6c Output/agrilinx_tracker Debug/Obj/nrf_drv_common.o
                0x0000000000026878                nrf_drv_common_irq_enable
 .text.NVIC_DisableIRQ
                0x00000000000268e4       0x30 Output/agrilinx_tracker Debug/Obj/nrf_drv_clock.o
 .text.nrf_clock_int_enable
                0x0000000000026914       0x14 Output/agrilinx_tracker Debug/Obj/nrf_drv_clock.o
 .text.nrf_clock_int_disable
                0x0000000000026928       0x14 Output/agrilinx_tracker Debug/Obj/nrf_drv_clock.o
 .text.nrf_clock_task_trigger
                0x000000000002693c       0x1a Output/agrilinx_tracker Debug/Obj/nrf_drv_clock.o
 .text.nrf_clock_event_clear
                0x0000000000026956       0x28 Output/agrilinx_tracker Debug/Obj/nrf_drv_clock.o
 .text.nrf_clock_event_check
                0x000000000002697e       0x22 Output/agrilinx_tracker Debug/Obj/nrf_drv_clock.o
 .text.nrf_clock_lf_src_set
                0x00000000000269a0       0x1e Output/agrilinx_tracker Debug/Obj/nrf_drv_clock.o
 .text.nrf_clock_lf_is_running
                0x00000000000269be       0x1c Output/agrilinx_tracker Debug/Obj/nrf_drv_clock.o
 *fill*         0x00000000000269da        0x2 
 .text.nrf_drv_common_irq_enable_check
                0x00000000000269dc       0x38 Output/agrilinx_tracker Debug/Obj/nrf_drv_clock.o
 .text.nrf_drv_common_power_clock_irq_init
                0x0000000000026a14       0x20 Output/agrilinx_tracker Debug/Obj/nrf_drv_clock.o
 .text.lfclk_start
                0x0000000000026a34       0x1a Output/agrilinx_tracker Debug/Obj/nrf_drv_clock.o
 *fill*         0x0000000000026a4e        0x2 
 .text.lfclk_stop
                0x0000000000026a50       0x40 Output/agrilinx_tracker Debug/Obj/nrf_drv_clock.o
 .text.nrf_drv_clock_init
                0x0000000000026a90       0x5c Output/agrilinx_tracker Debug/Obj/nrf_drv_clock.o
                0x0000000000026a90                nrf_drv_clock_init
 .text.item_enqueue
                0x0000000000026aec       0x38 Output/agrilinx_tracker Debug/Obj/nrf_drv_clock.o
 .text.item_dequeue
                0x0000000000026b24       0x20 Output/agrilinx_tracker Debug/Obj/nrf_drv_clock.o
 .text.nrf_drv_clock_lfclk_request
                0x0000000000026b44       0xb8 Output/agrilinx_tracker Debug/Obj/nrf_drv_clock.o
                0x0000000000026b44                nrf_drv_clock_lfclk_request
 .text.nrf_drv_clock_lfclk_release
                0x0000000000026bfc       0x68 Output/agrilinx_tracker Debug/Obj/nrf_drv_clock.o
                0x0000000000026bfc                nrf_drv_clock_lfclk_release
 .text.clock_clk_started_notify
                0x0000000000026c64       0x4c Output/agrilinx_tracker Debug/Obj/nrf_drv_clock.o
 .text.POWER_CLOCK_IRQHandler
                0x0000000000026cb0       0x5c Output/agrilinx_tracker Debug/Obj/nrf_drv_clock.o
                0x0000000000026cb0                POWER_CLOCK_IRQHandler
 .text.soc_evt_handler
                0x0000000000026d0c       0x1c Output/agrilinx_tracker Debug/Obj/nrf_drv_clock.o
 .text.sd_state_evt_handler
                0x0000000000026d28       0x94 Output/agrilinx_tracker Debug/Obj/nrf_drv_clock.o
 .text.nrf_rtc_cc_set
                0x0000000000026dbc       0x1c Output/agrilinx_tracker Debug/Obj/nrf_drv_rtc.o
 .text.nrf_rtc_int_enable
                0x0000000000026dd8       0x14 Output/agrilinx_tracker Debug/Obj/nrf_drv_rtc.o
 .text.nrf_rtc_int_disable
                0x0000000000026dec       0x14 Output/agrilinx_tracker Debug/Obj/nrf_drv_rtc.o
 .text.nrf_rtc_int_is_enabled
                0x0000000000026e00       0x16 Output/agrilinx_tracker Debug/Obj/nrf_drv_rtc.o
 .text.nrf_rtc_event_pending
                0x0000000000026e16       0x1a Output/agrilinx_tracker Debug/Obj/nrf_drv_rtc.o
 .text.nrf_rtc_event_clear
                0x0000000000026e30       0x2a Output/agrilinx_tracker Debug/Obj/nrf_drv_rtc.o
 .text.nrf_rtc_counter_get
                0x0000000000026e5a       0x10 Output/agrilinx_tracker Debug/Obj/nrf_drv_rtc.o
 *fill*         0x0000000000026e6a        0x2 
 .text.nrf_rtc_prescaler_set
                0x0000000000026e6c       0x30 Output/agrilinx_tracker Debug/Obj/nrf_drv_rtc.o
 .text.nrf_rtc_task_trigger
                0x0000000000026e9c       0x1e Output/agrilinx_tracker Debug/Obj/nrf_drv_rtc.o
 .text.nrf_rtc_event_enable
                0x0000000000026eba       0x14 Output/agrilinx_tracker Debug/Obj/nrf_drv_rtc.o
 .text.nrf_rtc_event_disable
                0x0000000000026ece       0x14 Output/agrilinx_tracker Debug/Obj/nrf_drv_rtc.o
 *fill*         0x0000000000026ee2        0x2 
 .text.nrf_drv_rtc_init
                0x0000000000026ee4       0xd8 Output/agrilinx_tracker Debug/Obj/nrf_drv_rtc.o
                0x0000000000026ee4                nrf_drv_rtc_init
 .text.nrf_drv_rtc_enable
                0x0000000000026fbc       0x54 Output/agrilinx_tracker Debug/Obj/nrf_drv_rtc.o
                0x0000000000026fbc                nrf_drv_rtc_enable
 .text.nrf_drv_rtc_cc_set
                0x0000000000027010      0x140 Output/agrilinx_tracker Debug/Obj/nrf_drv_rtc.o
                0x0000000000027010                nrf_drv_rtc_cc_set
 .text.nrf_drv_rtc_int_handler
                0x0000000000027150      0x114 Output/agrilinx_tracker Debug/Obj/nrf_drv_rtc.o
 .text.RTC1_IRQHandler
                0x0000000000027264       0x14 Output/agrilinx_tracker Debug/Obj/nrf_drv_rtc.o
                0x0000000000027264                RTC1_IRQHandler
 .text.nrf_gpiote_event_is_set
                0x0000000000027278       0x2a Output/agrilinx_tracker Debug/Obj/nrf_drv_gpiote.o
 .text.nrf_gpiote_event_clear
                0x00000000000272a2       0x36 Output/agrilinx_tracker Debug/Obj/nrf_drv_gpiote.o
 .text.nrf_gpiote_event_addr_get
                0x00000000000272d8       0x1a Output/agrilinx_tracker Debug/Obj/nrf_drv_gpiote.o
 *fill*         0x00000000000272f2        0x2 
 .text.nrf_gpiote_int_enable
                0x00000000000272f4       0x18 Output/agrilinx_tracker Debug/Obj/nrf_drv_gpiote.o
 .text.nrf_gpiote_int_is_enabled
                0x000000000002730c       0x18 Output/agrilinx_tracker Debug/Obj/nrf_drv_gpiote.o
 .text.nrf_gpiote_event_enable
                0x0000000000027324       0x2c Output/agrilinx_tracker Debug/Obj/nrf_drv_gpiote.o
 .text.nrf_gpiote_event_configure
                0x0000000000027350       0x64 Output/agrilinx_tracker Debug/Obj/nrf_drv_gpiote.o
 .text.nrf_gpiote_event_pin_get
                0x00000000000273b4       0x20 Output/agrilinx_tracker Debug/Obj/nrf_drv_gpiote.o
 .text.nrf_gpiote_event_polarity_get
                0x00000000000273d4       0x24 Output/agrilinx_tracker Debug/Obj/nrf_drv_gpiote.o
 .text.nrf_gpio_pin_port_decode
                0x00000000000273f8       0x28 Output/agrilinx_tracker Debug/Obj/nrf_drv_gpiote.o
 .text.nrf_gpio_cfg
                0x0000000000027420       0x60 Output/agrilinx_tracker Debug/Obj/nrf_drv_gpiote.o
 .text.nrf_gpio_cfg_input
                0x0000000000027480       0x2c Output/agrilinx_tracker Debug/Obj/nrf_drv_gpiote.o
 .text.nrf_gpio_cfg_watcher
                0x00000000000274ac       0x38 Output/agrilinx_tracker Debug/Obj/nrf_drv_gpiote.o
 .text.nrf_gpio_cfg_sense_set
                0x00000000000274e4       0x5a Output/agrilinx_tracker Debug/Obj/nrf_drv_gpiote.o
 .text.nrf_gpio_pin_read
                0x000000000002753e       0x2a Output/agrilinx_tracker Debug/Obj/nrf_drv_gpiote.o
 .text.nrf_gpio_pin_sense_get
                0x0000000000027568       0x2c Output/agrilinx_tracker Debug/Obj/nrf_drv_gpiote.o
 .text.nrf_gpio_port_in_read
                0x0000000000027594       0x10 Output/agrilinx_tracker Debug/Obj/nrf_drv_gpiote.o
 .text.nrf_gpio_ports_read
                0x00000000000275a4       0x68 Output/agrilinx_tracker Debug/Obj/nrf_drv_gpiote.o
 .text.nrf_bitmask_bit_is_set
                0x000000000002760c       0x30 Output/agrilinx_tracker Debug/Obj/nrf_drv_gpiote.o
 .text.nrf_bitmask_bit_set
                0x000000000002763c       0x40 Output/agrilinx_tracker Debug/Obj/nrf_drv_gpiote.o
 .text.pin_in_use_by_te
                0x000000000002767c       0x3c Output/agrilinx_tracker Debug/Obj/nrf_drv_gpiote.o
 .text.pin_in_use_by_port
                0x00000000000276b8       0x24 Output/agrilinx_tracker Debug/Obj/nrf_drv_gpiote.o
 .text.pin_in_use_by_gpiote
                0x00000000000276dc       0x24 Output/agrilinx_tracker Debug/Obj/nrf_drv_gpiote.o
 .text.pin_in_use_by_te_set
                0x0000000000027700       0x50 Output/agrilinx_tracker Debug/Obj/nrf_drv_gpiote.o
 .text.pin_in_use_clear
                0x0000000000027750       0x1c Output/agrilinx_tracker Debug/Obj/nrf_drv_gpiote.o
 .text.channel_port_get
                0x000000000002776c       0x1c Output/agrilinx_tracker Debug/Obj/nrf_drv_gpiote.o
 .text.channel_handler_get
                0x0000000000027788       0x18 Output/agrilinx_tracker Debug/Obj/nrf_drv_gpiote.o
 .text.channel_port_alloc
                0x00000000000277a0       0x7c Output/agrilinx_tracker Debug/Obj/nrf_drv_gpiote.o
 .text.channel_free
                0x000000000002781c       0x38 Output/agrilinx_tracker Debug/Obj/nrf_drv_gpiote.o
 .text.nrf_drv_gpiote_init
                0x0000000000027854       0x90 Output/agrilinx_tracker Debug/Obj/nrf_drv_gpiote.o
                0x0000000000027854                nrf_drv_gpiote_init
 .text.nrf_drv_gpiote_in_init
                0x00000000000278e4       0xc8 Output/agrilinx_tracker Debug/Obj/nrf_drv_gpiote.o
                0x00000000000278e4                nrf_drv_gpiote_in_init
 .text.nrf_drv_gpiote_in_event_enable
                0x00000000000279ac      0x110 Output/agrilinx_tracker Debug/Obj/nrf_drv_gpiote.o
                0x00000000000279ac                nrf_drv_gpiote_in_event_enable
 .text.nrf_drv_gpiote_in_event_addr_get
                0x0000000000027abc       0x78 Output/agrilinx_tracker Debug/Obj/nrf_drv_gpiote.o
                0x0000000000027abc                nrf_drv_gpiote_in_event_addr_get
 .text.GPIOTE_IRQHandler
                0x0000000000027b34      0x2e0 Output/agrilinx_tracker Debug/Obj/nrf_drv_gpiote.o
                0x0000000000027b34                GPIOTE_IRQHandler
 .text.nrf_ppi_channel_enable
                0x0000000000027e14       0x24 Output/agrilinx_tracker Debug/Obj/nrf_drv_ppi.o
 .text.nrf_ppi_channel_endpoint_setup
                0x0000000000027e38       0x34 Output/agrilinx_tracker Debug/Obj/nrf_drv_ppi.o
 .text.nrf_drv_ppi_channel_to_mask
                0x0000000000027e6c       0x18 Output/agrilinx_tracker Debug/Obj/nrf_drv_ppi.o
 .text.is_programmable_app_channel
                0x0000000000027e84       0x2c Output/agrilinx_tracker Debug/Obj/nrf_drv_ppi.o
 .text.are_app_channels
                0x0000000000027eb0       0x1a Output/agrilinx_tracker Debug/Obj/nrf_drv_ppi.o
 .text.is_app_channel
                0x0000000000027eca       0x26 Output/agrilinx_tracker Debug/Obj/nrf_drv_ppi.o
 .text.is_allocated_channel
                0x0000000000027ef0       0x34 Output/agrilinx_tracker Debug/Obj/nrf_drv_ppi.o
 .text.channel_allocated_set
                0x0000000000027f24       0x2c Output/agrilinx_tracker Debug/Obj/nrf_drv_ppi.o
 .text.nrf_drv_ppi_init
                0x0000000000027f50       0x28 Output/agrilinx_tracker Debug/Obj/nrf_drv_ppi.o
                0x0000000000027f50                nrf_drv_ppi_init
 .text.nrf_drv_ppi_channel_alloc
                0x0000000000027f78       0xb4 Output/agrilinx_tracker Debug/Obj/nrf_drv_ppi.o
                0x0000000000027f78                nrf_drv_ppi_channel_alloc
 .text.nrf_drv_ppi_channel_assign
                0x000000000002802c       0x76 Output/agrilinx_tracker Debug/Obj/nrf_drv_ppi.o
                0x000000000002802c                nrf_drv_ppi_channel_assign
 .text.nrf_drv_ppi_channel_enable
                0x00000000000280a2       0x6a Output/agrilinx_tracker Debug/Obj/nrf_drv_ppi.o
                0x00000000000280a2                nrf_drv_ppi_channel_enable
 .text.nrf_twim_task_trigger
                0x000000000002810c       0x1c Output/agrilinx_tracker Debug/Obj/nrf_drv_twi.o
 .text.nrf_twim_event_clear
                0x0000000000028128       0x2a Output/agrilinx_tracker Debug/Obj/nrf_drv_twi.o
 .text.nrf_twim_event_check
                0x0000000000028152       0x24 Output/agrilinx_tracker Debug/Obj/nrf_drv_twi.o
 .text.nrf_twim_int_enable
                0x0000000000028176       0x14 Output/agrilinx_tracker Debug/Obj/nrf_drv_twi.o
 .text.nrf_twim_int_disable
                0x000000000002818a       0x14 Output/agrilinx_tracker Debug/Obj/nrf_drv_twi.o
 .text.nrf_twim_enable
                0x000000000002819e       0x12 Output/agrilinx_tracker Debug/Obj/nrf_drv_twi.o
 .text.nrf_twim_pins_set
                0x00000000000281b0       0x1e Output/agrilinx_tracker Debug/Obj/nrf_drv_twi.o
 .text.nrf_twim_frequency_set
                0x00000000000281ce       0x14 Output/agrilinx_tracker Debug/Obj/nrf_drv_twi.o
 .text.nrf_twim_errorsrc_get_and_clear
                0x00000000000281e2       0x1c Output/agrilinx_tracker Debug/Obj/nrf_drv_twi.o
 .text.nrf_twim_shorts_set
                0x00000000000281fe       0x14 Output/agrilinx_tracker Debug/Obj/nrf_drv_twi.o
 .text.nrf_twim_txd_amount_get
                0x0000000000028212       0x10 Output/agrilinx_tracker Debug/Obj/nrf_drv_twi.o
 .text.nrf_twim_rxd_amount_get
                0x0000000000028222       0x10 Output/agrilinx_tracker Debug/Obj/nrf_drv_twi.o
 .text.nrf_drv_get_IRQn
                0x0000000000028232       0x16 Output/agrilinx_tracker Debug/Obj/nrf_drv_twi.o
 .text.nrf_gpio_pin_port_decode
                0x0000000000028248       0x28 Output/agrilinx_tracker Debug/Obj/nrf_drv_twi.o
 .text.nrf_gpio_pin_set
                0x0000000000028270       0x28 Output/agrilinx_tracker Debug/Obj/nrf_drv_twi.o
 .text.nrf_gpio_pin_clear
                0x0000000000028298       0x28 Output/agrilinx_tracker Debug/Obj/nrf_drv_twi.o
 .text.nrf_gpio_pin_read
                0x00000000000282c0       0x2a Output/agrilinx_tracker Debug/Obj/nrf_drv_twi.o
 .text.nrf_gpio_port_in_read
                0x00000000000282ea       0x10 Output/agrilinx_tracker Debug/Obj/nrf_drv_twi.o
 .text.nrf_gpio_port_out_set
                0x00000000000282fa       0x14 Output/agrilinx_tracker Debug/Obj/nrf_drv_twi.o
 .text.nrf_gpio_port_out_clear
                0x000000000002830e       0x14 Output/agrilinx_tracker Debug/Obj/nrf_drv_twi.o
 *fill*         0x0000000000028322        0x2 
 .text.nrf_delay_us
                0x0000000000028324       0xa0 Output/agrilinx_tracker Debug/Obj/nrf_drv_twi.o
 .text.twi_clear_bus
                0x00000000000283c4       0xde Output/agrilinx_tracker Debug/Obj/nrf_drv_twi.o
 *fill*         0x00000000000284a2        0x2 
 .text.nrf_drv_twi_init
                0x00000000000284a4      0x118 Output/agrilinx_tracker Debug/Obj/nrf_drv_twi.o
                0x00000000000284a4                nrf_drv_twi_init
 .text.nrf_drv_twi_enable
                0x00000000000285bc       0x54 Output/agrilinx_tracker Debug/Obj/nrf_drv_twi.o
                0x00000000000285bc                nrf_drv_twi_enable
 .text.irq_handler_twim
                0x0000000000028610      0x21c Output/agrilinx_tracker Debug/Obj/nrf_drv_twi.o
 .text.SPIM1_SPIS1_TWIM1_TWIS1_SPI1_TWI1_IRQHandler
                0x000000000002882c       0x14 Output/agrilinx_tracker Debug/Obj/nrf_drv_twi.o
                0x000000000002882c                SPIM1_SPIS1_TWIM1_TWIS1_SPI1_TWI1_IRQHandler
 .text.nrf_spim_event_clear
                0x0000000000028840       0x2a Output/agrilinx_tracker Debug/Obj/nrf_drv_spi.o
 .text.nrf_spim_event_check
                0x000000000002886a       0x24 Output/agrilinx_tracker Debug/Obj/nrf_drv_spi.o
 .text.nrf_spim_int_enable
                0x000000000002888e       0x14 Output/agrilinx_tracker Debug/Obj/nrf_drv_spi.o
 .text.nrf_spim_enable
                0x00000000000288a2       0x12 Output/agrilinx_tracker Debug/Obj/nrf_drv_spi.o
 .text.nrf_spim_pins_set
                0x00000000000288b4       0x28 Output/agrilinx_tracker Debug/Obj/nrf_drv_spi.o
 .text.nrf_spim_frequency_set
                0x00000000000288dc       0x14 Output/agrilinx_tracker Debug/Obj/nrf_drv_spi.o
 .text.nrf_spim_configure
                0x00000000000288f0       0x5e Output/agrilinx_tracker Debug/Obj/nrf_drv_spi.o
 .text.nrf_spim_orc_set
                0x000000000002894e       0x1a Output/agrilinx_tracker Debug/Obj/nrf_drv_spi.o
 .text.nrf_gpio_pin_port_decode
                0x0000000000028968       0x28 Output/agrilinx_tracker Debug/Obj/nrf_drv_spi.o
 .text.nrf_gpio_cfg
                0x0000000000028990       0x60 Output/agrilinx_tracker Debug/Obj/nrf_drv_spi.o
 .text.nrf_gpio_cfg_output
                0x00000000000289f0       0x22 Output/agrilinx_tracker Debug/Obj/nrf_drv_spi.o
 .text.nrf_gpio_cfg_input
                0x0000000000028a12       0x2c Output/agrilinx_tracker Debug/Obj/nrf_drv_spi.o
 .text.nrf_gpio_pin_set
                0x0000000000028a3e       0x28 Output/agrilinx_tracker Debug/Obj/nrf_drv_spi.o
 .text.nrf_gpio_pin_clear
                0x0000000000028a66       0x28 Output/agrilinx_tracker Debug/Obj/nrf_drv_spi.o
 .text.nrf_gpio_port_out_set
                0x0000000000028a8e       0x14 Output/agrilinx_tracker Debug/Obj/nrf_drv_spi.o
 .text.nrf_gpio_port_out_clear
                0x0000000000028aa2       0x14 Output/agrilinx_tracker Debug/Obj/nrf_drv_spi.o
 *fill*         0x0000000000028ab6        0x2 
 .text.nrf_drv_spi_init
                0x0000000000028ab8      0x188 Output/agrilinx_tracker Debug/Obj/nrf_drv_spi.o
                0x0000000000028ab8                nrf_drv_spi_init
 .text.finish_transfer
                0x0000000000028c40       0x3e Output/agrilinx_tracker Debug/Obj/nrf_drv_spi.o
 *fill*         0x0000000000028c7e        0x2 
 .text.irq_handler_spim
                0x0000000000028c80       0x48 Output/agrilinx_tracker Debug/Obj/nrf_drv_spi.o
 .text.SPIM0_SPIS0_TWIM0_TWIS0_SPI0_TWI0_IRQHandler
                0x0000000000028cc8       0x20 Output/agrilinx_tracker Debug/Obj/nrf_drv_spi.o
                0x0000000000028cc8                SPIM0_SPIS0_TWIM0_TWIS0_SPI0_TWI0_IRQHandler
 .text.libc.memmove
                0x0000000000028ce8       0x3a C:/Program Files/SEGGER/SEGGER Embedded Studio for ARM 3.34/lib/libc_v7em_fpv4_sp_d16_hard_t_le_eabi.a(libc2.o)
                0x0000000000028ce8                __aeabi_memmove8
                0x0000000000028ce8                __aeabi_memmove
                0x0000000000028ce8                __aeabi_memmove4
                0x0000000000028ce8                memmove
 *fill*         0x0000000000028d22        0x2 
 .text.libc.memset
                0x0000000000028d24       0x68 C:/Program Files/SEGGER/SEGGER Embedded Studio for ARM 3.34/lib/libc_v7em_fpv4_sp_d16_hard_t_le_eabi.a(libc2_asm.o)
                0x0000000000028d24                memset
                0x0000000000028d8c                __text_end__ = (__text_start__ + SIZEOF (.text))
                0x0000000000005a98                __text_size__ = SIZEOF (.text)
                0x0000000000028d8c                __text_load_end__ = __text_end__

.vfp11_veneer   0x0000000100000000        0x0
 .vfp11_veneer  0x0000000100000000        0x0 linker stubs

.v4_bx          0x0000000100000000        0x0
 .v4_bx         0x0000000100000000        0x0 linker stubs

.iplt           0x0000000100000000        0x0
 .iplt          0x0000000100000000        0x0 Output/agrilinx_tracker Debug/Obj/thumb_crt0.o
                0x0000000000000001                . = ASSERT (((__text_start__ == __text_end__) || ((__text_end__ >= __FLASH_segment_start__) && (__text_end__ <= __FLASH_segment_end__))), error: .text is too large to fit in FLASH memory segment)
                0x0000000000028d8c                __sdh_soc_observers_load_start__ = ALIGN (__text_end__, 0x4)

.sdh_soc_observers
                0x0000000000028d8c        0x8
                0x0000000000028d8c                __sdh_soc_observers_start__ = .
                0x0000000000028d8c                __start_sdh_soc_observers = __sdh_soc_observers_start__
 *(SORT(.sdh_soc_observers*))
 .sdh_soc_observers0
                0x0000000000028d8c        0x8 Output/agrilinx_tracker Debug/Obj/nrf_drv_clock.o
                0x0000000000028d94                __sdh_soc_observers_end__ = (__sdh_soc_observers_start__ + SIZEOF (.sdh_soc_observers))
                0x0000000000000008                __sdh_soc_observers_size__ = SIZEOF (.sdh_soc_observers)
                0x0000000000028d94                __stop_sdh_soc_observers = __sdh_soc_observers_end__
                0x0000000000028d94                __sdh_soc_observers_load_end__ = __sdh_soc_observers_end__
                0x0000000000000001                . = ASSERT (((__sdh_soc_observers_start__ == __sdh_soc_observers_end__) || ((__sdh_soc_observers_end__ >= __FLASH_segment_start__) && (__sdh_soc_observers_end__ <= __FLASH_segment_end__))), error: .sdh_soc_observers is too large to fit in FLASH memory segment)
                0x0000000000028d94                __log_const_data_load_start__ = ALIGN (__sdh_soc_observers_end__, 0x4)

.log_const_data
                0x0000000000028d94        0x0
                0x0000000000028d94                __log_const_data_start__ = .
                0x0000000000028d94                __start_log_const_data = __log_const_data_start__
 *(SORT(.log_const_data*))
                0x0000000000028d94                __log_const_data_end__ = (__log_const_data_start__ + SIZEOF (.log_const_data))
                0x0000000000000000                __log_const_data_size__ = SIZEOF (.log_const_data)
                0x0000000000028d94                __stop_log_const_data = __log_const_data_end__
                0x0000000000028d94                __log_const_data_load_end__ = __log_const_data_end__
                0x0000000000000001                . = ASSERT (((__log_const_data_start__ == __log_const_data_end__) || ((__log_const_data_end__ >= __FLASH_segment_start__) && (__log_const_data_end__ <= __FLASH_segment_end__))), error: .log_const_data is too large to fit in FLASH memory segment)
                0x0000000000028d94                __sdh_req_observers_load_start__ = ALIGN (__log_const_data_end__, 0x4)

.sdh_req_observers
                0x0000000000028d94        0x0
                0x0000000000028d94                __sdh_req_observers_start__ = .
                0x0000000000028d94                __start_sdh_req_observers = __sdh_req_observers_start__
 *(SORT(.sdh_req_observers*))
                0x0000000000028d94                __sdh_req_observers_end__ = (__sdh_req_observers_start__ + SIZEOF (.sdh_req_observers))
                0x0000000000000000                __sdh_req_observers_size__ = SIZEOF (.sdh_req_observers)
                0x0000000000028d94                __stop_sdh_req_observers = __sdh_req_observers_end__
                0x0000000000028d94                __sdh_req_observers_load_end__ = __sdh_req_observers_end__
                0x0000000000000001                . = ASSERT (((__sdh_req_observers_start__ == __sdh_req_observers_end__) || ((__sdh_req_observers_end__ >= __FLASH_segment_start__) && (__sdh_req_observers_end__ <= __FLASH_segment_end__))), error: .sdh_req_observers is too large to fit in FLASH memory segment)
                0x0000000000028d94                __sdh_state_observers_load_start__ = ALIGN (__sdh_req_observers_end__, 0x4)

.sdh_state_observers
                0x0000000000028d94        0x8
                0x0000000000028d94                __sdh_state_observers_start__ = .
                0x0000000000028d94                __start_sdh_state_observers = __sdh_state_observers_start__
 *(SORT(.sdh_state_observers*))
 .sdh_state_observers0
                0x0000000000028d94        0x8 Output/agrilinx_tracker Debug/Obj/nrf_drv_clock.o
                0x0000000000028d9c                __sdh_state_observers_end__ = (__sdh_state_observers_start__ + SIZEOF (.sdh_state_observers))
                0x0000000000000008                __sdh_state_observers_size__ = SIZEOF (.sdh_state_observers)
                0x0000000000028d9c                __stop_sdh_state_observers = __sdh_state_observers_end__
                0x0000000000028d9c                __sdh_state_observers_load_end__ = __sdh_state_observers_end__
                0x0000000000000001                . = ASSERT (((__sdh_state_observers_start__ == __sdh_state_observers_end__) || ((__sdh_state_observers_end__ >= __FLASH_segment_start__) && (__sdh_state_observers_end__ <= __FLASH_segment_end__))), error: .sdh_state_observers is too large to fit in FLASH memory segment)
                0x0000000000028d9c                __sdh_stack_observers_load_start__ = ALIGN (__sdh_state_observers_end__, 0x4)

.sdh_stack_observers
                0x0000000000028d9c        0x8
                0x0000000000028d9c                __sdh_stack_observers_start__ = .
                0x0000000000028d9c                __start_sdh_stack_observers = __sdh_stack_observers_start__
 *(SORT(.sdh_stack_observers*))
 .sdh_stack_observers0
                0x0000000000028d9c        0x8 Output/agrilinx_tracker Debug/Obj/nrf_sdh_soc.o
                0x0000000000028da4                __sdh_stack_observers_end__ = (__sdh_stack_observers_start__ + SIZEOF (.sdh_stack_observers))
                0x0000000000000008                __sdh_stack_observers_size__ = SIZEOF (.sdh_stack_observers)
                0x0000000000028da4                __stop_sdh_stack_observers = __sdh_stack_observers_end__
                0x0000000000028da4                __sdh_stack_observers_load_end__ = __sdh_stack_observers_end__
                0x0000000000000001                . = ASSERT (((__sdh_stack_observers_start__ == __sdh_stack_observers_end__) || ((__sdh_stack_observers_end__ >= __FLASH_segment_start__) && (__sdh_stack_observers_end__ <= __FLASH_segment_end__))), error: .sdh_stack_observers is too large to fit in FLASH memory segment)
                0x0000000000028da4                __nrf_sections_load_start__ = ALIGN (__sdh_stack_observers_end__, 0x4)

.nrf_sections   0x0000000000028da4        0x0
                0x0000000000028da4                __nrf_sections_start__ = .
                0x0000000000028da4                __start_nrf_sections = __nrf_sections_start__
 *(.nrf_sections .nrf_sections.*)
                0x0000000000028da4                __nrf_sections_end__ = (__nrf_sections_start__ + SIZEOF (.nrf_sections))
                0x0000000000000000                __nrf_sections_size__ = SIZEOF (.nrf_sections)
                0x0000000000028da4                __nrf_sections_load_end__ = __nrf_sections_end__
                0x0000000000000001                . = ASSERT (((__nrf_sections_start__ == __nrf_sections_end__) || ((__nrf_sections_end__ >= __FLASH_segment_start__) && (__nrf_sections_end__ <= __FLASH_segment_end__))), error: .nrf_sections is too large to fit in FLASH memory segment)
                0x0000000000028da4                __log_dynamic_data_load_start__ = ALIGN (__nrf_sections_end__, 0x4)

.log_dynamic_data
                0x0000000020005668        0x0 load address 0x0000000000028da4
                0x0000000020005668                __log_dynamic_data_start__ = .
 *(SORT(.log_dynamic_data*))
                0x0000000020005668                __log_dynamic_data_end__ = (__log_dynamic_data_start__ + SIZEOF (.log_dynamic_data))
                0x0000000000000000                __log_dynamic_data_size__ = SIZEOF (.log_dynamic_data)
                0x0000000000028da4                __log_dynamic_data_load_end__ = (__log_dynamic_data_load_start__ + SIZEOF (.log_dynamic_data))
                0x0000000000000001                . = ASSERT (((__log_dynamic_data_load_start__ == __log_dynamic_data_load_end__) || ((__log_dynamic_data_load_end__ >= __FLASH_segment_start__) && (__log_dynamic_data_load_end__ <= __FLASH_segment_end__))), error: .log_dynamic_data is too large to fit in FLASH memory segment)

.log_dynamic_data_run
                0x0000000020005668        0x0
                0x0000000020005668                __log_dynamic_data_run_start__ = .
                0x0000000020005668                __start_log_dynamic_data = __log_dynamic_data_run_start__
                0x0000000020005668                . = MAX ((__log_dynamic_data_run_start__ + SIZEOF (.log_dynamic_data)), .)
                0x0000000020005668                __log_dynamic_data_run_end__ = (__log_dynamic_data_run_start__ + SIZEOF (.log_dynamic_data_run))
                0x0000000000000000                __log_dynamic_data_run_size__ = SIZEOF (.log_dynamic_data_run)
                0x0000000020005668                __stop_log_dynamic_data = __log_dynamic_data_run_end__
                0x0000000020005668                __log_dynamic_data_run_load_end__ = __log_dynamic_data_run_end__
                0x0000000000000001                . = ASSERT (((__log_dynamic_data_run_start__ == __log_dynamic_data_run_end__) || ((__log_dynamic_data_run_end__ >= __RAM_segment_start__) && (__log_dynamic_data_run_end__ <= __RAM_segment_end__))), error: .log_dynamic_data_run is too large to fit in RAM memory segment)
                0x0000000020005668                __nrf_sections_run_end_load_start__ = ALIGN (__log_dynamic_data_run_end__, 0x4)

.nrf_sections_run_end
                0x0000000020005668        0x0
                0x0000000020005668                __nrf_sections_run_end_start__ = .
                0x0000000020005668                __end_nrf_sections_run = __nrf_sections_run_end_start__
 *(.nrf_sections_run_end .nrf_sections_run_end.*)
                0x0000000020005668                __nrf_sections_run_end_end__ = (__nrf_sections_run_end_start__ + SIZEOF (.nrf_sections_run_end))
                0x0000000000000000                __nrf_sections_run_end_size__ = SIZEOF (.nrf_sections_run_end)
                0x0000000020005668                __nrf_sections_run_end_load_end__ = __nrf_sections_run_end_end__
                0x0000000000000001                . = ASSERT (((__nrf_sections_run_end_start__ == __nrf_sections_run_end_end__) || ((__nrf_sections_run_end_end__ >= __RAM_segment_start__) && (__nrf_sections_run_end_end__ <= __RAM_segment_end__))), error: .nrf_sections_run_end is too large to fit in RAM memory segment)
                0x0000000000028da4                __dtors_load_start__ = ALIGN ((__log_dynamic_data_load_start__ + SIZEOF (.log_dynamic_data)), 0x4)

.dtors          0x0000000000028da4        0x0
                0x0000000000028da4                __dtors_start__ = .
 *(SORT(.dtors.*))
 *(.dtors)
 *(.fini_array)
 *(SORT(.fini_array.*))
                0x0000000000028da4                __dtors_end__ = (__dtors_start__ + SIZEOF (.dtors))
                0x0000000000000000                __dtors_size__ = SIZEOF (.dtors)
                0x0000000000028da4                __dtors_load_end__ = __dtors_end__
                0x0000000000000001                . = ASSERT (((__dtors_start__ == __dtors_end__) || ((__dtors_end__ >= __FLASH_segment_start__) && (__dtors_end__ <= __FLASH_segment_end__))), error: .dtors is too large to fit in FLASH memory segment)
                0x0000000000028da4                __ctors_load_start__ = ALIGN (__dtors_end__, 0x4)

.ctors          0x0000000000028da4        0x0
                0x0000000000028da4                __ctors_start__ = .
 *(SORT(.ctors.*))
 *(.ctors)
 *(.init_array)
 *(SORT(.init_array.*))
                0x0000000000028da4                __ctors_end__ = (__ctors_start__ + SIZEOF (.ctors))
                0x0000000000000000                __ctors_size__ = SIZEOF (.ctors)
                0x0000000000028da4                __ctors_load_end__ = __ctors_end__
                0x0000000000000001                . = ASSERT (((__ctors_start__ == __ctors_end__) || ((__ctors_end__ >= __FLASH_segment_start__) && (__ctors_end__ <= __FLASH_segment_end__))), error: .ctors is too large to fit in FLASH memory segment)
                0x0000000000028da4                __rodata_load_start__ = ALIGN (__ctors_end__, 0x4)

.rodata         0x0000000000028da4      0x606
                0x0000000000028da4                __rodata_start__ = .
 *(.rodata .rodata.* .gnu.linkonce.r.*)
 .rodata        0x0000000000028da4       0x9c Output/agrilinx_tracker Debug/Obj/main.o
 .rodata.rtc1   0x0000000000028e40        0x8 Output/agrilinx_tracker Debug/Obj/main.o
                0x0000000000028e40                rtc1
 .rodata.twim1  0x0000000000028e48        0x8 Output/agrilinx_tracker Debug/Obj/main.o
 .rodata.spim0  0x0000000000028e50        0x8 Output/agrilinx_tracker Debug/Obj/main.o
 .rodata        0x0000000000028e58       0x5d Output/agrilinx_tracker Debug/Obj/boards.o
 *fill*         0x0000000000028eb5        0x3 
 .rodata        0x0000000000028eb8       0x3c Output/agrilinx_tracker Debug/Obj/app_util_platform.o
 .rodata        0x0000000000028ef4       0x50 Output/agrilinx_tracker Debug/Obj/nrf_section_iter.o
 .rodata        0x0000000000028f44       0x8c Output/agrilinx_tracker Debug/Obj/nrf_sdh.o
 .rodata.sdh_stack_observers
                0x0000000000028fd0        0xc Output/agrilinx_tracker Debug/Obj/nrf_sdh.o
 .rodata        0x0000000000028fdc       0x89 Output/agrilinx_tracker Debug/Obj/nrf_sdh_soc.o
 *fill*         0x0000000000029065        0x3 
 .rodata.sdh_soc_observers
                0x0000000000029068        0xc Output/agrilinx_tracker Debug/Obj/nrf_sdh_soc.o
 .rodata.rtc1   0x0000000000029074        0x8 Output/agrilinx_tracker Debug/Obj/ll_ifc_transport_mcu.o
 .rodata        0x000000000002907c       0x7c Output/agrilinx_tracker Debug/Obj/ll_ifc_transport_mcu.o
 .rodata        0x00000000000290f8       0x6d Output/agrilinx_tracker Debug/Obj/nrf_drv_uart.o
 *fill*         0x0000000000029165        0x3 
 .rodata        0x0000000000029168       0x3d Output/agrilinx_tracker Debug/Obj/nrf_drv_common.o
 *fill*         0x00000000000291a5        0x3 
 .rodata        0x00000000000291a8       0x3b Output/agrilinx_tracker Debug/Obj/nrf_drv_clock.o
 *fill*         0x00000000000291e3        0x1 
 .rodata        0x00000000000291e4       0x6b Output/agrilinx_tracker Debug/Obj/nrf_drv_rtc.o
 *fill*         0x000000000002924f        0x1 
 .rodata        0x0000000000029250       0x71 Output/agrilinx_tracker Debug/Obj/nrf_drv_gpiote.o
 *fill*         0x00000000000292c1        0x3 
 .rodata        0x00000000000292c4       0x72 Output/agrilinx_tracker Debug/Obj/nrf_drv_twi.o
 *fill*         0x0000000000029336        0x2 
 .rodata        0x0000000000029338       0x72 Output/agrilinx_tracker Debug/Obj/nrf_drv_spi.o
                0x00000000000293aa                __rodata_end__ = (__rodata_start__ + SIZEOF (.rodata))
                0x0000000000000606                __rodata_size__ = SIZEOF (.rodata)
                0x00000000000293aa                __rodata_load_end__ = __rodata_end__

.rel.dyn        0x00000000000293ac        0x0
 .rel.iplt      0x00000000000293ac        0x0 Output/agrilinx_tracker Debug/Obj/thumb_crt0.o
                0x0000000000000001                . = ASSERT (((__rodata_start__ == __rodata_end__) || ((__rodata_end__ >= __FLASH_segment_start__) && (__rodata_end__ <= __FLASH_segment_end__))), error: .rodata is too large to fit in FLASH memory segment)
                0x00000000000293ac                __ARM.exidx_load_start__ = ALIGN (__rodata_end__, 0x4)

.ARM.exidx      0x00000000000293ac        0x0
                0x00000000000293ac                __ARM.exidx_start__ = .
                0x00000000000293ac                __exidx_start = __ARM.exidx_start__
 *(.ARM.exidx .ARM.exidx.*)
                0x00000000000293ac                __ARM.exidx_end__ = (__ARM.exidx_start__ + SIZEOF (.ARM.exidx))
                0x0000000000000000                __ARM.exidx_size__ = SIZEOF (.ARM.exidx)
                0x00000000000293ac                __exidx_end = __ARM.exidx_end__
                0x00000000000293ac                __ARM.exidx_load_end__ = __ARM.exidx_end__
                0x0000000000000001                . = ASSERT (((__ARM.exidx_start__ == __ARM.exidx_end__) || ((__ARM.exidx_end__ >= __FLASH_segment_start__) && (__ARM.exidx_end__ <= __FLASH_segment_end__))), error: .ARM.exidx is too large to fit in FLASH memory segment)
                0x00000000000293ac                __fast_load_start__ = ALIGN (__ARM.exidx_end__, 0x4)

.fast           0x0000000020005668        0x0 load address 0x00000000000293ac
                0x0000000020005668                __fast_start__ = .
 *(.fast .fast.*)
                0x0000000020005668                __fast_end__ = (__fast_start__ + SIZEOF (.fast))
                0x0000000000000000                __fast_size__ = SIZEOF (.fast)
                0x00000000000293ac                __fast_load_end__ = (__fast_load_start__ + SIZEOF (.fast))
                0x0000000000000001                . = ASSERT (((__fast_load_start__ == __fast_load_end__) || ((__fast_load_end__ >= __FLASH_segment_start__) && (__fast_load_end__ <= __FLASH_segment_end__))), error: .fast is too large to fit in FLASH memory segment)

.fast_run       0x0000000020005668        0x0
                0x0000000020005668                __fast_run_start__ = .
                0x0000000020005668                . = MAX ((__fast_run_start__ + SIZEOF (.fast)), .)
                0x0000000020005668                __fast_run_end__ = (__fast_run_start__ + SIZEOF (.fast_run))
                0x0000000000000000                __fast_run_size__ = SIZEOF (.fast_run)
                0x0000000020005668                __fast_run_load_end__ = __fast_run_end__
                0x0000000000000001                . = ASSERT (((__fast_run_start__ == __fast_run_end__) || ((__fast_run_end__ >= __RAM_segment_start__) && (__fast_run_end__ <= __RAM_segment_end__))), error: .fast_run is too large to fit in RAM memory segment)
                0x00000000000293ac                __data_load_start__ = ALIGN ((__fast_load_start__ + SIZEOF (.fast)), 0x4)

.data           0x0000000020005668       0x1c load address 0x00000000000293ac
                0x0000000020005668                __data_start__ = .
 *(.data .data.* .gnu.linkonce.d.*)
 .data.SystemCoreClock
                0x0000000020005668        0x4 Output/agrilinx_tracker Debug/Obj/system_nrf52.o
                0x0000000020005668                SystemCoreClock
 .data.netToken.11074
                0x000000002000566c        0x4 Output/agrilinx_tracker Debug/Obj/main.o
 .data.appToken.11075
                0x0000000020005670        0xa Output/agrilinx_tracker Debug/Obj/main.o
 *fill*         0x000000002000567a        0x2 
 .data.uart_driver_instance
                0x000000002000567c        0x8 Output/agrilinx_tracker Debug/Obj/ll_ifc_transport_mcu.o
                0x000000002000567c                uart_driver_instance
                0x0000000020005684                __data_end__ = (__data_start__ + SIZEOF (.data))
                0x000000000000001c                __data_size__ = SIZEOF (.data)
                0x00000000000293c8                __data_load_end__ = (__data_load_start__ + SIZEOF (.data))

.igot.plt       0x0000000100000000        0x0
 .igot.plt      0x0000000100000000        0x0 Output/agrilinx_tracker Debug/Obj/thumb_crt0.o
                0x0000000000000001                . = ASSERT (((__data_load_start__ == __data_load_end__) || ((__data_load_end__ >= __FLASH_segment_start__) && (__data_load_end__ <= __FLASH_segment_end__))), error: .data is too large to fit in FLASH memory segment)

.data_run       0x0000000020005668       0x1c load address 0x00000000000293ac
                0x0000000020005668                __data_run_start__ = .
                0x0000000020005684                . = MAX ((__data_run_start__ + SIZEOF (.data)), .)
 *fill*         0x0000000020005668       0x1c 
                0x0000000020005684                __data_run_end__ = (__data_run_start__ + SIZEOF (.data_run))
                0x000000000000001c                __data_run_size__ = SIZEOF (.data_run)
                0x0000000020005684                __data_run_load_end__ = __data_run_end__
                0x0000000000000001                . = ASSERT (((__data_run_start__ == __data_run_end__) || ((__data_run_end__ >= __RAM_segment_start__) && (__data_run_end__ <= __RAM_segment_end__))), error: .data_run is too large to fit in RAM memory segment)
                0x00000000000293c8                __tdata_load_start__ = ALIGN ((__data_load_start__ + SIZEOF (.data)), 0x4)

.tdata          0x0000000020005684        0x0 load address 0x00000000000293c8
                0x0000000020005684                __tdata_start__ = .
 *(.tdata .tdata.*)
                0x0000000020005684                __tdata_end__ = (__tdata_start__ + SIZEOF (.tdata))
                0x0000000000000000                __tdata_size__ = SIZEOF (.tdata)
                0x00000000000293c8                __tdata_load_end__ = (__tdata_load_start__ + SIZEOF (.tdata))
                0x00000000000293c8                __FLASH_segment_used_end__ = (ALIGN ((__data_load_start__ + SIZEOF (.data)), 0x4) + SIZEOF (.tdata))
                0x00000000000293c8                __FLASH_segment_used_size__ = (__FLASH_segment_used_end__ - __FLASH_segment_start__)
                0x0000000000000001                . = ASSERT (((__tdata_load_start__ == __tdata_load_end__) || ((__tdata_load_end__ >= __FLASH_segment_start__) && (__tdata_load_end__ <= __FLASH_segment_end__))), error: .tdata is too large to fit in FLASH memory segment)

.tdata_run      0x0000000020005684        0x0
                0x0000000020005684                __tdata_run_start__ = .
                0x0000000020005684                . = MAX ((__tdata_run_start__ + SIZEOF (.tdata)), .)
                0x0000000020005684                __tdata_run_end__ = (__tdata_run_start__ + SIZEOF (.tdata_run))
                0x0000000000000000                __tdata_run_size__ = SIZEOF (.tdata_run)
                0x0000000020005684                __tdata_run_load_end__ = __tdata_run_end__
                0x0000000000000001                . = ASSERT (((__tdata_run_start__ == __tdata_run_end__) || ((__tdata_run_end__ >= __RAM_segment_start__) && (__tdata_run_end__ <= __RAM_segment_end__))), error: .tdata_run is too large to fit in RAM memory segment)
                0x0000000020005684                __bss_load_start__ = ALIGN (__tdata_run_end__, 0x4)

.bss            0x0000000020005684      0x250
                0x0000000020005684                __bss_start__ = .
 *(.bss .bss.* .gnu.linkonce.b.*)
 .bss.slCommState
                0x0000000020005684        0x1 Output/agrilinx_tracker Debug/Obj/main.o
                0x0000000020005684                slCommState
 .bss.slCommNextState
                0x0000000020005685        0x1 Output/agrilinx_tracker Debug/Obj/main.o
                0x0000000020005685                slCommNextState
 .bss.rtcExpired
                0x0000000020005686        0x1 Output/agrilinx_tracker Debug/Obj/main.o
                0x0000000020005686                rtcExpired
 *fill*         0x0000000020005687        0x1 
 .bss.slBuffer  0x0000000020005688       0x64 Output/agrilinx_tracker Debug/Obj/main.o
                0x0000000020005688                slBuffer
 .bss.rxIrq     0x00000000200056ec        0x1 Output/agrilinx_tracker Debug/Obj/main.o
                0x00000000200056ec                rxIrq
 .bss.rxDataLen
                0x00000000200056ed        0x1 Output/agrilinx_tracker Debug/Obj/main.o
                0x00000000200056ed                rxDataLen
 .bss.slTxComp  0x00000000200056ee        0x1 Output/agrilinx_tracker Debug/Obj/main.o
                0x00000000200056ee                slTxComp
 .bss.slRxComp  0x00000000200056ef        0x1 Output/agrilinx_tracker Debug/Obj/main.o
                0x00000000200056ef                slRxComp
 .bss.rxErrCnt.11077
                0x00000000200056f0        0x1 Output/agrilinx_tracker Debug/Obj/main.o
 .bss.txErrCnt.11076
                0x00000000200056f1        0x1 Output/agrilinx_tracker Debug/Obj/main.o
 *fill*         0x00000000200056f2        0x2 
 .bss.m_error_data.7211
                0x00000000200056f4       0x20 Output/agrilinx_tracker Debug/Obj/app_error.o
 .bss.nrf_nvic_state
                0x0000000020005714        0xc Output/agrilinx_tracker Debug/Obj/app_util_platform.o
                0x0000000020005714                nrf_nvic_state
 .bss.m_nrf_sdh_enabled
                0x0000000020005720        0x1 Output/agrilinx_tracker Debug/Obj/nrf_sdh.o
 *fill*         0x0000000020005721        0x3 
 .bss.message_num
                0x0000000020005724        0x4 Output/agrilinx_tracker Debug/Obj/ll_ifc.o
 .bss.txBusy    0x0000000020005728        0x1 Output/agrilinx_tracker Debug/Obj/ll_ifc_transport_mcu.o
                0x0000000020005728                txBusy
 .bss.rxDone    0x0000000020005729        0x1 Output/agrilinx_tracker Debug/Obj/ll_ifc_transport_mcu.o
                0x0000000020005729                rxDone
 *fill*         0x000000002000572a        0x2 
 .bss.rxActualBuff
                0x000000002000572c       0xc8 Output/agrilinx_tracker Debug/Obj/ll_ifc_transport_mcu.o
                0x000000002000572c                rxActualBuff
 .bss.rxBuffIndex
                0x00000000200057f4        0x1 Output/agrilinx_tracker Debug/Obj/ll_ifc_transport_mcu.o
                0x00000000200057f4                rxBuffIndex
 .bss.rxBuffLen
                0x00000000200057f5        0x1 Output/agrilinx_tracker Debug/Obj/ll_ifc_transport_mcu.o
                0x00000000200057f5                rxBuffLen
 .bss.ppiRTCChan
                0x00000000200057f6        0x1 Output/agrilinx_tracker Debug/Obj/ll_ifc_transport_mcu.o
 *fill*         0x00000000200057f7        0x1 
 .bss.m_cb      0x00000000200057f8       0x20 Output/agrilinx_tracker Debug/Obj/nrf_drv_uart.o
 .bss.m_clock_cb
                0x0000000020005818       0x14 Output/agrilinx_tracker Debug/Obj/nrf_drv_clock.o
 .bss.m_handlers
                0x000000002000582c        0x4 Output/agrilinx_tracker Debug/Obj/nrf_drv_rtc.o
 .bss.m_cb      0x0000000020005830        0x3 Output/agrilinx_tracker Debug/Obj/nrf_drv_rtc.o
 *fill*         0x0000000020005833        0x1 
 .bss.m_cb      0x0000000020005834       0x4c Output/agrilinx_tracker Debug/Obj/nrf_drv_gpiote.o
 .bss.m_drv_state
                0x0000000020005880        0x1 Output/agrilinx_tracker Debug/Obj/nrf_drv_ppi.o
 *fill*         0x0000000020005881        0x3 
 .bss.m_channels_allocated
                0x0000000020005884        0x4 Output/agrilinx_tracker Debug/Obj/nrf_drv_ppi.o
 .bss.m_cb      0x0000000020005888       0x28 Output/agrilinx_tracker Debug/Obj/nrf_drv_twi.o
 .bss.m_cb      0x00000000200058b0       0x24 Output/agrilinx_tracker Debug/Obj/nrf_drv_spi.o
 *(COMMON)
                0x00000000200058d4                __bss_end__ = (__bss_start__ + SIZEOF (.bss))
                0x0000000000000250                __bss_size__ = SIZEOF (.bss)
                0x00000000200058d4                __bss_load_end__ = __bss_end__
                0x0000000000000001                . = ASSERT (((__bss_start__ == __bss_end__) || ((__bss_end__ >= __RAM_segment_start__) && (__bss_end__ <= __RAM_segment_end__))), error: .bss is too large to fit in RAM memory segment)
                0x00000000200058d4                __tbss_load_start__ = ALIGN (__bss_end__, 0x4)

.tbss           0x00000000200058d4        0x0
                0x00000000200058d4                __tbss_start__ = .
 *(.tbss .tbss.*)
                0x00000000200058d4                __tbss_end__ = (__tbss_start__ + SIZEOF (.tbss))
                0x0000000000000000                __tbss_size__ = SIZEOF (.tbss)
                0x00000000200058d4                __tbss_load_end__ = __tbss_end__
                0x0000000000000001                . = ASSERT (((__tbss_start__ == __tbss_end__) || ((__tbss_end__ >= __RAM_segment_start__) && (__tbss_end__ <= __RAM_segment_end__))), error: .tbss is too large to fit in RAM memory segment)
                0x00000000200058d4                __non_init_load_start__ = ALIGN (__tbss_end__, 0x4)

.non_init       0x00000000200058d4        0x0
                0x00000000200058d4                __non_init_start__ = .
 *(.non_init .non_init.*)
                0x00000000200058d4                __non_init_end__ = (__non_init_start__ + SIZEOF (.non_init))
                0x0000000000000000                __non_init_size__ = SIZEOF (.non_init)
                0x00000000200058d4                __non_init_load_end__ = __non_init_end__
                0x0000000000000001                . = ASSERT (((__non_init_start__ == __non_init_end__) || ((__non_init_end__ >= __RAM_segment_start__) && (__non_init_end__ <= __RAM_segment_end__))), error: .non_init is too large to fit in RAM memory segment)
                0x00000000200058d4                __heap_load_start__ = ALIGN (__non_init_end__, 0x4)

.heap           0x00000000200058d4      0x200
                0x00000000200058d4                __heap_start__ = .
 *(.heap .heap.*)
                0x0000000020005ad4                . = ALIGN (MAX ((__heap_start__ + __HEAPSIZE__), .), 0x4)
 *fill*         0x00000000200058d4      0x200 
                0x0000000020005ad4                __heap_end__ = (__heap_start__ + SIZEOF (.heap))
                0x0000000000000200                __heap_size__ = SIZEOF (.heap)
                0x0000000020005ad4                __heap_load_end__ = __heap_end__
                0x0000000000000001                . = ASSERT (((__heap_start__ == __heap_end__) || ((__heap_end__ >= __RAM_segment_start__) && (__heap_end__ <= __RAM_segment_end__))), error: .heap is too large to fit in RAM memory segment)
                0x000000002000f800                __stack_load_start__ = (__RAM_segment_end__ - 0x800)

.stack          0x000000002000f800      0x800
                0x000000002000f800                __stack_start__ = .
                0x000000002000f800                __StackLimit = __stack_start__
 *(.stack .stack.*)
                0x0000000020010000                . = ALIGN (MAX ((__stack_start__ + __STACKSIZE__), .), 0x8)
 *fill*         0x000000002000f800      0x800 
                0x0000000020010000                __stack_end__ = (__stack_start__ + SIZEOF (.stack))
                0x0000000000000800                __stack_size__ = SIZEOF (.stack)
                0x0000000020010000                __StackTop = __stack_end__
                0x0000000020010000                __stack_load_end__ = __stack_end__
                0x0000000000000001                . = ASSERT (((__stack_start__ == __stack_end__) || ((__stack_end__ >= __RAM_segment_start__) && (__stack_end__ <= __RAM_segment_end__))), error: .stack is too large to fit in RAM memory segment)
                0x0000000000000001                . = ASSERT ((__heap_end__ <= __stack_start__), error: section .heap overlaps absolute placed section .stack)
                0x0000000020010000                __stack_process_load_start__ = ALIGN (__stack_end__, 0x8)

.stack_process  0x0000000020010000        0x0
                0x0000000020010000                __stack_process_start__ = .
 *(.stack_process .stack_process.*)
                0x0000000020010000                . = ALIGN (MAX ((__stack_process_start__ + __STACKSIZE_PROCESS__), .), 0x8)
                0x0000000020010000                __stack_process_end__ = (__stack_process_start__ + SIZEOF (.stack_process))
                0x0000000000000000                __stack_process_size__ = SIZEOF (.stack_process)
                0x0000000020010000                __stack_process_load_end__ = __stack_process_end__
                0x0000000020010000                __RAM_segment_used_end__ = (ALIGN (__stack_end__, 0x8) + SIZEOF (.stack_process))
                0x0000000000010000                __RAM_segment_used_size__ = (__RAM_segment_used_end__ - __RAM_segment_start__)
                0x0000000000000001                . = ASSERT (((__stack_process_start__ == __stack_process_end__) || ((__stack_process_end__ >= __RAM_segment_start__) && (__stack_process_end__ <= __RAM_segment_end__))), error: .stack_process is too large to fit in RAM memory segment)
START GROUP
LOAD Output/agrilinx_tracker Debug/Obj/thumb_crt0.o
LOAD Output/agrilinx_tracker Debug/Obj/ses_nRF_Startup.o
LOAD Output/agrilinx_tracker Debug/Obj/ses_nrf52_Vectors.o
LOAD Output/agrilinx_tracker Debug/Obj/system_nrf52.o
LOAD Output/agrilinx_tracker Debug/Obj/main.o
LOAD Output/agrilinx_tracker Debug/Obj/boards.o
LOAD Output/agrilinx_tracker Debug/Obj/app_error.o
LOAD Output/agrilinx_tracker Debug/Obj/app_error_weak.o
LOAD Output/agrilinx_tracker Debug/Obj/app_util_platform.o
LOAD Output/agrilinx_tracker Debug/Obj/nrf_assert.o
LOAD Output/agrilinx_tracker Debug/Obj/nrf_section_iter.o
LOAD Output/agrilinx_tracker Debug/Obj/nrf_strerror.o
LOAD Output/agrilinx_tracker Debug/Obj/app_fifo.o
LOAD Output/agrilinx_tracker Debug/Obj/app_uart_fifo.o
LOAD Output/agrilinx_tracker Debug/Obj/retarget.o
LOAD Output/agrilinx_tracker Debug/Obj/nrf_sdh.o
LOAD Output/agrilinx_tracker Debug/Obj/nrf_sdh_soc.o
LOAD Output/agrilinx_tracker Debug/Obj/ifc_struct_defs.o
LOAD Output/agrilinx_tracker Debug/Obj/ll_ifc.o
LOAD Output/agrilinx_tracker Debug/Obj/ll_ifc_no_mac.o
LOAD Output/agrilinx_tracker Debug/Obj/ll_ifc_symphony.o
LOAD Output/agrilinx_tracker Debug/Obj/ll_ifc_transport_mcu.o
LOAD Output/agrilinx_tracker Debug/Obj/nrf_drv_uart.o
LOAD Output/agrilinx_tracker Debug/Obj/nrf_drv_common.o
LOAD Output/agrilinx_tracker Debug/Obj/nrf_drv_clock.o
LOAD Output/agrilinx_tracker Debug/Obj/nrf_drv_rtc.o
LOAD Output/agrilinx_tracker Debug/Obj/nrf_drv_gpiote.o
LOAD Output/agrilinx_tracker Debug/Obj/nrf_drv_ppi.o
LOAD Output/agrilinx_tracker Debug/Obj/nrf_drv_twi.o
LOAD Output/agrilinx_tracker Debug/Obj/nrf_drv_spi.o
LOAD Output/agrilinx_tracker Debug/Obj/lc709203f.o
LOAD Output/agrilinx_tracker Debug/Obj/lis3dshtr.o
LOAD Output/agrilinx_tracker Debug/Obj/mcp7940m.o
LOAD Output/agrilinx_tracker Debug/Obj/ubloxm8.o
LOAD Output/agrilinx_tracker Debug/Obj/w25q32.o
LOAD Output/agrilinx_tracker Debug/Obj/testsuite.o
LOAD C:/Program Files/SEGGER/SEGGER Embedded Studio for ARM 3.34/lib/libdebugio_mempoll_v7em_fpv4_sp_d16_hard_t_le_eabi.a
LOAD C:/Program Files/SEGGER/SEGGER Embedded Studio for ARM 3.34/lib/libm_v7em_fpv4_sp_d16_hard_t_le_eabi.a
LOAD C:/Program Files/SEGGER/SEGGER Embedded Studio for ARM 3.34/lib/libc_v7em_fpv4_sp_d16_hard_t_le_eabi.a
LOAD C:/Program Files/SEGGER/SEGGER Embedded Studio for ARM 3.34/lib/libcpp_v7em_fpv4_sp_d16_hard_t_le_eabi.a
LOAD C:/Program Files/SEGGER/SEGGER Embedded Studio for ARM 3.34/lib/libdebugio_v7em_fpv4_sp_d16_hard_t_le_eabi.a
LOAD C:/Program Files/SEGGER/SEGGER Embedded Studio for ARM 3.34/lib/libvfprintf_v7em_fpv4_sp_d16_hard_t_le_eabi.o
LOAD C:/Program Files/SEGGER/SEGGER Embedded Studio for ARM 3.34/lib/libvfscanf_v7em_fpv4_sp_d16_hard_t_le_eabi.o
END GROUP
OUTPUT(Output/Debug/Exe/agrilinx_tracker.elf elf32-littlearm)

.ARM.attributes
                0x0000000000000000       0x35
 .ARM.attributes
                0x0000000000000000       0x25 Output/agrilinx_tracker Debug/Obj/thumb_crt0.o
 .ARM.attributes
                0x0000000000000025       0x25 Output/agrilinx_tracker Debug/Obj/ses_nRF_Startup.o
 .ARM.attributes
                0x000000000000004a       0x25 Output/agrilinx_tracker Debug/Obj/ses_nrf52_Vectors.o
 .ARM.attributes
                0x000000000000006f       0x39 Output/agrilinx_tracker Debug/Obj/system_nrf52.o
 .ARM.attributes
                0x00000000000000a8       0x39 Output/agrilinx_tracker Debug/Obj/main.o
 .ARM.attributes
                0x00000000000000e1       0x39 Output/agrilinx_tracker Debug/Obj/boards.o
 .ARM.attributes
                0x000000000000011a       0x39 Output/agrilinx_tracker Debug/Obj/app_error.o
 .ARM.attributes
                0x0000000000000153       0x39 Output/agrilinx_tracker Debug/Obj/app_error_weak.o
 .ARM.attributes
                0x000000000000018c       0x39 Output/agrilinx_tracker Debug/Obj/app_util_platform.o
 .ARM.attributes
                0x00000000000001c5       0x39 Output/agrilinx_tracker Debug/Obj/nrf_assert.o
 .ARM.attributes
                0x00000000000001fe       0x39 Output/agrilinx_tracker Debug/Obj/nrf_section_iter.o
 .ARM.attributes
                0x0000000000000237       0x39 Output/agrilinx_tracker Debug/Obj/nrf_sdh.o
 .ARM.attributes
                0x0000000000000270       0x39 Output/agrilinx_tracker Debug/Obj/nrf_sdh_soc.o
 .ARM.attributes
                0x00000000000002a9       0x39 Output/agrilinx_tracker Debug/Obj/ifc_struct_defs.o
 .ARM.attributes
                0x00000000000002e2       0x39 Output/agrilinx_tracker Debug/Obj/ll_ifc.o
 .ARM.attributes
                0x000000000000031b       0x39 Output/agrilinx_tracker Debug/Obj/ll_ifc_symphony.o
 .ARM.attributes
                0x0000000000000354       0x39 Output/agrilinx_tracker Debug/Obj/ll_ifc_transport_mcu.o
 .ARM.attributes
                0x000000000000038d       0x39 Output/agrilinx_tracker Debug/Obj/nrf_drv_uart.o
 .ARM.attributes
                0x00000000000003c6       0x39 Output/agrilinx_tracker Debug/Obj/nrf_drv_common.o
 .ARM.attributes
                0x00000000000003ff       0x39 Output/agrilinx_tracker Debug/Obj/nrf_drv_clock.o
 .ARM.attributes
                0x0000000000000438       0x39 Output/agrilinx_tracker Debug/Obj/nrf_drv_rtc.o
 .ARM.attributes
                0x0000000000000471       0x39 Output/agrilinx_tracker Debug/Obj/nrf_drv_gpiote.o
 .ARM.attributes
                0x00000000000004aa       0x39 Output/agrilinx_tracker Debug/Obj/nrf_drv_ppi.o
 .ARM.attributes
                0x00000000000004e3       0x39 Output/agrilinx_tracker Debug/Obj/nrf_drv_twi.o
 .ARM.attributes
                0x000000000000051c       0x39 Output/agrilinx_tracker Debug/Obj/nrf_drv_spi.o
 .ARM.attributes
                0x0000000000000555       0x34 C:/Program Files/SEGGER/SEGGER Embedded Studio for ARM 3.34/lib/libc_v7em_fpv4_sp_d16_hard_t_le_eabi.a(libc2.o)
 .ARM.attributes
                0x0000000000000589       0x20 C:/Program Files/SEGGER/SEGGER Embedded Studio for ARM 3.34/lib/libc_v7em_fpv4_sp_d16_hard_t_le_eabi.a(libc2_asm.o)

.comment        0x0000000000000000       0x4c
 .comment       0x0000000000000000       0x4c Output/agrilinx_tracker Debug/Obj/system_nrf52.o
                                         0x4d (size before relaxing)
 .comment       0x000000000000004c       0x4d Output/agrilinx_tracker Debug/Obj/main.o
 .comment       0x000000000000004c       0x4d Output/agrilinx_tracker Debug/Obj/boards.o
 .comment       0x000000000000004c       0x4d Output/agrilinx_tracker Debug/Obj/app_error.o
 .comment       0x000000000000004c       0x4d Output/agrilinx_tracker Debug/Obj/app_error_weak.o
 .comment       0x000000000000004c       0x4d Output/agrilinx_tracker Debug/Obj/app_util_platform.o
 .comment       0x000000000000004c       0x4d Output/agrilinx_tracker Debug/Obj/nrf_assert.o
 .comment       0x000000000000004c       0x4d Output/agrilinx_tracker Debug/Obj/nrf_section_iter.o
 .comment       0x000000000000004c       0x4d Output/agrilinx_tracker Debug/Obj/nrf_sdh.o
 .comment       0x000000000000004c       0x4d Output/agrilinx_tracker Debug/Obj/nrf_sdh_soc.o
 .comment       0x000000000000004c       0x4d Output/agrilinx_tracker Debug/Obj/ifc_struct_defs.o
 .comment       0x000000000000004c       0x4d Output/agrilinx_tracker Debug/Obj/ll_ifc.o
 .comment       0x000000000000004c       0x4d Output/agrilinx_tracker Debug/Obj/ll_ifc_symphony.o
 .comment       0x000000000000004c       0x4d Output/agrilinx_tracker Debug/Obj/ll_ifc_transport_mcu.o
 .comment       0x000000000000004c       0x4d Output/agrilinx_tracker Debug/Obj/nrf_drv_uart.o
 .comment       0x000000000000004c       0x4d Output/agrilinx_tracker Debug/Obj/nrf_drv_common.o
 .comment       0x000000000000004c       0x4d Output/agrilinx_tracker Debug/Obj/nrf_drv_clock.o
 .comment       0x000000000000004c       0x4d Output/agrilinx_tracker Debug/Obj/nrf_drv_rtc.o
 .comment       0x000000000000004c       0x4d Output/agrilinx_tracker Debug/Obj/nrf_drv_gpiote.o