Archive member included to satisfy reference by file (symbol)

C:/Program Files/SEGGER/SEGGER Embedded Studio for ARM 3.34/lib/libm_v7em_fpv4_sp_d16_hard_t_le_eabi.a(libm_asm.o)
                              Output/agrilinx_tracker Debug/Obj/lis3dshtr.o (__aeabi_f2d)
C:/Program Files/SEGGER/SEGGER Embedded Studio for ARM 3.34/lib/libm_v7em_fpv4_sp_d16_hard_t_le_eabi.a(libm2.o)
                              Output/agrilinx_tracker Debug/Obj/lis3dshtr.o (atan2)
C:/Program Files/SEGGER/SEGGER Embedded Studio for ARM 3.34/lib/libm_v7em_fpv4_sp_d16_hard_t_le_eabi.a(libm2_asm.o)
                              C:/Program Files/SEGGER/SEGGER Embedded Studio for ARM 3.34/lib/libm_v7em_fpv4_sp_d16_hard_t_le_eabi.a(libm2.o) (fabs)
C:/Program Files/SEGGER/SEGGER Embedded Studio for ARM 3.34/lib/libc_v7em_fpv4_sp_d16_hard_t_le_eabi.a(libc2.o)
                              C:/Program Files/SEGGER/SEGGER Embedded Studio for ARM 3.34/lib/libm_v7em_fpv4_sp_d16_hard_t_le_eabi.a(libm2.o) (__aeabi_errno_addr)
C:/Program Files/SEGGER/SEGGER Embedded Studio for ARM 3.34/lib/libc_v7em_fpv4_sp_d16_hard_t_le_eabi.a(libc2_asm.o)
                              Output/agrilinx_tracker Debug/Obj/main.o (memcpy)
C:/Program Files/SEGGER/SEGGER Embedded Studio for ARM 3.34/lib/libc_v7em_fpv4_sp_d16_hard_t_le_eabi.a(libc_asm.o)
                              C:/Program Files/SEGGER/SEGGER Embedded Studio for ARM 3.34/lib/libc_v7em_fpv4_sp_d16_hard_t_le_eabi.a(libc2.o) (__aeabi_uldivmod)
C:/Program Files/SEGGER/SEGGER Embedded Studio for ARM 3.34/lib/libdebugio_v7em_fpv4_sp_d16_hard_t_le_eabi.a(libdebugio.o)
                              Output/agrilinx_tracker Debug/Obj/thumb_crt0.o (debug_fopen)
C:/Program Files/SEGGER/SEGGER Embedded Studio for ARM 3.34/lib/libdebugio_mempoll_v7em_fpv4_sp_d16_hard_t_le_eabi.a(mempoll_debug_operations.o)
                              C:/Program Files/SEGGER/SEGGER Embedded Studio for ARM 3.34/lib/libdebugio_v7em_fpv4_sp_d16_hard_t_le_eabi.a(libdebugio.o) (__do_debug_operation)
C:/Program Files/SEGGER/SEGGER Embedded Studio for ARM 3.34/lib/libdebugio_mempoll_v7em_fpv4_sp_d16_hard_t_le_eabi.a(do_nv_debug_operation.o)
                              C:/Program Files/SEGGER/SEGGER Embedded Studio for ARM 3.34/lib/libdebugio_v7em_fpv4_sp_d16_hard_t_le_eabi.a(libdebugio.o) (__do_nvdebug_operation)

Discarded input sections

 .text          0x0000000000000000        0x0 Output/agrilinx_tracker Debug/Obj/thumb_crt0.o
 .data          0x0000000000000000        0x0 Output/agrilinx_tracker Debug/Obj/thumb_crt0.o
 .bss           0x0000000000000000        0x0 Output/agrilinx_tracker Debug/Obj/thumb_crt0.o
 .text.__heap_lock
                0x0000000000000000        0x2 Output/agrilinx_tracker Debug/Obj/thumb_crt0.o
 .text.__heap_unlock
                0x0000000000000000        0x2 Output/agrilinx_tracker Debug/Obj/thumb_crt0.o
 .text.__printf_lock
                0x0000000000000000        0x2 Output/agrilinx_tracker Debug/Obj/thumb_crt0.o
 .text.__printf_unlock
                0x0000000000000000        0x2 Output/agrilinx_tracker Debug/Obj/thumb_crt0.o
 .text.__scanf_lock
                0x0000000000000000        0x2 Output/agrilinx_tracker Debug/Obj/thumb_crt0.o
 .text.__scanf_unlock
                0x0000000000000000        0x2 Output/agrilinx_tracker Debug/Obj/thumb_crt0.o
 .text.__debug_io_lock
                0x0000000000000000        0x2 Output/agrilinx_tracker Debug/Obj/thumb_crt0.o
 .text.__debug_io_unlock
                0x0000000000000000        0x2 Output/agrilinx_tracker Debug/Obj/thumb_crt0.o
 .text.abort    0x0000000000000000        0x2 Output/agrilinx_tracker Debug/Obj/thumb_crt0.o
 .text.__assert
                0x0000000000000000        0x2 Output/agrilinx_tracker Debug/Obj/thumb_crt0.o
 .text.__aeabi_assert
                0x0000000000000000        0x2 Output/agrilinx_tracker Debug/Obj/thumb_crt0.o
 .text.__cxa_pure_virtual
                0x0000000000000000        0x2 Output/agrilinx_tracker Debug/Obj/thumb_crt0.o
 .text.__cxa_guard_acquire
                0x0000000000000000       0x10 Output/agrilinx_tracker Debug/Obj/thumb_crt0.o
 .text.__cxa_guard_release
                0x0000000000000000        0x6 Output/agrilinx_tracker Debug/Obj/thumb_crt0.o
 .text.__cxa_guard_abort
                0x0000000000000000        0x2 Output/agrilinx_tracker Debug/Obj/thumb_crt0.o
 .text.__sync_synchronize
                0x0000000000000000        0x2 Output/agrilinx_tracker Debug/Obj/thumb_crt0.o
 .text.__getchar
                0x0000000000000000        0x4 Output/agrilinx_tracker Debug/Obj/thumb_crt0.o
 .text.__putchar
                0x0000000000000000        0x4 Output/agrilinx_tracker Debug/Obj/thumb_crt0.o
 .text.__open   0x0000000000000000        0x4 Output/agrilinx_tracker Debug/Obj/thumb_crt0.o
 .text.__close  0x0000000000000000        0x4 Output/agrilinx_tracker Debug/Obj/thumb_crt0.o
 .text.__write  0x0000000000000000        0xa Output/agrilinx_tracker Debug/Obj/thumb_crt0.o
[...]
Memory Configuration

Name             Origin             Length             Attributes
UNPLACED_SECTIONS 0x0000000100000000 0x0000000000000000 xw
RAM              0x0000000020000000 0x0000000000010000 xw
FLASH            0x0000000000000000 0x0000000000080000 xw
*default*        0x0000000000000000 0xffffffffffffffff

Linker script and memory map

                0x0000000000000000                __vfprintf = __vfprintf_long
                0x0000000000000000                __vfscanf = __vfscanf_int
                0x0000000020000000                __RAM_segment_start__ = 0x20000000
                0x0000000020010000                __RAM_segment_end__ = 0x20010000
                0x0000000000010000                __RAM_segment_size__ = 0x10000
                0x0000000000000000                __FLASH_segment_start__ = 0x0
                0x0000000000080000                __FLASH_segment_end__ = 0x80000
                0x0000000000080000                __FLASH_segment_size__ = 0x80000
                0x0000000000000200                __HEAPSIZE__ = 0x200
                0x0000000000000000                __STACKSIZE_ABT__ = 0x0
                0x0000000000000000                __STACKSIZE_FIQ__ = 0x0
                0x0000000000000000                __STACKSIZE_IRQ__ = 0x0
                0x0000000000000000                __STACKSIZE_PROCESS__ = 0x0
                0x0000000000000000                __STACKSIZE_SVC__ = 0x0
                0x0000000000000000                __STACKSIZE_UND__ = 0x0
                0x0000000000000800                __STACKSIZE__ = 0x800
                0x0000000020000000                __reserved_ram_load_start__ = 0x20000000

.reserved_ram   0x0000000020000000     0x5668
                0x0000000020000000                __reserved_ram_start__ = .
 *(.reserved_ram .reserved_ram.*)
                0x0000000020005668                . = MAX (((__reserved_ram_start__ + 0x20005668) - 0x20000000), .)
 *fill*         0x0000000020000000     0x5668 
                0x0000000020005668                __reserved_ram_end__ = (__reserved_ram_start__ + SIZEOF (.reserved_ram))
                0x0000000000005668                __reserved_ram_size__ = SIZEOF (.reserved_ram)
                0x0000000020005668                __reserved_ram_load_end__ = __reserved_ram_end__
                0x0000000000000001                . = ASSERT (((__reserved_ram_start__ == __reserved_ram_end__) || ((__reserved_ram_end__ >= __RAM_segment_start__) && (__reserved_ram_end__ <= __RAM_segment_end__))), error: .reserved_ram is too large to fit in RAM memory segment)
                0x0000000020005668                __vectors_ram_load_start__ = 0x20005668

.vectors_ram    0x0000000020005668        0x0
                0x0000000020005668                __vectors_ram_start__ = .
                0x0000000020005668                __app_ram_start__ = __vectors_ram_start__
 *(.vectors_ram .vectors_ram.*)
                0x0000000020005668                __vectors_ram_end__ = (__vectors_ram_start__ + SIZEOF (.vectors_ram))
                0x0000000000000000                __vectors_ram_size__ = SIZEOF (.vectors_ram)
                0x0000000020005668                __vectors_ram_load_end__ = __vectors_ram_end__
                0x0000000000000001                . = ASSERT (((__vectors_ram_start__ == __vectors_ram_end__) || ((__vectors_ram_end__ >= __RAM_segment_start__) && (__vectors_ram_end__ <= __RAM_segment_end__))), error: .vectors_ram is too large to fit in RAM memory segment)
                0x0000000000000001                . = ASSERT ((__reserved_ram_end__ <= __vectors_ram_start__), error: section .reserved_ram overlaps absolute placed section .vectors_ram)
                0x0000000020005668                __nrf_sections_run_load_start__ = ALIGN (__vectors_ram_end__, 0x4)

.nrf_sections_run
                0x0000000020005668        0x0
                0x0000000020005668                __nrf_sections_run_start__ = .
                0x0000000020005668                __start_nrf_sections_run = __nrf_sections_run_start__
 *(.nrf_sections_run .nrf_sections_run.*)
                0x0000000020005668                __nrf_sections_run_end__ = (__nrf_sections_run_start__ + SIZEOF (.nrf_sections_run))
                0x0000000000000000                __nrf_sections_run_size__ = SIZEOF (.nrf_sections_run)
                0x0000000020005668                __nrf_sections_run_load_end__ = __nrf_sections_run_end__
                0x0000000000000001                . = ASSERT (((__nrf_sections_run_start__ == __nrf_sections_run_end__) || ((__nrf_sections_run_end__ >= __RAM_segment_start__) && (__nrf_sections_run_end__ <= __RAM_segment_end__))), error: .nrf_sections_run is too large to fit in RAM memory segment)
                0x0000000000000000                __reserved_flash_load_start__ = 0x0

.reserved_flash
                0x0000000000000000    0x23000
                0x0000000000000000                __reserved_flash_start__ = .
 *(.reserved_flash .reserved_flash.*)
                0x0000000000023000                . = MAX (((__reserved_flash_start__ + 0x23000) - 0x0), .)
 *fill*         0x0000000000000000    0x23000 
                0x0000000000023000                __reserved_flash_end__ = (__reserved_flash_start__ + SIZEOF (.reserved_flash))
                0x0000000000023000                __reserved_flash_size__ = SIZEOF (.reserved_flash)
                0x0000000000023000                __reserved_flash_load_end__ = __reserved_flash_end__
                0x0000000000000001                . = ASSERT (((__reserved_flash_start__ == __reserved_flash_end__) || ((__reserved_flash_end__ >= __FLASH_segment_start__) && (__reserved_flash_end__ <= __FLASH_segment_end__))), error: .reserved_flash is too large to fit in FLASH memory segment)
                0x0000000000023000                __vectors_load_start__ = 0x23000

.vectors        0x0000000000023000       0xdc
                0x0000000000023000                __vectors_start__ = .
 *(.vectors .vectors.*)
 .vectors       0x0000000000023000       0xdc Output/agrilinx_tracker Debug/Obj/ses_nrf52_Vectors.o
                0x0000000000023000                _vectors
                0x00000000000230dc                __vectors_end__ = (__vectors_start__ + SIZEOF (.vectors))
                0x00000000000000dc                __vectors_size__ = SIZEOF (.vectors)
                0x00000000000230dc                __vectors_load_end__ = __vectors_end__
                0x0000000000000001                . = ASSERT (((__vectors_start__ == __vectors_end__) || ((__vectors_end__ >= __FLASH_segment_start__) && (__vectors_end__ <= __FLASH_segment_end__))), error: .vectors is too large to fit in FLASH memory segment)
                0x0000000000000001                . = ASSERT ((__reserved_flash_end__ <= __vectors_start__), error: section .reserved_flash overlaps absolute placed section .vectors)
                0x00000000000230dc                __init_load_start__ = ALIGN (__vectors_end__, 0x4)

.init           0x00000000000230dc      0x218
                0x00000000000230dc                __init_start__ = .
 *(.init .init.*)
 .init          0x00000000000230dc      0x160 Output/agrilinx_tracker Debug/Obj/thumb_crt0.o
                0x00000000000230dc                _start
                0x0000000000023192                exit
 .init          0x000000000002323c       0x58 Output/agrilinx_tracker Debug/Obj/ses_nRF_Startup.o
                0x000000000002323c                Reset_Handler
                0x0000000000023260                InitializeUserMemorySections
 .init          0x0000000000023294       0x60 Output/agrilinx_tracker Debug/Obj/ses_nrf52_Vectors.o
                0x0000000000023294                NMI_Handler
                0x0000000000023296                HardFault_Handler
                0x0000000000023298                MemoryManagement_Handler
                0x000000000002329a                BusFault_Handler
                0x000000000002329c                UsageFault_Handler
                0x000000000002329e                SVC_Handler
                0x00000000000232a0                DebugMon_Handler
                0x00000000000232a2                PendSV_Handler
                0x00000000000232a4                SysTick_Handler
                0x00000000000232aa                RADIO_IRQHandler
                0x00000000000232b2                NFCT_IRQHandler
                0x00000000000232b6                SAADC_IRQHandler
                0x00000000000232b8                TIMER0_IRQHandler
                0x00000000000232ba                TIMER1_IRQHandler
                0x00000000000232bc                TIMER2_IRQHandler
                0x00000000000232be                RTC0_IRQHandler
                0x00000000000232c0                TEMP_IRQHandler
                0x00000000000232c2                RNG_IRQHandler
                0x00000000000232c4                ECB_IRQHandler
                0x00000000000232c6                CCM_AAR_IRQHandler
                0x00000000000232c8                WDT_IRQHandler
                0x00000000000232cc                QDEC_IRQHandler
                0x00000000000232ce                COMP_LPCOMP_IRQHandler
                0x00000000000232d0                SWI0_EGU0_IRQHandler
                0x00000000000232d2                SWI1_EGU1_IRQHandler
                0x00000000000232d6                SWI3_EGU3_IRQHandler
                0x00000000000232d8                SWI4_EGU4_IRQHandler
                0x00000000000232da                SWI5_EGU5_IRQHandler
                0x00000000000232dc                TIMER3_IRQHandler
                0x00000000000232de                TIMER4_IRQHandler
                0x00000000000232e0                PWM0_IRQHandler
                0x00000000000232e2                PDM_IRQHandler
                0x00000000000232e4                MWU_IRQHandler
                0x00000000000232e6                PWM1_IRQHandler
                0x00000000000232e8                PWM2_IRQHandler
                0x00000000000232ea                SPIM2_SPIS2_SPI2_IRQHandler
                0x00000000000232ee                I2S_IRQHandler
                0x00000000000232f0                FPU_IRQHandler
                0x00000000000232f4                __init_end__ = (__init_start__ + SIZEOF (.init))
                0x0000000000000218                __init_size__ = SIZEOF (.init)
                0x00000000000232f4                __init_load_end__ = __init_end__
                0x0000000000000001                . = ASSERT (((__init_start__ == __init_end__) || ((__init_end__ >= __FLASH_segment_start__) && (__init_end__ <= __FLASH_segment_end__))), error: .init is too large to fit in FLASH memory segment)
                0x00000000000232f4                __init_rodata_load_start__ = ALIGN (__init_end__, 0x4)

.init_rodata    0x00000000000232f4        0x0
                0x00000000000232f4                __init_rodata_start__ = .
 *(.init_rodata .init_rodata.*)
                0x00000000000232f4                __init_rodata_end__ = (__init_rodata_start__ + SIZEOF (.init_rodata))
                0x0000000000000000                __init_rodata_size__ = SIZEOF (.init_rodata)
                0x00000000000232f4                __init_rodata_load_end__ = __init_rodata_end__
                0x0000000000000001                . = ASSERT (((__init_rodata_start__ == __init_rodata_end__) || ((__init_rodata_end__ >= __FLASH_segment_start__) && (__init_rodata_end__ <= __FLASH_segment_end__))), error: .init_rodata is too large to fit in FLASH memory segment)
                0x00000000000232f4                __text_load_start__ = ALIGN (__init_rodata_end__, 0x4)

.text           0x00000000000232f4     0x8660
                0x00000000000232f4                __text_start__ = .
 *(.text .text.* .glue_7t .glue_7 .gnu.linkonce.t.* .gcc_except_table .ARM.extab* .gnu.linkonce.armextab.*)
 .glue_7        0x00000000000232f4        0x0 linker stubs
 .glue_7t       0x00000000000232f4        0x0 linker stubs
 .text.__aeabi_read_tp
                0x00000000000232f4        0x8 Output/agrilinx_tracker Debug/Obj/thumb_crt0.o
                0x00000000000232f4                __aeabi_read_tp
 .text.NVIC_SystemReset
                0x00000000000232fc       0x24 Output/agrilinx_tracker Debug/Obj/system_nrf52.o
 .text.SystemCoreClockUpdate
                0x0000000000023320       0x14 Output/agrilinx_tracker Debug/Obj/system_nrf52.o
                0x0000000000023320                SystemCoreClockUpdate
 .text.SystemInit
                0x0000000000023334      0x2bc Output/agrilinx_tracker Debug/Obj/system_nrf52.o
                0x0000000000023334                SystemInit
 .text.errata_12
                0x00000000000235f0       0x58 Output/agrilinx_tracker Debug/Obj/system_nrf52.o
 .text.errata_16
                0x0000000000023648       0x38 Output/agrilinx_tracker Debug/Obj/system_nrf52.o
 .text.errata_31
                0x0000000000023680       0x58 Output/agrilinx_tracker Debug/Obj/system_nrf52.o
 .text.errata_32
                0x00000000000236d8       0x38 Output/agrilinx_tracker Debug/Obj/system_nrf52.o
 .text.errata_36
                0x0000000000023710       0x58 Output/agrilinx_tracker Debug/Obj/system_nrf52.o
 .text.errata_37
                0x0000000000023768       0x38 Output/agrilinx_tracker Debug/Obj/system_nrf52.o
 .text.errata_57
                0x00000000000237a0       0x38 Output/agrilinx_tracker Debug/Obj/system_nrf52.o
 .text.errata_66
                0x00000000000237d8       0x38 Output/agrilinx_tracker Debug/Obj/system_nrf52.o
 .text.errata_108
                0x0000000000023810       0x58 Output/agrilinx_tracker Debug/Obj/system_nrf52.o
 .text.errata_136
                0x0000000000023868       0x58 Output/agrilinx_tracker Debug/Obj/system_nrf52.o
 .text.nrf_delay_us
                0x00000000000238c0       0xa0 Output/agrilinx_tracker Debug/Obj/main.o
 .text.nrf_delay_ms
                0x0000000000023960       0x1e Output/agrilinx_tracker Debug/Obj/main.o
 .text.nrf_rtc_task_trigger
                0x000000000002397e       0x1e Output/agrilinx_tracker Debug/Obj/main.o
 .text.nrf_gpio_pin_port_decode
                0x000000000002399c       0x28 Output/agrilinx_tracker Debug/Obj/main.o
 .text.nrf_gpio_cfg
                0x00000000000239c4       0x60 Output/agrilinx_tracker Debug/Obj/main.o
 .text.nrf_gpio_cfg_output
                0x0000000000023a24       0x22 Output/agrilinx_tracker Debug/Obj/main.o
 .text.nrf_gpio_cfg_input
                0x0000000000023a46       0x2c Output/agrilinx_tracker Debug/Obj/main.o
 .text.nrf_gpio_pin_set
                0x0000000000023a72       0x28 Output/agrilinx_tracker Debug/Obj/main.o
 .text.nrf_gpio_pin_clear
                0x0000000000023a9a       0x28 Output/agrilinx_tracker Debug/Obj/main.o
 .text.nrf_gpio_pin_read
                0x0000000000023ac2       0x2a Output/agrilinx_tracker Debug/Obj/main.o
 .text.nrf_gpio_port_in_read
                0x0000000000023aec       0x10 Output/agrilinx_tracker Debug/Obj/main.o
 .text.nrf_gpio_port_out_set
                0x0000000000023afc       0x14 Output/agrilinx_tracker Debug/Obj/main.o
 .text.nrf_gpio_port_out_clear
                0x0000000000023b10       0x14 Output/agrilinx_tracker Debug/Obj/main.o
 .text.main     0x0000000000023b24      0x730 Output/agrilinx_tracker Debug/Obj/main.o
                0x0000000000023b24                main
 .text.rtc1_handler
                0x0000000000024254       0x4c Output/agrilinx_tracker Debug/Obj/main.o
 .text.rtc2_handler
                0x00000000000242a0       0x3c Output/agrilinx_tracker Debug/Obj/main.o
 .text.SWIrqHandler
                0x00000000000242dc       0x10 Output/agrilinx_tracker Debug/Obj/main.o
 .text.InitPeripherals
                0x00000000000242ec       0x96 Output/agrilinx_tracker Debug/Obj/main.o
                0x00000000000242ec                InitPeripherals
 *fill*         0x0000000000024382        0x2 
 .text.LfclkConfig
                0x0000000000024384       0x34 Output/agrilinx_tracker Debug/Obj/main.o
                0x0000000000024384                LfclkConfig
 .text.RTCInit  0x00000000000243b8       0xd8 Output/agrilinx_tracker Debug/Obj/main.o
                0x00000000000243b8                RTCInit
 .text.SWIrqInit
                0x0000000000024490       0x4c Output/agrilinx_tracker Debug/Obj/main.o
                0x0000000000024490                SWIrqInit
 .text.ChgIndIrqInit
                0x00000000000244dc       0x78 Output/agrilinx_tracker Debug/Obj/main.o
                0x00000000000244dc                ChgIndIrqInit
 .text.TWIM1Init
                0x0000000000024554       0x54 Output/agrilinx_tracker Debug/Obj/main.o
                0x0000000000024554                TWIM1Init
 .text.SPIM0Init
                0x00000000000245a8       0x68 Output/agrilinx_tracker Debug/Obj/main.o
                0x00000000000245a8                SPIM0Init
 .text.SlProcessComm
                0x0000000000024610      0x350 Output/agrilinx_tracker Debug/Obj/main.o
                0x0000000000024610                SlProcessComm
 .text.CalcChkSum
                0x0000000000024960       0x52 Output/agrilinx_tracker Debug/Obj/main.o
                0x0000000000024960                CalcChkSum
 *fill*         0x00000000000249b2        0x2 
 .text.CheckSwPress
                0x00000000000249b4       0xa0 Output/agrilinx_tracker Debug/Obj/main.o
                0x00000000000249b4                CheckSwPress
 .text.EnterLowPower
                0x0000000000024a54        0xa Output/agrilinx_tracker Debug/Obj/main.o
                0x0000000000024a54                EnterLowPower
 *fill*         0x0000000000024a5e        0x2 
 .text.ParseLoraRxPkt
                0x0000000000024a60      0x450 Output/agrilinx_tracker Debug/Obj/main.o
                0x0000000000024a60                ParseLoraRxPkt
 .text.AutoSyncRTC
                0x0000000000024eb0       0x78 Output/agrilinx_tracker Debug/Obj/main.o
                0x0000000000024eb0                AutoSyncRTC
 .text.NVMAddRec
                0x0000000000024f28       0x64 Output/agrilinx_tracker Debug/Obj/main.o
                0x0000000000024f28                NVMAddRec
 .text.DispChgState
                0x0000000000024f8c       0x46 Output/agrilinx_tracker Debug/Obj/main.o
                0x0000000000024f8c                DispChgState
 .text.app_error_handler
                0x0000000000024fd2       0x30 Output/agrilinx_tracker Debug/Obj/app_error.o
                0x0000000000024fd2                app_error_handler
 *fill*         0x0000000000025002        0x2 
 .text.app_error_save_and_stop
                0x0000000000025004       0x98 Output/agrilinx_tracker Debug/Obj/app_error.o
                0x0000000000025004                app_error_save_and_stop
 .text.app_error_fault_handler
                0x000000000002509c       0x6c Output/agrilinx_tracker Debug/Obj/app_error_weak.o
                0x000000000002509c                app_error_fault_handler
 .text.__sd_nvic_irq_disable
                0x0000000000025108       0x16 Output/agrilinx_tracker Debug/Obj/app_util_platform.o
 .text.__sd_nvic_irq_enable
                0x000000000002511e        0x6 Output/agrilinx_tracker Debug/Obj/app_util_platform.o
 .text.sd_nvic_critical_region_enter
                0x0000000000025124       0x74 Output/agrilinx_tracker Debug/Obj/app_util_platform.o
 .text.sd_nvic_critical_region_exit
                0x0000000000025198       0x54 Output/agrilinx_tracker Debug/Obj/app_util_platform.o
 .text.app_util_critical_region_enter
                0x00000000000251ec       0x2c Output/agrilinx_tracker Debug/Obj/app_util_platform.o
                0x00000000000251ec                app_util_critical_region_enter
 .text.app_util_critical_region_exit
                0x0000000000025218       0x34 Output/agrilinx_tracker Debug/Obj/app_util_platform.o
                0x0000000000025218                app_util_critical_region_exit
 .text.privilege_level_get
                0x000000000002524c       0x3a Output/agrilinx_tracker Debug/Obj/app_util_platform.o
                0x000000000002524c                privilege_level_get
 .text.assert_nrf_callback
                0x0000000000025286       0x2e Output/agrilinx_tracker Debug/Obj/nrf_assert.o
                0x0000000000025286                assert_nrf_callback
 .text.nrf_section_iter_init
                0x00000000000252b4       0x54 Output/agrilinx_tracker Debug/Obj/nrf_section_iter.o
                0x00000000000252b4                nrf_section_iter_init
 .text.nrf_section_iter_next
                0x0000000000025308       0x64 Output/agrilinx_tracker Debug/Obj/nrf_section_iter.o
                0x0000000000025308                nrf_section_iter_next
 .text.nrf_section_iter_get
                0x000000000002536c       0x24 Output/agrilinx_tracker Debug/Obj/nrf_sdh.o
 .text.nrf_sdh_is_enabled
                0x0000000000025390        0xc Output/agrilinx_tracker Debug/Obj/nrf_sdh.o
                0x0000000000025390                nrf_sdh_is_enabled
 .text.nrf_sdh_evts_poll
                0x000000000002539c       0x4c Output/agrilinx_tracker Debug/Obj/nrf_sdh.o
                0x000000000002539c                nrf_sdh_evts_poll
 .text.SWI2_EGU2_IRQHandler
                0x00000000000253e8        0xa Output/agrilinx_tracker Debug/Obj/nrf_sdh.o
                0x00000000000253e8                SWI2_EGU2_IRQHandler
 *fill*         0x00000000000253f2        0x2 
 .text.nrf_section_iter_get
                0x00000000000253f4       0x24 Output/agrilinx_tracker Debug/Obj/nrf_sdh_soc.o
 .text.sd_evt_get
                0x0000000000025418        0x8 Output/agrilinx_tracker Debug/Obj/nrf_sdh_soc.o
 .text.nrf_sdh_soc_evts_poll
                0x0000000000025420       0x78 Output/agrilinx_tracker Debug/Obj/nrf_sdh_soc.o
 .text.read_uint8
                0x0000000000025498       0x16 Output/agrilinx_tracker Debug/Obj/ifc_struct_defs.o
                0x0000000000025498                read_uint8
 .text.read_uint16
                0x00000000000254ae       0x28 Output/agrilinx_tracker Debug/Obj/ifc_struct_defs.o
                0x00000000000254ae                read_uint16
 .text.read_uint32
                0x00000000000254d6       0x20 Output/agrilinx_tracker Debug/Obj/ifc_struct_defs.o
                0x00000000000254d6                read_uint32
 .text.read_uint64
                0x00000000000254f6       0x3a Output/agrilinx_tracker Debug/Obj/ifc_struct_defs.o
                0x00000000000254f6                read_uint64
 .text.ll_net_info_deserialize
                0x0000000000025530       0xac Output/agrilinx_tracker Debug/Obj/ifc_struct_defs.o
                0x0000000000025530                ll_net_info_deserialize
 .text.hal_read_write
                0x00000000000255dc       0x9c Output/agrilinx_tracker Debug/Obj/ll_ifc.o
                0x00000000000255dc                hal_read_write
 .text.ll_mac_mode_set
                0x0000000000025678       0x3c Output/agrilinx_tracker Debug/Obj/ll_ifc.o
                0x0000000000025678                ll_mac_mode_set
 .text.ll_antenna_set
                0x00000000000256b4       0x3c Output/agrilinx_tracker Debug/Obj/ll_ifc.o
                0x00000000000256b4                ll_antenna_set
 .text.ll_irq_flags
                0x00000000000256f0       0x90 Output/agrilinx_tracker Debug/Obj/ll_ifc.o
                0x00000000000256f0                ll_irq_flags
 .text.send_packet
                0x0000000000025780      0x120 Output/agrilinx_tracker Debug/Obj/ll_ifc.o
 .text.recv_packet
                0x00000000000258a0      0x18e Output/agrilinx_tracker Debug/Obj/ll_ifc.o
 .text.compute_checksum
                0x0000000000025a2e      0x150 Output/agrilinx_tracker Debug/Obj/ll_ifc.o
 .text.ll_net_token_set
                0x0000000000025b7e       0x54 Output/agrilinx_tracker Debug/Obj/ll_ifc_symphony.o
 .text.ll_app_token_set
                0x0000000000025bd2       0x40 Output/agrilinx_tracker Debug/Obj/ll_ifc_symphony.o
 .text.ll_receive_mode_set
                0x0000000000025c12       0x34 Output/agrilinx_tracker Debug/Obj/ll_ifc_symphony.o
 .text.ll_qos_request
                0x0000000000025c46       0x34 Output/agrilinx_tracker Debug/Obj/ll_ifc_symphony.o
 .text.ll_config_set
                0x0000000000025c7a       0x74 Output/agrilinx_tracker Debug/Obj/ll_ifc_symphony.o
                0x0000000000025c7a                ll_config_set
 .text.ll_get_state
                0x0000000000025cee       0xa6 Output/agrilinx_tracker Debug/Obj/ll_ifc_symphony.o
                0x0000000000025cee                ll_get_state
 .text.ll_app_reg_get
                0x0000000000025d94       0x2c Output/agrilinx_tracker Debug/Obj/ll_ifc_symphony.o
                0x0000000000025d94                ll_app_reg_get
 .text.ll_net_info_get
                0x0000000000025dc0       0x3a Output/agrilinx_tracker Debug/Obj/ll_ifc_symphony.o
                0x0000000000025dc0                ll_net_info_get
 .text.ll_retrieve_message
                0x0000000000025dfa       0xa8 Output/agrilinx_tracker Debug/Obj/ll_ifc_symphony.o
                0x0000000000025dfa                ll_retrieve_message
 .text.ll_message_send_ack
                0x0000000000025ea2       0x3c Output/agrilinx_tracker Debug/Obj/ll_ifc_symphony.o
                0x0000000000025ea2                ll_message_send_ack
 .text.nrf_rtc_task_address_get
                0x0000000000025ede       0x18 Output/agrilinx_tracker Debug/Obj/ll_ifc_transport_mcu.o
 .text.nrf_rtc_task_trigger
                0x0000000000025ef6       0x1e Output/agrilinx_tracker Debug/Obj/ll_ifc_transport_mcu.o
 .text.nrf_drv_rtc_task_address_get
                0x0000000000025f14       0x26 Output/agrilinx_tracker Debug/Obj/ll_ifc_transport_mcu.o
 *fill*         0x0000000000025f3a        0x2 
 .text.ppi_init
                0x0000000000025f3c       0xf4 Output/agrilinx_tracker Debug/Obj/ll_ifc_transport_mcu.o
                0x0000000000025f3c                ppi_init
 .text.ll_uart_init
                0x0000000000026030       0x44 Output/agrilinx_tracker Debug/Obj/ll_ifc_transport_mcu.o
                0x0000000000026030                ll_uart_init
 .text.uart_event_handler
                0x0000000000026074       0x34 Output/agrilinx_tracker Debug/Obj/ll_ifc_transport_mcu.o
                0x0000000000026074                uart_event_handler
 .text.transport_write
                0x00000000000260a8       0x40 Output/agrilinx_tracker Debug/Obj/ll_ifc_transport_mcu.o
                0x00000000000260a8                transport_write
 .text.transport_read_actual
                0x00000000000260e8       0x88 Output/agrilinx_tracker Debug/Obj/ll_ifc_transport_mcu.o
                0x00000000000260e8                transport_read_actual
 .text.transport_read
                0x0000000000026170       0x80 Output/agrilinx_tracker Debug/Obj/ll_ifc_transport_mcu.o
                0x0000000000026170                transport_read
 .text.nrf_uart_event_clear
                0x00000000000261f0       0x2a Output/agrilinx_tracker Debug/Obj/nrf_drv_uart.o
 .text.nrf_uart_event_check
                0x000000000002621a       0x24 Output/agrilinx_tracker Debug/Obj/nrf_drv_uart.o
 .text.nrf_uart_int_enable
                0x000000000002623e       0x14 Output/agrilinx_tracker Debug/Obj/nrf_drv_uart.o
 .text.nrf_uart_int_enable_check
                0x0000000000026252       0x20 Output/agrilinx_tracker Debug/Obj/nrf_drv_uart.o
 .text.nrf_uart_int_disable
                0x0000000000026272       0x14 Output/agrilinx_tracker Debug/Obj/nrf_drv_uart.o
 .text.nrf_uart_errorsrc_get_and_clear
                0x0000000000026286       0x1c Output/agrilinx_tracker Debug/Obj/nrf_drv_uart.o
 .text.nrf_uart_enable
                0x00000000000262a2       0x12 Output/agrilinx_tracker Debug/Obj/nrf_drv_uart.o
 .text.nrf_uart_txrx_pins_set
                0x00000000000262b4       0x1e Output/agrilinx_tracker Debug/Obj/nrf_drv_uart.o
 .text.nrf_uart_hwfc_pins_set
                0x00000000000262d2       0x1e Output/agrilinx_tracker Debug/Obj/nrf_drv_uart.o
 .text.nrf_uart_rxd_get
                0x00000000000262f0       0x12 Output/agrilinx_tracker Debug/Obj/nrf_drv_uart.o
 .text.nrf_uart_txd_set
                0x0000000000026302       0x1a Output/agrilinx_tracker Debug/Obj/nrf_drv_uart.o
 .text.nrf_uart_task_trigger
                0x000000000002631c       0x1c Output/agrilinx_tracker Debug/Obj/nrf_drv_uart.o
 .text.nrf_uart_configure
                0x0000000000026338       0x2a Output/agrilinx_tracker Debug/Obj/nrf_drv_uart.o
 .text.nrf_uart_baudrate_set
                0x0000000000026362       0x14 Output/agrilinx_tracker Debug/Obj/nrf_drv_uart.o
 .text.nrf_uarte_event_clear
                0x0000000000026376       0x2a Output/agrilinx_tracker Debug/Obj/nrf_drv_uart.o
 .text.nrf_uarte_event_check
                0x00000000000263a0       0x24 Output/agrilinx_tracker Debug/Obj/nrf_drv_uart.o
 .text.nrf_uarte_shorts_enable
                0x00000000000263c4       0x1c Output/agrilinx_tracker Debug/Obj/nrf_drv_uart.o
 .text.nrf_uarte_shorts_disable
                0x00000000000263e0       0x1e Output/agrilinx_tracker Debug/Obj/nrf_drv_uart.o
 .text.nrf_uarte_int_enable
                0x00000000000263fe       0x14 Output/agrilinx_tracker Debug/Obj/nrf_drv_uart.o
 .text.nrf_uarte_int_disable
                0x0000000000026412       0x14 Output/agrilinx_tracker Debug/Obj/nrf_drv_uart.o
 .text.nrf_uarte_errorsrc_get_and_clear
                0x0000000000026426       0x1c Output/agrilinx_tracker Debug/Obj/nrf_drv_uart.o
 .text.nrf_uarte_enable
                0x0000000000026442       0x12 Output/agrilinx_tracker Debug/Obj/nrf_drv_uart.o
 .text.nrf_uarte_txrx_pins_set
                0x0000000000026454       0x1e Output/agrilinx_tracker Debug/Obj/nrf_drv_uart.o
 .text.nrf_uarte_hwfc_pins_set
                0x0000000000026472       0x1e Output/agrilinx_tracker Debug/Obj/nrf_drv_uart.o
 .text.nrf_uarte_task_trigger
                0x0000000000026490       0x1c Output/agrilinx_tracker Debug/Obj/nrf_drv_uart.o
 .text.nrf_uarte_configure
                0x00000000000264ac       0x2a Output/agrilinx_tracker Debug/Obj/nrf_drv_uart.o
 .text.nrf_uarte_baudrate_set
                0x00000000000264d6       0x14 Output/agrilinx_tracker Debug/Obj/nrf_drv_uart.o
 .text.nrf_uarte_tx_buffer_set
                0x00000000000264ea       0x24 Output/agrilinx_tracker Debug/Obj/nrf_drv_uart.o
 .text.nrf_uarte_tx_amount_get
                0x000000000002650e       0x10 Output/agrilinx_tracker Debug/Obj/nrf_drv_uart.o
 .text.nrf_uarte_rx_buffer_set
                0x000000000002651e       0x24 Output/agrilinx_tracker Debug/Obj/nrf_drv_uart.o
 .text.nrf_uarte_rx_amount_get
                0x0000000000026542       0x10 Output/agrilinx_tracker Debug/Obj/nrf_drv_uart.o
 .text.nrf_drv_get_IRQn
                0x0000000000026552       0x16 Output/agrilinx_tracker Debug/Obj/nrf_drv_uart.o
 .text.nrf_drv_is_in_RAM
                0x0000000000026568       0x1c Output/agrilinx_tracker Debug/Obj/nrf_drv_uart.o
 .text.nrf_gpio_pin_port_decode
                0x0000000000026584       0x28 Output/agrilinx_tracker Debug/Obj/nrf_drv_uart.o
 .text.nrf_gpio_cfg
                0x00000000000265ac       0x60 Output/agrilinx_tracker Debug/Obj/nrf_drv_uart.o
 .text.nrf_gpio_cfg_output
                0x000000000002660c       0x22 Output/agrilinx_tracker Debug/Obj/nrf_drv_uart.o
 .text.nrf_gpio_cfg_input
                0x000000000002662e       0x2c Output/agrilinx_tracker Debug/Obj/nrf_drv_uart.o
 .text.nrf_gpio_pin_set
                0x000000000002665a       0x28 Output/agrilinx_tracker Debug/Obj/nrf_drv_uart.o
 .text.nrf_gpio_port_out_set
                0x0000000000026682       0x14 Output/agrilinx_tracker Debug/Obj/nrf_drv_uart.o
 *fill*         0x0000000000026696        0x2 
 .text.apply_config
                0x0000000000026698      0x160 Output/agrilinx_tracker Debug/Obj/nrf_drv_uart.o
 .text.interrupts_enable
                0x00000000000267f8       0xd4 Output/agrilinx_tracker Debug/Obj/nrf_drv_uart.o
 .text.uart_enable
                0x00000000000268cc       0x3c Output/agrilinx_tracker Debug/Obj/nrf_drv_uart.o
 .text.nrf_drv_uart_init
                0x0000000000026908       0xa4 Output/agrilinx_tracker Debug/Obj/nrf_drv_uart.o
                0x0000000000026908                nrf_drv_uart_init
 .text.tx_byte  0x00000000000269ac       0x46 Output/agrilinx_tracker Debug/Obj/nrf_drv_uart.o
 *fill*         0x00000000000269f2        0x2 
 .text.nrf_drv_uart_tx_for_uart
                0x00000000000269f4       0xe4 Output/agrilinx_tracker Debug/Obj/nrf_drv_uart.o
 .text.nrf_drv_uart_tx_for_uarte
                0x0000000000026ad8       0xbc Output/agrilinx_tracker Debug/Obj/nrf_drv_uart.o
 .text.nrf_drv_uart_tx
                0x0000000000026b94       0xd8 Output/agrilinx_tracker Debug/Obj/nrf_drv_uart.o
                0x0000000000026b94                nrf_drv_uart_tx
 .text.nrf_drv_uart_tx_in_progress
                0x0000000000026c6c       0x28 Output/agrilinx_tracker Debug/Obj/nrf_drv_uart.o
                0x0000000000026c6c                nrf_drv_uart_tx_in_progress
 .text.rx_enable
                0x0000000000026c94       0x36 Output/agrilinx_tracker Debug/Obj/nrf_drv_uart.o
 .text.rx_byte  0x0000000000026cca       0x54 Output/agrilinx_tracker Debug/Obj/nrf_drv_uart.o
 *fill*         0x0000000000026d1e        0x2 
 .text.nrf_drv_uart_rx_for_uart
                0x0000000000026d20      0x158 Output/agrilinx_tracker Debug/Obj/nrf_drv_uart.o
 .text.nrf_drv_uart_rx_for_uarte
                0x0000000000026e78      0x130 Output/agrilinx_tracker Debug/Obj/nrf_drv_uart.o
 .text.nrf_drv_uart_rx
                0x0000000000026fa8      0x188 Output/agrilinx_tracker Debug/Obj/nrf_drv_uart.o
                0x0000000000026fa8                nrf_drv_uart_rx
 .text.rx_done_event
                0x0000000000027130       0x36 Output/agrilinx_tracker Debug/Obj/nrf_drv_uart.o
 .text.tx_done_event
                0x0000000000027166       0x3c Output/agrilinx_tracker Debug/Obj/nrf_drv_uart.o
 *fill*         0x00000000000271a2        0x2 
 .text.nrf_drv_uart_rx_abort
                0x00000000000271a4       0x4c Output/agrilinx_tracker Debug/Obj/nrf_drv_uart.o
                0x00000000000271a4                nrf_drv_uart_rx_abort
 .text.uart_irq_handler
                0x00000000000271f0      0x1d4 Output/agrilinx_tracker Debug/Obj/nrf_drv_uart.o
 .text.uarte_irq_handler
                0x00000000000273c4      0x160 Output/agrilinx_tracker Debug/Obj/nrf_drv_uart.o
 .text.UARTE0_UART0_IRQHandler
                0x0000000000027524       0x28 Output/agrilinx_tracker Debug/Obj/nrf_drv_uart.o
                0x0000000000027524                UARTE0_UART0_IRQHandler
 .text.NVIC_EnableIRQ
                0x000000000002754c       0x2c Output/agrilinx_tracker Debug/Obj/nrf_drv_common.o
 .text.NVIC_ClearPendingIRQ
                0x0000000000027578       0x30 Output/agrilinx_tracker Debug/Obj/nrf_drv_common.o
 .text.NVIC_SetPriority
                0x00000000000275a8       0x50 Output/agrilinx_tracker Debug/Obj/nrf_drv_common.o
 .text.nrf_drv_common_irq_enable
                0x00000000000275f8       0x6c Output/agrilinx_tracker Debug/Obj/nrf_drv_common.o
                0x00000000000275f8                nrf_drv_common_irq_enable
 .text.NVIC_DisableIRQ
                0x0000000000027664       0x30 Output/agrilinx_tracker Debug/Obj/nrf_drv_clock.o
 .text.nrf_clock_int_enable
                0x0000000000027694       0x14 Output/agrilinx_tracker Debug/Obj/nrf_drv_clock.o
 .text.nrf_clock_int_disable
                0x00000000000276a8       0x14 Output/agrilinx_tracker Debug/Obj/nrf_drv_clock.o
 .text.nrf_clock_task_trigger
                0x00000000000276bc       0x1a Output/agrilinx_tracker Debug/Obj/nrf_drv_clock.o
 .text.nrf_clock_event_clear
                0x00000000000276d6       0x28 Output/agrilinx_tracker Debug/Obj/nrf_drv_clock.o
 .text.nrf_clock_event_check
                0x00000000000276fe       0x22 Output/agrilinx_tracker Debug/Obj/nrf_drv_clock.o
 .text.nrf_clock_lf_src_set
                0x0000000000027720       0x1e Output/agrilinx_tracker Debug/Obj/nrf_drv_clock.o
 .text.nrf_clock_lf_is_running
                0x000000000002773e       0x1c Output/agrilinx_tracker Debug/Obj/nrf_drv_clock.o
 *fill*         0x000000000002775a        0x2 
 .text.nrf_drv_common_irq_enable_check
                0x000000000002775c       0x38 Output/agrilinx_tracker Debug/Obj/nrf_drv_clock.o
 .text.nrf_drv_common_power_clock_irq_init
                0x0000000000027794       0x20 Output/agrilinx_tracker Debug/Obj/nrf_drv_clock.o
 .text.lfclk_start
                0x00000000000277b4       0x1a Output/agrilinx_tracker Debug/Obj/nrf_drv_clock.o
 *fill*         0x00000000000277ce        0x2 
 .text.lfclk_stop
                0x00000000000277d0       0x40 Output/agrilinx_tracker Debug/Obj/nrf_drv_clock.o
 .text.nrf_drv_clock_init
                0x0000000000027810       0x5c Output/agrilinx_tracker Debug/Obj/nrf_drv_clock.o
                0x0000000000027810                nrf_drv_clock_init
 .text.item_enqueue
                0x000000000002786c       0x38 Output/agrilinx_tracker Debug/Obj/nrf_drv_clock.o
 .text.item_dequeue
                0x00000000000278a4       0x20 Output/agrilinx_tracker Debug/Obj/nrf_drv_clock.o
 .text.nrf_drv_clock_lfclk_request
                0x00000000000278c4       0xb8 Output/agrilinx_tracker Debug/Obj/nrf_drv_clock.o
                0x00000000000278c4                nrf_drv_clock_lfclk_request
 .text.nrf_drv_clock_lfclk_release
                0x000000000002797c       0x68 Output/agrilinx_tracker Debug/Obj/nrf_drv_clock.o
                0x000000000002797c                nrf_drv_clock_lfclk_release
 .text.clock_clk_started_notify
                0x00000000000279e4       0x4c Output/agrilinx_tracker Debug/Obj/nrf_drv_clock.o
 .text.POWER_CLOCK_IRQHandler
                0x0000000000027a30       0x5c Output/agrilinx_tracker Debug/Obj/nrf_drv_clock.o
                0x0000000000027a30                POWER_CLOCK_IRQHandler
 .text.soc_evt_handler
                0x0000000000027a8c       0x1c Output/agrilinx_tracker Debug/Obj/nrf_drv_clock.o
 .text.sd_state_evt_handler
                0x0000000000027aa8       0x94 Output/agrilinx_tracker Debug/Obj/nrf_drv_clock.o
 .text.nrf_rtc_cc_set
                0x0000000000027b3c       0x1c Output/agrilinx_tracker Debug/Obj/nrf_drv_rtc.o
 .text.nrf_rtc_int_enable
                0x0000000000027b58       0x14 Output/agrilinx_tracker Debug/Obj/nrf_drv_rtc.o
 .text.nrf_rtc_int_disable
                0x0000000000027b6c       0x14 Output/agrilinx_tracker Debug/Obj/nrf_drv_rtc.o
 .text.nrf_rtc_int_is_enabled
                0x0000000000027b80       0x16 Output/agrilinx_tracker Debug/Obj/nrf_drv_rtc.o
 .text.nrf_rtc_event_pending
                0x0000000000027b96       0x1a Output/agrilinx_tracker Debug/Obj/nrf_drv_rtc.o
 .text.nrf_rtc_event_clear
                0x0000000000027bb0       0x2a Output/agrilinx_tracker Debug/Obj/nrf_drv_rtc.o
 .text.nrf_rtc_counter_get
                0x0000000000027bda       0x10 Output/agrilinx_tracker Debug/Obj/nrf_drv_rtc.o
 *fill*         0x0000000000027bea        0x2 
 .text.nrf_rtc_prescaler_set
                0x0000000000027bec       0x30 Output/agrilinx_tracker Debug/Obj/nrf_drv_rtc.o
 .text.nrf_rtc_task_trigger
                0x0000000000027c1c       0x1e Output/agrilinx_tracker Debug/Obj/nrf_drv_rtc.o
 .text.nrf_rtc_event_enable
                0x0000000000027c3a       0x14 Output/agrilinx_tracker Debug/Obj/nrf_drv_rtc.o
 .text.nrf_rtc_event_disable
                0x0000000000027c4e       0x14 Output/agrilinx_tracker Debug/Obj/nrf_drv_rtc.o
 *fill*         0x0000000000027c62        0x2 
 .text.nrf_drv_rtc_init
                0x0000000000027c64       0xd8 Output/agrilinx_tracker Debug/Obj/nrf_drv_rtc.o
                0x0000000000027c64                nrf_drv_rtc_init
 .text.nrf_drv_rtc_enable
                0x0000000000027d3c       0x54 Output/agrilinx_tracker Debug/Obj/nrf_drv_rtc.o
                0x0000000000027d3c                nrf_drv_rtc_enable
 .text.nrf_drv_rtc_cc_set
                0x0000000000027d90      0x140 Output/agrilinx_tracker Debug/Obj/nrf_drv_rtc.o
                0x0000000000027d90                nrf_drv_rtc_cc_set
 .text.nrf_drv_rtc_int_handler
                0x0000000000027ed0      0x114 Output/agrilinx_tracker Debug/Obj/nrf_drv_rtc.o
 .text.RTC1_IRQHandler
                0x0000000000027fe4       0x14 Output/agrilinx_tracker Debug/Obj/nrf_drv_rtc.o
                0x0000000000027fe4                RTC1_IRQHandler
 .text.RTC2_IRQHandler
                0x0000000000027ff8       0x14 Output/agrilinx_tracker Debug/Obj/nrf_drv_rtc.o
                0x0000000000027ff8                RTC2_IRQHandler
 .text.nrf_gpiote_event_is_set
                0x000000000002800c       0x2a Output/agrilinx_tracker Debug/Obj/nrf_drv_gpiote.o
 .text.nrf_gpiote_event_clear
                0x0000000000028036       0x36 Output/agrilinx_tracker Debug/Obj/nrf_drv_gpiote.o
 .text.nrf_gpiote_event_addr_get
                0x000000000002806c       0x1a Output/agrilinx_tracker Debug/Obj/nrf_drv_gpiote.o
 *fill*         0x0000000000028086        0x2 
 .text.nrf_gpiote_int_enable
                0x0000000000028088       0x18 Output/agrilinx_tracker Debug/Obj/nrf_drv_gpiote.o
 .text.nrf_gpiote_int_is_enabled
                0x00000000000280a0       0x18 Output/agrilinx_tracker Debug/Obj/nrf_drv_gpiote.o
 .text.nrf_gpiote_event_enable
                0x00000000000280b8       0x2c Output/agrilinx_tracker Debug/Obj/nrf_drv_gpiote.o
 .text.nrf_gpiote_event_configure
                0x00000000000280e4       0x64 Output/agrilinx_tracker Debug/Obj/nrf_drv_gpiote.o
 .text.nrf_gpiote_event_pin_get
                0x0000000000028148       0x20 Output/agrilinx_tracker Debug/Obj/nrf_drv_gpiote.o
 .text.nrf_gpiote_event_polarity_get
                0x0000000000028168       0x24 Output/agrilinx_tracker Debug/Obj/nrf_drv_gpiote.o
 .text.nrf_gpio_pin_port_decode
                0x000000000002818c       0x28 Output/agrilinx_tracker Debug/Obj/nrf_drv_gpiote.o
 .text.nrf_gpio_cfg
                0x00000000000281b4       0x60 Output/agrilinx_tracker Debug/Obj/nrf_drv_gpiote.o
 .text.nrf_gpio_cfg_input
                0x0000000000028214       0x2c Output/agrilinx_tracker Debug/Obj/nrf_drv_gpiote.o
 .text.nrf_gpio_cfg_watcher
                0x0000000000028240       0x38 Output/agrilinx_tracker Debug/Obj/nrf_drv_gpiote.o
 .text.nrf_gpio_cfg_sense_set
                0x0000000000028278       0x5a Output/agrilinx_tracker Debug/Obj/nrf_drv_gpiote.o
 .text.nrf_gpio_pin_read
                0x00000000000282d2       0x2a Output/agrilinx_tracker Debug/Obj/nrf_drv_gpiote.o
 .text.nrf_gpio_pin_sense_get
                0x00000000000282fc       0x2c Output/agrilinx_tracker Debug/Obj/nrf_drv_gpiote.o
 .text.nrf_gpio_port_in_read
                0x0000000000028328       0x10 Output/agrilinx_tracker Debug/Obj/nrf_drv_gpiote.o
 .text.nrf_gpio_ports_read
                0x0000000000028338       0x68 Output/agrilinx_tracker Debug/Obj/nrf_drv_gpiote.o
 .text.nrf_bitmask_bit_is_set
                0x00000000000283a0       0x30 Output/agrilinx_tracker Debug/Obj/nrf_drv_gpiote.o
 .text.nrf_bitmask_bit_set
                0x00000000000283d0       0x40 Output/agrilinx_tracker Debug/Obj/nrf_drv_gpiote.o
 .text.pin_in_use_by_te
                0x0000000000028410       0x3c Output/agrilinx_tracker Debug/Obj/nrf_drv_gpiote.o
 .text.pin_in_use_by_port
                0x000000000002844c       0x24 Output/agrilinx_tracker Debug/Obj/nrf_drv_gpiote.o
 .text.pin_in_use_by_gpiote
                0x0000000000028470       0x24 Output/agrilinx_tracker Debug/Obj/nrf_drv_gpiote.o
 .text.pin_in_use_by_te_set
                0x0000000000028494       0x50 Output/agrilinx_tracker Debug/Obj/nrf_drv_gpiote.o
 .text.pin_in_use_clear
                0x00000000000284e4       0x1c Output/agrilinx_tracker Debug/Obj/nrf_drv_gpiote.o
 .text.channel_port_get
                0x0000000000028500       0x1c Output/agrilinx_tracker Debug/Obj/nrf_drv_gpiote.o
 .text.channel_handler_get
                0x000000000002851c       0x18 Output/agrilinx_tracker Debug/Obj/nrf_drv_gpiote.o
 .text.channel_port_alloc
                0x0000000000028534       0x7c Output/agrilinx_tracker Debug/Obj/nrf_drv_gpiote.o
 .text.channel_free
                0x00000000000285b0       0x38 Output/agrilinx_tracker Debug/Obj/nrf_drv_gpiote.o
 .text.nrf_drv_gpiote_init
                0x00000000000285e8       0x90 Output/agrilinx_tracker Debug/Obj/nrf_drv_gpiote.o
                0x00000000000285e8                nrf_drv_gpiote_init
 .text.nrf_drv_gpiote_in_init
                0x0000000000028678       0xc8 Output/agrilinx_tracker Debug/Obj/nrf_drv_gpiote.o
                0x0000000000028678                nrf_drv_gpiote_in_init
 .text.nrf_drv_gpiote_in_event_enable
                0x0000000000028740      0x110 Output/agrilinx_tracker Debug/Obj/nrf_drv_gpiote.o
                0x0000000000028740                nrf_drv_gpiote_in_event_enable
 .text.nrf_drv_gpiote_in_event_addr_get
                0x0000000000028850       0x78 Output/agrilinx_tracker Debug/Obj/nrf_drv_gpiote.o
                0x0000000000028850                nrf_drv_gpiote_in_event_addr_get
 .text.GPIOTE_IRQHandler
                0x00000000000288c8      0x2e0 Output/agrilinx_tracker Debug/Obj/nrf_drv_gpiote.o
                0x00000000000288c8                GPIOTE_IRQHandler
 .text.nrf_ppi_channel_enable
                0x0000000000028ba8       0x24 Output/agrilinx_tracker Debug/Obj/nrf_drv_ppi.o
 .text.nrf_ppi_channel_endpoint_setup
                0x0000000000028bcc       0x34 Output/agrilinx_tracker Debug/Obj/nrf_drv_ppi.o
 .text.nrf_drv_ppi_channel_to_mask
                0x0000000000028c00       0x18 Output/agrilinx_tracker Debug/Obj/nrf_drv_ppi.o
 .text.is_programmable_app_channel
                0x0000000000028c18       0x2c Output/agrilinx_tracker Debug/Obj/nrf_drv_ppi.o
 .text.are_app_channels
                0x0000000000028c44       0x1a Output/agrilinx_tracker Debug/Obj/nrf_drv_ppi.o
 .text.is_app_channel
                0x0000000000028c5e       0x26 Output/agrilinx_tracker Debug/Obj/nrf_drv_ppi.o
 .text.is_allocated_channel
                0x0000000000028c84       0x34 Output/agrilinx_tracker Debug/Obj/nrf_drv_ppi.o
 .text.channel_allocated_set
                0x0000000000028cb8       0x2c Output/agrilinx_tracker Debug/Obj/nrf_drv_ppi.o
 .text.nrf_drv_ppi_init
                0x0000000000028ce4       0x28 Output/agrilinx_tracker Debug/Obj/nrf_drv_ppi.o
                0x0000000000028ce4                nrf_drv_ppi_init
 .text.nrf_drv_ppi_channel_alloc
                0x0000000000028d0c       0xb4 Output/agrilinx_tracker Debug/Obj/nrf_drv_ppi.o
                0x0000000000028d0c                nrf_drv_ppi_channel_alloc
 .text.nrf_drv_ppi_channel_assign
                0x0000000000028dc0       0x76 Output/agrilinx_tracker Debug/Obj/nrf_drv_ppi.o
                0x0000000000028dc0                nrf_drv_ppi_channel_assign
 .text.nrf_drv_ppi_channel_enable
                0x0000000000028e36       0x6a Output/agrilinx_tracker Debug/Obj/nrf_drv_ppi.o
                0x0000000000028e36                nrf_drv_ppi_channel_enable
 .text.nrf_twi_task_trigger
                0x0000000000028ea0       0x1c Output/agrilinx_tracker Debug/Obj/nrf_drv_twi.o
 .text.nrf_twi_event_clear
                0x0000000000028ebc       0x2a Output/agrilinx_tracker Debug/Obj/nrf_drv_twi.o
 .text.nrf_twi_event_check
                0x0000000000028ee6       0x24 Output/agrilinx_tracker Debug/Obj/nrf_drv_twi.o
 .text.nrf_twi_int_enable
                0x0000000000028f0a       0x14 Output/agrilinx_tracker Debug/Obj/nrf_drv_twi.o
 .text.nrf_twi_int_disable
                0x0000000000028f1e       0x14 Output/agrilinx_tracker Debug/Obj/nrf_drv_twi.o
 .text.nrf_twi_enable
                0x0000000000028f32       0x12 Output/agrilinx_tracker Debug/Obj/nrf_drv_twi.o
 .text.nrf_twi_disable
                0x0000000000028f44       0x12 Output/agrilinx_tracker Debug/Obj/nrf_drv_twi.o
 .text.nrf_twi_pins_set
                0x0000000000028f56       0x1e Output/agrilinx_tracker Debug/Obj/nrf_drv_twi.o
 .text.nrf_twi_frequency_set
                0x0000000000028f74       0x14 Output/agrilinx_tracker Debug/Obj/nrf_drv_twi.o
 .text.nrf_twi_errorsrc_get_and_clear
                0x0000000000028f88       0x1c Output/agrilinx_tracker Debug/Obj/nrf_drv_twi.o
 .text.nrf_twi_address_set
                0x0000000000028fa4       0x1a Output/agrilinx_tracker Debug/Obj/nrf_drv_twi.o
 .text.nrf_twi_rxd_get
                0x0000000000028fbe       0x12 Output/agrilinx_tracker Debug/Obj/nrf_drv_twi.o
 .text.nrf_twi_txd_set
                0x0000000000028fd0       0x1a Output/agrilinx_tracker Debug/Obj/nrf_drv_twi.o
 .text.nrf_twi_shorts_set
                0x0000000000028fea       0x14 Output/agrilinx_tracker Debug/Obj/nrf_drv_twi.o
 .text.nrf_drv_get_IRQn
                0x0000000000028ffe       0x16 Output/agrilinx_tracker Debug/Obj/nrf_drv_twi.o
 .text.nrf_gpio_pin_port_decode
                0x0000000000029014       0x28 Output/agrilinx_tracker Debug/Obj/nrf_drv_twi.o
 .text.nrf_gpio_pin_set
                0x000000000002903c       0x28 Output/agrilinx_tracker Debug/Obj/nrf_drv_twi.o
 .text.nrf_gpio_pin_clear
                0x0000000000029064       0x28 Output/agrilinx_tracker Debug/Obj/nrf_drv_twi.o
 .text.nrf_gpio_pin_read
                0x000000000002908c       0x2a Output/agrilinx_tracker Debug/Obj/nrf_drv_twi.o
 .text.nrf_gpio_port_in_read
                0x00000000000290b6       0x10 Output/agrilinx_tracker Debug/Obj/nrf_drv_twi.o
 .text.nrf_gpio_port_out_set
                0x00000000000290c6       0x14 Output/agrilinx_tracker Debug/Obj/nrf_drv_twi.o
 .text.nrf_gpio_port_out_clear
                0x00000000000290da       0x14 Output/agrilinx_tracker Debug/Obj/nrf_drv_twi.o
 *fill*         0x00000000000290ee        0x2 
 .text.nrf_delay_us
                0x00000000000290f0       0xa0 Output/agrilinx_tracker Debug/Obj/nrf_drv_twi.o
 .text.twi_process_error
                0x0000000000029190       0x40 Output/agrilinx_tracker Debug/Obj/nrf_drv_twi.o
 .text.twi_clear_bus
                0x00000000000291d0       0xde Output/agrilinx_tracker Debug/Obj/nrf_drv_twi.o
 *fill*         0x00000000000292ae        0x2 
 .text.nrf_drv_twi_init
                0x00000000000292b0      0x118 Output/agrilinx_tracker Debug/Obj/nrf_drv_twi.o
                0x00000000000292b0                nrf_drv_twi_init
 .text.nrf_drv_twi_enable
                0x00000000000293c8       0x54 Output/agrilinx_tracker Debug/Obj/nrf_drv_twi.o
                0x00000000000293c8                nrf_drv_twi_enable
 .text.twi_send_byte
                0x000000000002941c       0x64 Output/agrilinx_tracker Debug/Obj/nrf_drv_twi.o
 .text.twi_receive_byte
                0x0000000000029480       0x72 Output/agrilinx_tracker Debug/Obj/nrf_drv_twi.o
 .text.twi_transfer
                0x00000000000294f2      0x172 Output/agrilinx_tracker Debug/Obj/nrf_drv_twi.o
 .text.twi_tx_start_transfer
                0x0000000000029664      0x112 Output/agrilinx_tracker Debug/Obj/nrf_drv_twi.o
 .text.twi_rx_start_transfer
                0x0000000000029776      0x108 Output/agrilinx_tracker Debug/Obj/nrf_drv_twi.o
 .text.twi_xfer
                0x000000000002987e      0x110 Output/agrilinx_tracker Debug/Obj/nrf_drv_twi.o
 *fill*         0x000000000002998e        0x2 
 .text.nrf_drv_twi_xfer
                0x0000000000029990       0x8c Output/agrilinx_tracker Debug/Obj/nrf_drv_twi.o
                0x0000000000029990                nrf_drv_twi_xfer
 .text.nrf_drv_twi_tx
                0x0000000000029a1c       0x56 Output/agrilinx_tracker Debug/Obj/nrf_drv_twi.o
                0x0000000000029a1c                nrf_drv_twi_tx
 .text.nrf_drv_twi_rx
                0x0000000000029a72       0x50 Output/agrilinx_tracker Debug/Obj/nrf_drv_twi.o
                0x0000000000029a72                nrf_drv_twi_rx
 *fill*         0x0000000000029ac2        0x2 
 .text.irq_handler_twi
                0x0000000000029ac4      0x150 Output/agrilinx_tracker Debug/Obj/nrf_drv_twi.o
 .text.SPIM1_SPIS1_TWIM1_TWIS1_SPI1_TWI1_IRQHandler
                0x0000000000029c14       0x14 Output/agrilinx_tracker Debug/Obj/nrf_drv_twi.o
                0x0000000000029c14                SPIM1_SPIS1_TWIM1_TWIS1_SPI1_TWI1_IRQHandler
 .text.nrf_spi_event_clear
                0x0000000000029c28       0x2a Output/agrilinx_tracker Debug/Obj/nrf_drv_spi.o
 .text.nrf_spi_event_check
                0x0000000000029c52       0x24 Output/agrilinx_tracker Debug/Obj/nrf_drv_spi.o
 .text.nrf_spi_int_enable
                0x0000000000029c76       0x14 Output/agrilinx_tracker Debug/Obj/nrf_drv_spi.o
 .text.nrf_spi_int_disable
                0x0000000000029c8a       0x14 Output/agrilinx_tracker Debug/Obj/nrf_drv_spi.o
 .text.nrf_spi_enable
                0x0000000000029c9e       0x12 Output/agrilinx_tracker Debug/Obj/nrf_drv_spi.o
 .text.nrf_spi_pins_set
                0x0000000000029cb0       0x28 Output/agrilinx_tracker Debug/Obj/nrf_drv_spi.o
 .text.nrf_spi_txd_set
                0x0000000000029cd8       0x1a Output/agrilinx_tracker Debug/Obj/nrf_drv_spi.o
 .text.nrf_spi_rxd_get
                0x0000000000029cf2       0x12 Output/agrilinx_tracker Debug/Obj/nrf_drv_spi.o
 .text.nrf_spi_frequency_set
                0x0000000000029d04       0x14 Output/agrilinx_tracker Debug/Obj/nrf_drv_spi.o
 .text.nrf_spi_configure
                0x0000000000029d18       0x5e Output/agrilinx_tracker Debug/Obj/nrf_drv_spi.o
 *fill*         0x0000000000029d76        0x2 
 .text.nrf_gpio_pin_port_decode
                0x0000000000029d78       0x28 Output/agrilinx_tracker Debug/Obj/nrf_drv_spi.o
 .text.nrf_gpio_cfg
                0x0000000000029da0       0x60 Output/agrilinx_tracker Debug/Obj/nrf_drv_spi.o
 .text.nrf_gpio_cfg_output
                0x0000000000029e00       0x22 Output/agrilinx_tracker Debug/Obj/nrf_drv_spi.o
 .text.nrf_gpio_cfg_input
                0x0000000000029e22       0x2c Output/agrilinx_tracker Debug/Obj/nrf_drv_spi.o
 .text.nrf_gpio_pin_set
                0x0000000000029e4e       0x28 Output/agrilinx_tracker Debug/Obj/nrf_drv_spi.o
 .text.nrf_gpio_pin_clear
                0x0000000000029e76       0x28 Output/agrilinx_tracker Debug/Obj/nrf_drv_spi.o
 .text.nrf_gpio_port_out_set
                0x0000000000029e9e       0x14 Output/agrilinx_tracker Debug/Obj/nrf_drv_spi.o
 .text.nrf_gpio_port_out_clear
                0x0000000000029eb2       0x14 Output/agrilinx_tracker Debug/Obj/nrf_drv_spi.o
 *fill*         0x0000000000029ec6        0x2 
 .text.nrf_drv_spi_init
                0x0000000000029ec8      0x198 Output/agrilinx_tracker Debug/Obj/nrf_drv_spi.o
                0x0000000000029ec8                nrf_drv_spi_init
 .text.nrf_drv_spi_transfer
                0x000000000002a060       0x3e Output/agrilinx_tracker Debug/Obj/nrf_drv_spi.o
                0x000000000002a060                nrf_drv_spi_transfer
 .text.finish_transfer
                0x000000000002a09e       0x3e Output/agrilinx_tracker Debug/Obj/nrf_drv_spi.o
 .text.transfer_byte
                0x000000000002a0dc      0x108 Output/agrilinx_tracker Debug/Obj/nrf_drv_spi.o
 .text.spi_xfer
                0x000000000002a1e4       0xca Output/agrilinx_tracker Debug/Obj/nrf_drv_spi.o
 *fill*         0x000000000002a2ae        0x2 
 .text.nrf_drv_spi_xfer
                0x000000000002a2b0      0x110 Output/agrilinx_tracker Debug/Obj/nrf_drv_spi.o
                0x000000000002a2b0                nrf_drv_spi_xfer
 .text.irq_handler_spi
                0x000000000002a3c0       0x4c Output/agrilinx_tracker Debug/Obj/nrf_drv_spi.o
 .text.SPIM0_SPIS0_TWIM0_TWIS0_SPI0_TWI0_IRQHandler
                0x000000000002a40c       0x20 Output/agrilinx_tracker Debug/Obj/nrf_drv_spi.o
                0x000000000002a40c                SPIM0_SPIS0_TWIM0_TWIS0_SPI0_TWI0_IRQHandler
 .text.nrf_delay_us
                0x000000000002a42c       0xa0 Output/agrilinx_tracker Debug/Obj/lc709203f.o
 .text.LC709Init
                0x000000000002a4cc       0x40 Output/agrilinx_tracker Debug/Obj/lc709203f.o
                0x000000000002a4cc                LC709Init
 .text.LC709GetRSOC
                0x000000000002a50c       0x1c Output/agrilinx_tracker Debug/Obj/lc709203f.o
                0x000000000002a50c                LC709GetRSOC
 .text.LC709WriteReg
                0x000000000002a528       0x68 Output/agrilinx_tracker Debug/Obj/lc709203f.o
                0x000000000002a528                LC709WriteReg
 .text.LC709ReadReg
                0x000000000002a590       0x98 Output/agrilinx_tracker Debug/Obj/lc709203f.o
                0x000000000002a590                LC709ReadReg
 .text.CalcCRC8
                0x000000000002a628       0x98 Output/agrilinx_tracker Debug/Obj/lc709203f.o
                0x000000000002a628                CalcCRC8
 .text.MCP79GetTime
                0x000000000002a6c0       0x48 Output/agrilinx_tracker Debug/Obj/mcp7940m.o
                0x000000000002a6c0                MCP79GetTime
 .text.MCP79SetTime
                0x000000000002a708       0x50 Output/agrilinx_tracker Debug/Obj/mcp7940m.o
                0x000000000002a708                MCP79SetTime
 .text.MCP79GetFullDate
                0x000000000002a758       0x38 Output/agrilinx_tracker Debug/Obj/mcp7940m.o
                0x000000000002a758                MCP79GetFullDate
 .text.MCP79SetFullDate
                0x000000000002a790       0x48 Output/agrilinx_tracker Debug/Obj/mcp7940m.o
                0x000000000002a790                MCP79SetFullDate
 .text.MemManInit
                0x000000000002a7d8       0x78 Output/agrilinx_tracker Debug/Obj/memmanager.o
                0x000000000002a7d8                MemManInit
 .text.MemManUpdateMBR
                0x000000000002a850       0x20 Output/agrilinx_tracker Debug/Obj/memmanager.o
                0x000000000002a850                MemManUpdateMBR
 .text.MemManWriteRecs
                0x000000000002a870       0x8c Output/agrilinx_tracker Debug/Obj/memmanager.o
                0x000000000002a870                MemManWriteRecs
 .text.MemManReadPage
                0x000000000002a8fc       0xf0 Output/agrilinx_tracker Debug/Obj/memmanager.o
                0x000000000002a8fc                MemManReadPage
 .text.nrf_delay_us
                0x000000000002a9ec       0xa0 Output/agrilinx_tracker Debug/Obj/ubloxm8.o
 .text.nrf_delay_ms
                0x000000000002aa8c       0x1e Output/agrilinx_tracker Debug/Obj/ubloxm8.o
 *fill*         0x000000000002aaaa        0x2 
 .text.SetGNRMCFilter
                0x000000000002aaac       0x40 Output/agrilinx_tracker Debug/Obj/ubloxm8.o
                0x000000000002aaac                SetGNRMCFilter
 .text.ReadGPSRaw
                0x000000000002aaec       0x58 Output/agrilinx_tracker Debug/Obj/ubloxm8.o
                0x000000000002aaec                ReadGPSRaw
 .text.ReadGPS  0x000000000002ab44       0x70 Output/agrilinx_tracker Debug/Obj/ubloxm8.o
                0x000000000002ab44                ReadGPS
 .text.ParseGPSPkt
                0x000000000002abb4      0x458 Output/agrilinx_tracker Debug/Obj/ubloxm8.o
                0x000000000002abb4                ParseGPSPkt
 .text.nrf_delay_us
                0x000000000002b00c       0xa0 Output/agrilinx_tracker Debug/Obj/w25q32.o
 .text.nrf_delay_ms
                0x000000000002b0ac       0x1e Output/agrilinx_tracker Debug/Obj/w25q32.o
 *fill*         0x000000000002b0ca        0x2 
 .text.nrf_gpio_pin_port_decode
                0x000000000002b0cc       0x28 Output/agrilinx_tracker Debug/Obj/w25q32.o
 .text.nrf_gpio_pin_set
                0x000000000002b0f4       0x28 Output/agrilinx_tracker Debug/Obj/w25q32.o
 .text.nrf_gpio_pin_clear
                0x000000000002b11c       0x28 Output/agrilinx_tracker Debug/Obj/w25q32.o
 .text.nrf_gpio_port_out_set
                0x000000000002b144       0x14 Output/agrilinx_tracker Debug/Obj/w25q32.o
 .text.nrf_gpio_port_out_clear
                0x000000000002b158       0x14 Output/agrilinx_tracker Debug/Obj/w25q32.o
 .text.W25Q32CmdWriteEn
                0x000000000002b16c       0x80 Output/agrilinx_tracker Debug/Obj/w25q32.o
                0x000000000002b16c                W25Q32CmdWriteEn
 .text.W25Q32CmdIsBusy
                0x000000000002b1ec       0x64 Output/agrilinx_tracker Debug/Obj/w25q32.o
                0x000000000002b1ec                W25Q32CmdIsBusy
 .text.W25Q32CmdReadData
                0x000000000002b250       0xe4 Output/agrilinx_tracker Debug/Obj/w25q32.o
                0x000000000002b250                W25Q32CmdReadData
 .text.W25Q32CmdProgPage
                0x000000000002b334       0xf8 Output/agrilinx_tracker Debug/Obj/w25q32.o
                0x000000000002b334                W25Q32CmdProgPage
 .text.W25Q32CmdEraseSector
                0x000000000002b42c       0xa8 Output/agrilinx_tracker Debug/Obj/w25q32.o
                0x000000000002b42c                W25Q32CmdEraseSector
 .text.libc.__float32_isinf
                0x000000000002b4d4       0x14 C:/Program Files/SEGGER/SEGGER Embedded Studio for ARM 3.34/lib/libm_v7em_fpv4_sp_d16_hard_t_le_eabi.a(libm_asm.o)
                0x000000000002b4d4                __float32_isinf
 .text.libc.__RAL_ascii_isctype
                0x000000000002b4e8       0x1c C:/Program Files/SEGGER/SEGGER Embedded Studio for ARM 3.34/lib/libc_v7em_fpv4_sp_d16_hard_t_le_eabi.a(libc2.o)
 .text.libc.__RAL_ascii_toupper
                0x000000000002b504        0xc C:/Program Files/SEGGER/SEGGER Embedded Studio for ARM 3.34/lib/libc_v7em_fpv4_sp_d16_hard_t_le_eabi.a(libc2.o)
 .text.libc.__RAL_ascii_tolower
                0x000000000002b510        0xc C:/Program Files/SEGGER/SEGGER Embedded Studio for ARM 3.34/lib/libc_v7em_fpv4_sp_d16_hard_t_le_eabi.a(libc2.o)
 .text.libc.__RAL_ascii_iswctype
                0x000000000002b51c       0x1c C:/Program Files/SEGGER/SEGGER Embedded Studio for ARM 3.34/lib/libc_v7em_fpv4_sp_d16_hard_t_le_eabi.a(libc2.o)
 .text.libc.__RAL_ascii_towupper
                0x000000000002b538        0xc C:/Program Files/SEGGER/SEGGER Embedded Studio for ARM 3.34/lib/libc_v7em_fpv4_sp_d16_hard_t_le_eabi.a(libc2.o)
 .text.libc.__RAL_ascii_towlower
                0x000000000002b544        0xc C:/Program Files/SEGGER/SEGGER Embedded Studio for ARM 3.34/lib/libc_v7em_fpv4_sp_d16_hard_t_le_eabi.a(libc2.o)
 .text.libc.__RAL_ascii_wctomb
                0x000000000002b550        0xe C:/Program Files/SEGGER/SEGGER Embedded Studio for ARM 3.34/lib/libc_v7em_fpv4_sp_d16_hard_t_le_eabi.a(libc2.o)
                0x000000000002b550                __RAL_ascii_wctomb
 .text.libc.__RAL_ascii_mbtowc
                0x000000000002b55e       0x24 C:/Program Files/SEGGER/SEGGER Embedded Studio for ARM 3.34/lib/libc_v7em_fpv4_sp_d16_hard_t_le_eabi.a(libc2.o)
                0x000000000002b55e                __RAL_ascii_mbtowc
 *fill*         0x000000000002b582        0x2 
 .text.libc.__RAL_isctype
                0x000000000002b584       0x14 C:/Program Files/SEGGER/SEGGER Embedded Studio for ARM 3.34/lib/libc_v7em_fpv4_sp_d16_hard_t_le_eabi.a(libc2.o)
                0x000000000002b584                __RAL_isctype
 .text.libc.isdigit
                0x000000000002b598        0xa C:/Program Files/SEGGER/SEGGER Embedded Studio for ARM 3.34/lib/libc_v7em_fpv4_sp_d16_hard_t_le_eabi.a(libc2.o)
                0x000000000002b598                isdigit
 .text.libc.isspace
                0x000000000002b5a2        0xa C:/Program Files/SEGGER/SEGGER Embedded Studio for ARM 3.34/lib/libc_v7em_fpv4_sp_d16_hard_t_le_eabi.a(libc2.o)
                0x000000000002b5a2                isspace
 .text.libc.__aeabi_errno_addr
                0x000000000002b5ac       0x14 C:/Program Files/SEGGER/SEGGER Embedded Studio for ARM 3.34/lib/libc_v7em_fpv4_sp_d16_hard_t_le_eabi.a(libc2.o)
                0x000000000002b5ac                __aeabi_errno_addr
 .text.libc.memcmp
                0x000000000002b5c0       0x6a C:/Program Files/SEGGER/SEGGER Embedded Studio for ARM 3.34/lib/libc_v7em_fpv4_sp_d16_hard_t_le_eabi.a(libc2.o)
                0x000000000002b5c0                memcmp
 .text.libc.memmove
                0x000000000002b62a       0x3a C:/Program Files/SEGGER/SEGGER Embedded Studio for ARM 3.34/lib/libc_v7em_fpv4_sp_d16_hard_t_le_eabi.a(libc2.o)
                0x000000000002b62a                __aeabi_memmove8
                0x000000000002b62a                __aeabi_memmove
                0x000000000002b62a                __aeabi_memmove4
                0x000000000002b62a                memmove
 .text.libc.strstr
                0x000000000002b664       0x40 C:/Program Files/SEGGER/SEGGER Embedded Studio for ARM 3.34/lib/libc_v7em_fpv4_sp_d16_hard_t_le_eabi.a(libc2.o)
                0x000000000002b664                strstr
 .text.libc.strtof
                0x000000000002b6a4      0x194 C:/Program Files/SEGGER/SEGGER Embedded Studio for ARM 3.34/lib/libc_v7em_fpv4_sp_d16_hard_t_le_eabi.a(libc2.o)
                0x000000000002b6a4                strtof
 .text.libc.memcpy
                0x000000000002b838       0x54 C:/Program Files/SEGGER/SEGGER Embedded Studio for ARM 3.34/lib/libc_v7em_fpv4_sp_d16_hard_t_le_eabi.a(libc2_asm.o)
                0x000000000002b838                __aeabi_memcpy
                0x000000000002b838                memcpy
                0x000000000002b844                __aeabi_memcpy8
                0x000000000002b844                __aeabi_memcpy4
 .text.libc.memset
                0x000000000002b88c       0x68 C:/Program Files/SEGGER/SEGGER Embedded Studio for ARM 3.34/lib/libc_v7em_fpv4_sp_d16_hard_t_le_eabi.a(libc2_asm.o)
                0x000000000002b88c                memset
 .text.libc.strlen
                0x000000000002b8f4       0x60 C:/Program Files/SEGGER/SEGGER Embedded Studio for ARM 3.34/lib/libc_v7em_fpv4_sp_d16_hard_t_le_eabi.a(libc2_asm.o)
                0x000000000002b8f4                strlen
                0x000000000002b954                __text_end__ = (__text_start__ + SIZEOF (.text))
                0x0000000000008660                __text_size__ = SIZEOF (.text)
                0x000000000002b954                __text_load_end__ = __text_end__

.vfp11_veneer   0x0000000100000000        0x0
 .vfp11_veneer  0x0000000100000000        0x0 linker stubs

.v4_bx          0x0000000100000000        0x0
 .v4_bx         0x0000000100000000        0x0 linker stubs

.iplt           0x0000000100000000        0x0
 .iplt          0x0000000100000000        0x0 Output/agrilinx_tracker Debug/Obj/thumb_crt0.o
                0x0000000000000001                . = ASSERT (((__text_start__ == __text_end__) || ((__text_end__ >= __FLASH_segment_start__) && (__text_end__ <= __FLASH_segment_end__))), error: .text is too large to fit in FLASH memory segment)
                0x000000000002b954                __sdh_soc_observers_load_start__ = ALIGN (__text_end__, 0x4)

.sdh_soc_observers
                0x000000000002b954        0x8
                0x000000000002b954                __sdh_soc_observers_start__ = .
                0x000000000002b954                __start_sdh_soc_observers = __sdh_soc_observers_start__
 *(SORT(.sdh_soc_observers*))
 .sdh_soc_observers0
                0x000000000002b954        0x8 Output/agrilinx_tracker Debug/Obj/nrf_drv_clock.o
                0x000000000002b95c                __sdh_soc_observers_end__ = (__sdh_soc_observers_start__ + SIZEOF (.sdh_soc_observers))
                0x0000000000000008                __sdh_soc_observers_size__ = SIZEOF (.sdh_soc_observers)
                0x000000000002b95c                __stop_sdh_soc_observers = __sdh_soc_observers_end__
                0x000000000002b95c                __sdh_soc_observers_load_end__ = __sdh_soc_observers_end__
                0x0000000000000001                . = ASSERT (((__sdh_soc_observers_start__ == __sdh_soc_observers_end__) || ((__sdh_soc_observers_end__ >= __FLASH_segment_start__) && (__sdh_soc_observers_end__ <= __FLASH_segment_end__))), error: .sdh_soc_observers is too large to fit in FLASH memory segment)
                0x000000000002b95c                __log_const_data_load_start__ = ALIGN (__sdh_soc_observers_end__, 0x4)

.log_const_data
                0x000000000002b95c        0x0
                0x000000000002b95c                __log_const_data_start__ = .
                0x000000000002b95c                __start_log_const_data = __log_const_data_start__
 *(SORT(.log_const_data*))
                0x000000000002b95c                __log_const_data_end__ = (__log_const_data_start__ + SIZEOF (.log_const_data))
                0x0000000000000000                __log_const_data_size__ = SIZEOF (.log_const_data)
                0x000000000002b95c                __stop_log_const_data = __log_const_data_end__
                0x000000000002b95c                __log_const_data_load_end__ = __log_const_data_end__
                0x0000000000000001                . = ASSERT (((__log_const_data_start__ == __log_const_data_end__) || ((__log_const_data_end__ >= __FLASH_segment_start__) && (__log_const_data_end__ <= __FLASH_segment_end__))), error: .log_const_data is too large to fit in FLASH memory segment)
                0x000000000002b95c                __sdh_req_observers_load_start__ = ALIGN (__log_const_data_end__, 0x4)

.sdh_req_observers
                0x000000000002b95c        0x0
                0x000000000002b95c                __sdh_req_observers_start__ = .
                0x000000000002b95c                __start_sdh_req_observers = __sdh_req_observers_start__
 *(SORT(.sdh_req_observers*))
                0x000000000002b95c                __sdh_req_observers_end__ = (__sdh_req_observers_start__ + SIZEOF (.sdh_req_observers))
                0x0000000000000000                __sdh_req_observers_size__ = SIZEOF (.sdh_req_observers)
                0x000000000002b95c                __stop_sdh_req_observers = __sdh_req_observers_end__
                0x000000000002b95c                __sdh_req_observers_load_end__ = __sdh_req_observers_end__
                0x0000000000000001                . = ASSERT (((__sdh_req_observers_start__ == __sdh_req_observers_end__) || ((__sdh_req_observers_end__ >= __FLASH_segment_start__) && (__sdh_req_observers_end__ <= __FLASH_segment_end__))), error: .sdh_req_observers is too large to fit in FLASH memory segment)
                0x000000000002b95c                __sdh_state_observers_load_start__ = ALIGN (__sdh_req_observers_end__, 0x4)

.sdh_state_observers
                0x000000000002b95c        0x8
                0x000000000002b95c                __sdh_state_observers_start__ = .
                0x000000000002b95c                __start_sdh_state_observers = __sdh_state_observers_start__
 *(SORT(.sdh_state_observers*))
 .sdh_state_observers0
                0x000000000002b95c        0x8 Output/agrilinx_tracker Debug/Obj/nrf_drv_clock.o
                0x000000000002b964                __sdh_state_observers_end__ = (__sdh_state_observers_start__ + SIZEOF (.sdh_state_observers))
                0x0000000000000008                __sdh_state_observers_size__ = SIZEOF (.sdh_state_observers)
                0x000000000002b964                __stop_sdh_state_observers = __sdh_state_observers_end__
                0x000000000002b964                __sdh_state_observers_load_end__ = __sdh_state_observers_end__
                0x0000000000000001                . = ASSERT (((__sdh_state_observers_start__ == __sdh_state_observers_end__) || ((__sdh_state_observers_end__ >= __FLASH_segment_start__) && (__sdh_state_observers_end__ <= __FLASH_segment_end__))), error: .sdh_state_observers is too large to fit in FLASH memory segment)
                0x000000000002b964                __sdh_stack_observers_load_start__ = ALIGN (__sdh_state_observers_end__, 0x4)

.sdh_stack_observers
                0x000000000002b964        0x8
                0x000000000002b964                __sdh_stack_observers_start__ = .
                0x000000000002b964                __start_sdh_stack_observers = __sdh_stack_observers_start__
 *(SORT(.sdh_stack_observers*))
 .sdh_stack_observers0
                0x000000000002b964        0x8 Output/agrilinx_tracker Debug/Obj/nrf_sdh_soc.o
                0x000000000002b96c                __sdh_stack_observers_end__ = (__sdh_stack_observers_start__ + SIZEOF (.sdh_stack_observers))
                0x0000000000000008                __sdh_stack_observers_size__ = SIZEOF (.sdh_stack_observers)
                0x000000000002b96c                __stop_sdh_stack_observers = __sdh_stack_observers_end__
                0x000000000002b96c                __sdh_stack_observers_load_end__ = __sdh_stack_observers_end__
                0x0000000000000001                . = ASSERT (((__sdh_stack_observers_start__ == __sdh_stack_observers_end__) || ((__sdh_stack_observers_end__ >= __FLASH_segment_start__) && (__sdh_stack_observers_end__ <= __FLASH_segment_end__))), error: .sdh_stack_observers is too large to fit in FLASH memory segment)
                0x000000000002b96c                __nrf_sections_load_start__ = ALIGN (__sdh_stack_observers_end__, 0x4)

.nrf_sections   0x000000000002b96c        0x0
                0x000000000002b96c                __nrf_sections_start__ = .
                0x000000000002b96c                __start_nrf_sections = __nrf_sections_start__
 *(.nrf_sections .nrf_sections.*)
                0x000000000002b96c                __nrf_sections_end__ = (__nrf_sections_start__ + SIZEOF (.nrf_sections))
                0x0000000000000000                __nrf_sections_size__ = SIZEOF (.nrf_sections)
                0x000000000002b96c                __nrf_sections_load_end__ = __nrf_sections_end__
                0x0000000000000001                . = ASSERT (((__nrf_sections_start__ == __nrf_sections_end__) || ((__nrf_sections_end__ >= __FLASH_segment_start__) && (__nrf_sections_end__ <= __FLASH_segment_end__))), error: .nrf_sections is too large to fit in FLASH memory segment)
                0x000000000002b96c                __log_dynamic_data_load_start__ = ALIGN (__nrf_sections_end__, 0x4)

.log_dynamic_data
                0x0000000020005668        0x0 load address 0x000000000002b96c
                0x0000000020005668                __log_dynamic_data_start__ = .
 *(SORT(.log_dynamic_data*))
                0x0000000020005668                __log_dynamic_data_end__ = (__log_dynamic_data_start__ + SIZEOF (.log_dynamic_data))
                0x0000000000000000                __log_dynamic_data_size__ = SIZEOF (.log_dynamic_data)
                0x000000000002b96c                __log_dynamic_data_load_end__ = (__log_dynamic_data_load_start__ + SIZEOF (.log_dynamic_data))
                0x0000000000000001                . = ASSERT (((__log_dynamic_data_load_start__ == __log_dynamic_data_load_end__) || ((__log_dynamic_data_load_end__ >= __FLASH_segment_start__) && (__log_dynamic_data_load_end__ <= __FLASH_segment_end__))), error: .log_dynamic_data is too large to fit in FLASH memory segment)

.log_dynamic_data_run
                0x0000000020005668        0x0
                0x0000000020005668                __log_dynamic_data_run_start__ = .
                0x0000000020005668                __start_log_dynamic_data = __log_dynamic_data_run_start__
                0x0000000020005668                . = MAX ((__log_dynamic_data_run_start__ + SIZEOF (.log_dynamic_data)), .)
                0x0000000020005668                __log_dynamic_data_run_end__ = (__log_dynamic_data_run_start__ + SIZEOF (.log_dynamic_data_run))
                0x0000000000000000                __log_dynamic_data_run_size__ = SIZEOF (.log_dynamic_data_run)
                0x0000000020005668                __stop_log_dynamic_data = __log_dynamic_data_run_end__
                0x0000000020005668                __log_dynamic_data_run_load_end__ = __log_dynamic_data_run_end__
                0x0000000000000001                . = ASSERT (((__log_dynamic_data_run_start__ == __log_dynamic_data_run_end__) || ((__log_dynamic_data_run_end__ >= __RAM_segment_start__) && (__log_dynamic_data_run_end__ <= __RAM_segment_end__))), error: .log_dynamic_data_run is too large to fit in RAM memory segment)
                0x0000000020005668                __nrf_sections_run_end_load_start__ = ALIGN (__log_dynamic_data_run_end__, 0x4)

.nrf_sections_run_end
                0x0000000020005668        0x0
                0x0000000020005668                __nrf_sections_run_end_start__ = .
                0x0000000020005668                __end_nrf_sections_run = __nrf_sections_run_end_start__
 *(.nrf_sections_run_end .nrf_sections_run_end.*)
                0x0000000020005668                __nrf_sections_run_end_end__ = (__nrf_sections_run_end_start__ + SIZEOF (.nrf_sections_run_end))
                0x0000000000000000                __nrf_sections_run_end_size__ = SIZEOF (.nrf_sections_run_end)
                0x0000000020005668                __nrf_sections_run_end_load_end__ = __nrf_sections_run_end_end__
                0x0000000000000001                . = ASSERT (((__nrf_sections_run_end_start__ == __nrf_sections_run_end_end__) || ((__nrf_sections_run_end_end__ >= __RAM_segment_start__) && (__nrf_sections_run_end_end__ <= __RAM_segment_end__))), error: .nrf_sections_run_end is too large to fit in RAM memory segment)
                0x000000000002b96c                __dtors_load_start__ = ALIGN ((__log_dynamic_data_load_start__ + SIZEOF (.log_dynamic_data)), 0x4)

.dtors          0x000000000002b96c        0x0
                0x000000000002b96c                __dtors_start__ = .
 *(SORT(.dtors.*))
 *(.dtors)
 *(.fini_array)
 *(SORT(.fini_array.*))
                0x000000000002b96c                __dtors_end__ = (__dtors_start__ + SIZEOF (.dtors))
                0x0000000000000000                __dtors_size__ = SIZEOF (.dtors)
                0x000000000002b96c                __dtors_load_end__ = __dtors_end__
                0x0000000000000001                . = ASSERT (((__dtors_start__ == __dtors_end__) || ((__dtors_end__ >= __FLASH_segment_start__) && (__dtors_end__ <= __FLASH_segment_end__))), error: .dtors is too large to fit in FLASH memory segment)
                0x000000000002b96c                __ctors_load_start__ = ALIGN (__dtors_end__, 0x4)

.ctors          0x000000000002b96c        0x0
                0x000000000002b96c                __ctors_start__ = .
 *(SORT(.ctors.*))
 *(.ctors)
 *(.init_array)
 *(SORT(.init_array.*))
                0x000000000002b96c                __ctors_end__ = (__ctors_start__ + SIZEOF (.ctors))
                0x0000000000000000                __ctors_size__ = SIZEOF (.ctors)
                0x000000000002b96c                __ctors_load_end__ = __ctors_end__
                0x0000000000000001                . = ASSERT (((__ctors_start__ == __ctors_end__) || ((__ctors_end__ >= __FLASH_segment_start__) && (__ctors_end__ <= __FLASH_segment_end__))), error: .ctors is too large to fit in FLASH memory segment)
                0x000000000002b96c                __rodata_load_start__ = ALIGN (__ctors_end__, 0x4)

.rodata         0x000000000002b96c      0x908
                0x000000000002b96c                __rodata_start__ = .
 *(.rodata .rodata.* .gnu.linkonce.r.*)
 .rodata        0x000000000002b96c       0xa0 Output/agrilinx_tracker Debug/Obj/main.o
 .rodata.rtc1   0x000000000002ba0c        0x8 Output/agrilinx_tracker Debug/Obj/main.o
                0x000000000002ba0c                rtc1
 .rodata.rtc2   0x000000000002ba14        0x8 Output/agrilinx_tracker Debug/Obj/main.o
                0x000000000002ba14                rtc2
 .rodata.twim1  0x000000000002ba1c        0x8 Output/agrilinx_tracker Debug/Obj/main.o
 .rodata.spim0  0x000000000002ba24        0x8 Output/agrilinx_tracker Debug/Obj/main.o
 .rodata        0x000000000002ba2c       0x3c Output/agrilinx_tracker Debug/Obj/app_util_platform.o
 .rodata        0x000000000002ba68       0x50 Output/agrilinx_tracker Debug/Obj/nrf_section_iter.o
 .rodata        0x000000000002bab8       0x8c Output/agrilinx_tracker Debug/Obj/nrf_sdh.o
 .rodata.sdh_stack_observers
                0x000000000002bb44        0xc Output/agrilinx_tracker Debug/Obj/nrf_sdh.o
 .rodata        0x000000000002bb50       0x89 Output/agrilinx_tracker Debug/Obj/nrf_sdh_soc.o
 *fill*         0x000000000002bbd9        0x3 
 .rodata.sdh_soc_observers
                0x000000000002bbdc        0xc Output/agrilinx_tracker Debug/Obj/nrf_sdh_soc.o
 .rodata.rtc2   0x000000000002bbe8        0x8 Output/agrilinx_tracker Debug/Obj/ll_ifc_transport_mcu.o
 .rodata        0x000000000002bbf0       0x7c Output/agrilinx_tracker Debug/Obj/ll_ifc_transport_mcu.o
 .rodata        0x000000000002bc6c       0x6d Output/agrilinx_tracker Debug/Obj/nrf_drv_uart.o
 *fill*         0x000000000002bcd9        0x3 
 .rodata        0x000000000002bcdc       0x3d Output/agrilinx_tracker Debug/Obj/nrf_drv_common.o
 *fill*         0x000000000002bd19        0x3 
 .rodata        0x000000000002bd1c       0x3b Output/agrilinx_tracker Debug/Obj/nrf_drv_clock.o
 *fill*         0x000000000002bd57        0x1 
 .rodata        0x000000000002bd58       0x6b Output/agrilinx_tracker Debug/Obj/nrf_drv_rtc.o
 *fill*         0x000000000002bdc3        0x1 
 .rodata        0x000000000002bdc4       0x71 Output/agrilinx_tracker Debug/Obj/nrf_drv_gpiote.o
 *fill*         0x000000000002be35        0x3 
 .rodata        0x000000000002be38       0x72 Output/agrilinx_tracker Debug/Obj/nrf_drv_twi.o
 *fill*         0x000000000002beaa        0x2 
 .rodata        0x000000000002beac       0x72 Output/agrilinx_tracker Debug/Obj/nrf_drv_spi.o
 *fill*         0x000000000002bf1e        0x2 
 .rodata.twim   0x000000000002bf20        0x8 Output/agrilinx_tracker Debug/Obj/lc709203f.o
 .rodata.twim   0x000000000002bf28        0x8 Output/agrilinx_tracker Debug/Obj/mcp7940m.o
 .rodata        0x000000000002bf30        0x9 Output/agrilinx_tracker Debug/Obj/memmanager.o
 *fill*         0x000000000002bf39        0x3 
 .rodata.twim1  0x000000000002bf3c        0x8 Output/agrilinx_tracker Debug/Obj/ubloxm8.o
 .rodata        0x000000000002bf44       0xb2 Output/agrilinx_tracker Debug/Obj/ubloxm8.o
 *fill*         0x000000000002bff6        0x2 
 .rodata        0x000000000002bff8       0x34 Output/agrilinx_tracker Debug/Obj/w25q32.o
 .rodata.spim   0x000000000002c02c        0x8 Output/agrilinx_tracker Debug/Obj/w25q32.o
 .rodata.libc.__RAL_ascii_ctype_map
                0x000000000002c034       0x80 C:/Program Files/SEGGER/SEGGER Embedded Studio for ARM 3.34/lib/libc_v7em_fpv4_sp_d16_hard_t_le_eabi.a(libc2.o)
                0x000000000002c034                __RAL_ascii_ctype_map
 .rodata.libc.__RAL_ascii_ctype_mask
                0x000000000002c0b4        0xd C:/Program Files/SEGGER/SEGGER Embedded Studio for ARM 3.34/lib/libc_v7em_fpv4_sp_d16_hard_t_le_eabi.a(libc2.o)
 *fill*         0x000000000002c0c1        0x3 
 .rodata.libc.__RAL_c_locale
                0x000000000002c0c4        0xc C:/Program Files/SEGGER/SEGGER Embedded Studio for ARM 3.34/lib/libc_v7em_fpv4_sp_d16_hard_t_le_eabi.a(libc2.o)
                0x000000000002c0c4                __RAL_c_locale
 .rodata.libc.__RAL_c_locale_abbrev_day_names
                0x000000000002c0d0       0x1d C:/Program Files/SEGGER/SEGGER Embedded Studio for ARM 3.34/lib/libc_v7em_fpv4_sp_d16_hard_t_le_eabi.a(libc2.o)
                0x000000000002c0d0                __RAL_c_locale_abbrev_day_names
 *fill*         0x000000000002c0ed        0x3 
 .rodata.libc.__RAL_c_locale_abbrev_month_names
                0x000000000002c0f0       0x31 C:/Program Files/SEGGER/SEGGER Embedded Studio for ARM 3.34/lib/libc_v7em_fpv4_sp_d16_hard_t_le_eabi.a(libc2.o)
                0x000000000002c0f0                __RAL_c_locale_abbrev_month_names
 *fill*         0x000000000002c121        0x3 
 .rodata.libc.__RAL_c_locale_am_pm_indicator
                0x000000000002c124        0x7 C:/Program Files/SEGGER/SEGGER Embedded Studio for ARM 3.34/lib/libc_v7em_fpv4_sp_d16_hard_t_le_eabi.a(libc2.o)
                0x000000000002c124                __RAL_c_locale_am_pm_indicator
 *fill*         0x000000000002c12b        0x1 
 .rodata.libc.__RAL_c_locale_data
                0x000000000002c12c       0x58 C:/Program Files/SEGGER/SEGGER Embedded Studio for ARM 3.34/lib/libc_v7em_fpv4_sp_d16_hard_t_le_eabi.a(libc2.o)
                0x000000000002c12c                __RAL_c_locale_data
 .rodata.libc.__RAL_c_locale_date_format
                0x000000000002c184        0x9 C:/Program Files/SEGGER/SEGGER Embedded Studio for ARM 3.34/lib/libc_v7em_fpv4_sp_d16_hard_t_le_eabi.a(libc2.o)
                0x000000000002c184                __RAL_c_locale_date_format
 *fill*         0x000000000002c18d        0x3 
 .rodata.libc.__RAL_c_locale_date_time_format
                0x000000000002c190        0xf C:/Program Files/SEGGER/SEGGER Embedded Studio for ARM 3.34/lib/libc_v7em_fpv4_sp_d16_hard_t_le_eabi.a(libc2.o)
                0x000000000002c190                __RAL_c_locale_date_time_format
 *fill*         0x000000000002c19f        0x1 
 .rodata.libc.__RAL_c_locale_day_names
                0x000000000002c1a0       0x3a C:/Program Files/SEGGER/SEGGER Embedded Studio for ARM 3.34/lib/libc_v7em_fpv4_sp_d16_hard_t_le_eabi.a(libc2.o)
                0x000000000002c1a0                __RAL_c_locale_day_names
 *fill*         0x000000000002c1da        0x2 
 .rodata.libc.__RAL_c_locale_month_names
                0x000000000002c1dc       0x57 C:/Program Files/SEGGER/SEGGER Embedded Studio for ARM 3.34/lib/libc_v7em_fpv4_sp_d16_hard_t_le_eabi.a(libc2.o)
                0x000000000002c1dc                __RAL_c_locale_month_names
 *fill*         0x000000000002c233        0x1 
 .rodata.libc.__RAL_c_locale_time_format
                0x000000000002c234        0x9 C:/Program Files/SEGGER/SEGGER Embedded Studio for ARM 3.34/lib/libc_v7em_fpv4_sp_d16_hard_t_le_eabi.a(libc2.o)
                0x000000000002c234                __RAL_c_locale_time_format
 *fill*         0x000000000002c23d        0x3 
 .rodata.libc.__RAL_codeset_ascii
                0x000000000002c240       0x20 C:/Program Files/SEGGER/SEGGER Embedded Studio for ARM 3.34/lib/libc_v7em_fpv4_sp_d16_hard_t_le_eabi.a(libc2.o)
                0x000000000002c240                __RAL_codeset_ascii
 .rodata.libc.__RAL_data_empty_string
                0x000000000002c260        0x1 C:/Program Files/SEGGER/SEGGER Embedded Studio for ARM 3.34/lib/libc_v7em_fpv4_sp_d16_hard_t_le_eabi.a(libc2.o)
                0x000000000002c260                __RAL_data_empty_string
 *fill*         0x000000000002c261        0x3 
 .rodata.libc.__RAL_data_utf8_period
                0x000000000002c264        0x2 C:/Program Files/SEGGER/SEGGER Embedded Studio for ARM 3.34/lib/libc_v7em_fpv4_sp_d16_hard_t_le_eabi.a(libc2.o)
                0x000000000002c264                __RAL_data_utf8_period
 *fill*         0x000000000002c266        0x2 
 .rodata.libc.__RAL_find_locale.str1.4
                0x000000000002c268        0xc C:/Program Files/SEGGER/SEGGER Embedded Studio for ARM 3.34/lib/libc_v7em_fpv4_sp_d16_hard_t_le_eabi.a(libc2.o)
                                          0xa (size before relaxing)
                0x000000000002c274                __rodata_end__ = (__rodata_start__ + SIZEOF (.rodata))
                0x0000000000000908                __rodata_size__ = SIZEOF (.rodata)
                0x000000000002c274                __rodata_load_end__ = __rodata_end__

.rel.dyn        0x000000000002c274        0x0
 .rel.iplt      0x000000000002c274        0x0 Output/agrilinx_tracker Debug/Obj/thumb_crt0.o
                0x0000000000000001                . = ASSERT (((__rodata_start__ == __rodata_end__) || ((__rodata_end__ >= __FLASH_segment_start__) && (__rodata_end__ <= __FLASH_segment_end__))), error: .rodata is too large to fit in FLASH memory segment)
                0x000000000002c274                __ARM.exidx_load_start__ = ALIGN (__rodata_end__, 0x4)

.ARM.exidx      0x000000000002c274        0x0
                0x000000000002c274                __ARM.exidx_start__ = .
                0x000000000002c274                __exidx_start = __ARM.exidx_start__
 *(.ARM.exidx .ARM.exidx.*)
                0x000000000002c274                __ARM.exidx_end__ = (__ARM.exidx_start__ + SIZEOF (.ARM.exidx))
                0x0000000000000000                __ARM.exidx_size__ = SIZEOF (.ARM.exidx)
                0x000000000002c274                __exidx_end = __ARM.exidx_end__
                0x000000000002c274                __ARM.exidx_load_end__ = __ARM.exidx_end__
                0x0000000000000001                . = ASSERT (((__ARM.exidx_start__ == __ARM.exidx_end__) || ((__ARM.exidx_end__ >= __FLASH_segment_start__) && (__ARM.exidx_end__ <= __FLASH_segment_end__))), error: .ARM.exidx is too large to fit in FLASH memory segment)
                0x000000000002c274                __fast_load_start__ = ALIGN (__ARM.exidx_end__, 0x4)

.fast           0x0000000020005668        0x0 load address 0x000000000002c274
                0x0000000020005668                __fast_start__ = .
 *(.fast .fast.*)
                0x0000000020005668                __fast_end__ = (__fast_start__ + SIZEOF (.fast))
                0x0000000000000000                __fast_size__ = SIZEOF (.fast)
                0x000000000002c274                __fast_load_end__ = (__fast_load_start__ + SIZEOF (.fast))
                0x0000000000000001                . = ASSERT (((__fast_load_start__ == __fast_load_end__) || ((__fast_load_end__ >= __FLASH_segment_start__) && (__fast_load_end__ <= __FLASH_segment_end__))), error: .fast is too large to fit in FLASH memory segment)

.fast_run       0x0000000020005668        0x0
                0x0000000020005668                __fast_run_start__ = .
                0x0000000020005668                . = MAX ((__fast_run_start__ + SIZEOF (.fast)), .)
                0x0000000020005668                __fast_run_end__ = (__fast_run_start__ + SIZEOF (.fast_run))
                0x0000000000000000                __fast_run_size__ = SIZEOF (.fast_run)
                0x0000000020005668                __fast_run_load_end__ = __fast_run_end__
                0x0000000000000001                . = ASSERT (((__fast_run_start__ == __fast_run_end__) || ((__fast_run_end__ >= __RAM_segment_start__) && (__fast_run_end__ <= __RAM_segment_end__))), error: .fast_run is too large to fit in RAM memory segment)
                0x000000000002c274                __data_load_start__ = ALIGN ((__fast_load_start__ + SIZEOF (.fast)), 0x4)

.data           0x0000000020005668       0x34 load address 0x000000000002c274
                0x0000000020005668                __data_start__ = .
 *(.data .data.* .gnu.linkonce.d.*)
 .data.SystemCoreClock
                0x0000000020005668        0x4 Output/agrilinx_tracker Debug/Obj/system_nrf52.o
                0x0000000020005668                SystemCoreClock
 .data.wakeUpTime
                0x000000002000566c        0x1 Output/agrilinx_tracker Debug/Obj/main.o
                0x000000002000566c                wakeUpTime
 *fill*         0x000000002000566d        0x3 
 .data.netToken.11251
                0x0000000020005670        0x4 Output/agrilinx_tracker Debug/Obj/main.o
 .data.appToken.11252
                0x0000000020005674        0xa Output/agrilinx_tracker Debug/Obj/main.o
 *fill*         0x000000002000567e        0x2 
 .data.uart_driver_instance
                0x0000000020005680        0x8 Output/agrilinx_tracker Debug/Obj/ll_ifc_transport_mcu.o
                0x0000000020005680                uart_driver_instance
 .data.libc.__RAL_global_locale
                0x0000000020005688       0x14 C:/Program Files/SEGGER/SEGGER Embedded Studio for ARM 3.34/lib/libc_v7em_fpv4_sp_d16_hard_t_le_eabi.a(libc2.o)
                0x0000000020005688                __RAL_global_locale
                0x000000002000569c                __data_end__ = (__data_start__ + SIZEOF (.data))
                0x0000000000000034                __data_size__ = SIZEOF (.data)
                0x000000000002c2a8                __data_load_end__ = (__data_load_start__ + SIZEOF (.data))

.igot.plt       0x0000000100000000        0x0
 .igot.plt      0x0000000100000000        0x0 Output/agrilinx_tracker Debug/Obj/thumb_crt0.o
                0x0000000000000001                . = ASSERT (((__data_load_start__ == __data_load_end__) || ((__data_load_end__ >= __FLASH_segment_start__) && (__data_load_end__ <= __FLASH_segment_end__))), error: .data is too large to fit in FLASH memory segment)

.data_run       0x0000000020005668       0x34 load address 0x000000000002c274
                0x0000000020005668                __data_run_start__ = .
                0x000000002000569c                . = MAX ((__data_run_start__ + SIZEOF (.data)), .)
 *fill*         0x0000000020005668       0x34 
                0x000000002000569c                __data_run_end__ = (__data_run_start__ + SIZEOF (.data_run))
                0x0000000000000034                __data_run_size__ = SIZEOF (.data_run)
                0x000000002000569c                __data_run_load_end__ = __data_run_end__
                0x0000000000000001                . = ASSERT (((__data_run_start__ == __data_run_end__) || ((__data_run_end__ >= __RAM_segment_start__) && (__data_run_end__ <= __RAM_segment_end__))), error: .data_run is too large to fit in RAM memory segment)
                0x000000000002c2a8                __tdata_load_start__ = ALIGN ((__data_load_start__ + SIZEOF (.data)), 0x4)

.tdata          0x000000002000569c        0x0 load address 0x000000000002c2a8
                0x000000002000569c                __tdata_start__ = .
 *(.tdata .tdata.*)
                0x000000002000569c                __tdata_end__ = (__tdata_start__ + SIZEOF (.tdata))
                0x0000000000000000                __tdata_size__ = SIZEOF (.tdata)
                0x000000000002c2a8                __tdata_load_end__ = (__tdata_load_start__ + SIZEOF (.tdata))
                0x000000000002c2a8                __FLASH_segment_used_end__ = (ALIGN ((__data_load_start__ + SIZEOF (.data)), 0x4) + SIZEOF (.tdata))
                0x000000000002c2a8                __FLASH_segment_used_size__ = (__FLASH_segment_used_end__ - __FLASH_segment_start__)
                0x0000000000000001                . = ASSERT (((__tdata_load_start__ == __tdata_load_end__) || ((__tdata_load_end__ >= __FLASH_segment_start__) && (__tdata_load_end__ <= __FLASH_segment_end__))), error: .tdata is too large to fit in FLASH memory segment)
