Archive member included to satisfy reference by file (symbol)

C:/Program Files/SEGGER/SEGGER Embedded Studio for ARM 3.34/lib/libdebugio_v7em_fpv4_sp_d16_hard_t_le_eabi.a(libdebugio.o)
                              Output/blinky_pca10040_s132 Debug/Obj/thumb_crt0.o (debug_fopen)
C:/Program Files/SEGGER/SEGGER Embedded Studio for ARM 3.34/lib/libdebugio_mempoll_v7em_fpv4_sp_d16_hard_t_le_eabi.a(mempoll_debug_operations.o)
                              C:/Program Files/SEGGER/SEGGER Embedded Studio for ARM 3.34/lib/libdebugio_v7em_fpv4_sp_d16_hard_t_le_eabi.a(libdebugio.o) (__do_debug_operation)
C:/Program Files/SEGGER/SEGGER Embedded Studio for ARM 3.34/lib/libdebugio_mempoll_v7em_fpv4_sp_d16_hard_t_le_eabi.a(do_nv_debug_operation.o)
                              C:/Program Files/SEGGER/SEGGER Embedded Studio for ARM 3.34/lib/libdebugio_v7em_fpv4_sp_d16_hard_t_le_eabi.a(libdebugio.o) (__do_nvdebug_operation)
C:/Program Files/SEGGER/SEGGER Embedded Studio for ARM 3.34/lib/libm_v7em_fpv4_sp_d16_hard_t_le_eabi.a(libm_asm.o)
                              C:/Program Files/SEGGER/SEGGER Embedded Studio for ARM 3.34/lib/libvfscanf_v7em_fpv4_sp_d16_hard_t_le_eabi.o (__aeabi_i2d)
C:/Program Files/SEGGER/SEGGER Embedded Studio for ARM 3.34/lib/libm_v7em_fpv4_sp_d16_hard_t_le_eabi.a(libm2.o)
                              C:/Program Files/SEGGER/SEGGER Embedded Studio for ARM 3.34/lib/libvfprintf_v7em_fpv4_sp_d16_hard_t_le_eabi.o (frexp)
C:/Program Files/SEGGER/SEGGER Embedded Studio for ARM 3.34/lib/libm_v7em_fpv4_sp_d16_hard_t_le_eabi.a(libm2_asm.o)
                              C:/Program Files/SEGGER/SEGGER Embedded Studio for ARM 3.34/lib/libm_v7em_fpv4_sp_d16_hard_t_le_eabi.a(libm2.o) (fabs)
C:/Program Files/SEGGER/SEGGER Embedded Studio for ARM 3.34/lib/libc_v7em_fpv4_sp_d16_hard_t_le_eabi.a(libc_asm.o)
                              C:/Program Files/SEGGER/SEGGER Embedded Studio for ARM 3.34/lib/libvfprintf_v7em_fpv4_sp_d16_hard_t_le_eabi.o (__aeabi_uldivmod)
C:/Program Files/SEGGER/SEGGER Embedded Studio for ARM 3.34/lib/libc_v7em_fpv4_sp_d16_hard_t_le_eabi.a(libc2.o)
                              C:/Program Files/SEGGER/SEGGER Embedded Studio for ARM 3.34/lib/libvfscanf_v7em_fpv4_sp_d16_hard_t_le_eabi.o (__getc)
C:/Program Files/SEGGER/SEGGER Embedded Studio for ARM 3.34/lib/libc_v7em_fpv4_sp_d16_hard_t_le_eabi.a(libc2_asm.o)
                              C:/Program Files/SEGGER/SEGGER Embedded Studio for ARM 3.34/lib/libc_v7em_fpv4_sp_d16_hard_t_le_eabi.a(libc2.o) (memcpy)

Discarded input sections

 .text          0x0000000000000000        0x0 Output/blinky_pca10040_s132 Debug/Obj/thumb_crt0.o
 .data          0x0000000000000000        0x0 Output/blinky_pca10040_s132 Debug/Obj/thumb_crt0.o
 .bss           0x0000000000000000        0x0 Output/blinky_pca10040_s132 Debug/Obj/thumb_crt0.o
 .text.__aeabi_read_tp
                0x0000000000000000        0x8 Output/blinky_pca10040_s132 Debug/Obj/thumb_crt0.o
 .text.__heap_lock
                0x0000000000000000        0x2 Output/blinky_pca10040_s132 Debug/Obj/thumb_crt0.o
 .text.__heap_unlock
                0x0000000000000000        0x2 Output/blinky_pca10040_s132 Debug/Obj/thumb_crt0.o
 .text.__printf_lock
                0x0000000000000000        0x2 Output/blinky_pca10040_s132 Debug/Obj/thumb_crt0.o
 .text.__printf_unlock
                0x0000000000000000        0x2 Output/blinky_pca10040_s132 Debug/Obj/thumb_crt0.o
 .text.__scanf_lock
                0x0000000000000000        0x2 Output/blinky_pca10040_s132 Debug/Obj/thumb_crt0.o
 .text.__scanf_unlock
                0x0000000000000000        0x2 Output/blinky_pca10040_s132 Debug/Obj/thumb_crt0.o
 .text.__debug_io_lock
                0x0000000000000000        0x2 Output/blinky_pca10040_s132 Debug/Obj/thumb_crt0.o
 .text.__debug_io_unlock
                0x0000000000000000        0x2 Output/blinky_pca10040_s132 Debug/Obj/thumb_crt0.o
 .text.abort    0x0000000000000000        0x2 Output/blinky_pca10040_s132 Debug/Obj/thumb_crt0.o
 .text.__assert
                0x0000000000000000        0x2 Output/blinky_pca10040_s132 Debug/Obj/thumb_crt0.o
 .text.__aeabi_assert
                0x0000000000000000        0x2 Output/blinky_pca10040_s132 Debug/Obj/thumb_crt0.o
 .text.__cxa_pure_virtual
                0x0000000000000000        0x2 Output/blinky_pca10040_s132 Debug/Obj/thumb_crt0.o
 .text.__cxa_guard_acquire
                0x0000000000000000       0x10 Output/blinky_pca10040_s132 Debug/Obj/thumb_crt0.o
 .text.__cxa_guard_release
                0x0000000000000000        0x6 Output/blinky_pca10040_s132 Debug/Obj/thumb_crt0.o
 .text.__cxa_guard_abort
                0x0000000000000000        0x2 Output/blinky_pca10040_s132 Debug/Obj/thumb_crt0.o
 .text.__sync_synchronize
                0x0000000000000000        0x2 Output/blinky_pca10040_s132 Debug/Obj/thumb_crt0.o
 .text.__getchar
                0x0000000000000000        0x4 Output/blinky_pca10040_s132 Debug/Obj/thumb_crt0.o
 .text.__putchar
[...]
Memory Configuration

Name             Origin             Length             Attributes
UNPLACED_SECTIONS 0x0000000100000000 0x0000000000000000 xw
RAM              0x0000000020000000 0x0000000000010000 xw
FLASH            0x0000000000000000 0x0000000000080000 xw
*default*        0x0000000000000000 0xffffffffffffffff

Linker script and memory map

                0x0000000000000000                __vfprintf = __vfprintf_long
                0x0000000000000000                __vfscanf = __vfscanf_int
                0x0000000020000000                __RAM_segment_start__ = 0x20000000
                0x0000000020010000                __RAM_segment_end__ = 0x20010000
                0x0000000000010000                __RAM_segment_size__ = 0x10000
                0x0000000000000000                __FLASH_segment_start__ = 0x0
                0x0000000000080000                __FLASH_segment_end__ = 0x80000
                0x0000000000080000                __FLASH_segment_size__ = 0x80000
                0x0000000000000200                __HEAPSIZE__ = 0x200
                0x0000000000000000                __STACKSIZE_ABT__ = 0x0
                0x0000000000000000                __STACKSIZE_FIQ__ = 0x0
                0x0000000000000000                __STACKSIZE_IRQ__ = 0x0
                0x0000000000000000                __STACKSIZE_PROCESS__ = 0x0
                0x0000000000000000                __STACKSIZE_SVC__ = 0x0
                0x0000000000000000                __STACKSIZE_UND__ = 0x0
                0x0000000000000800                __STACKSIZE__ = 0x800
                0x0000000020000000                __reserved_ram_load_start__ = 0x20000000

.reserved_ram   0x0000000020000000     0x5668
                0x0000000020000000                __reserved_ram_start__ = .
 *(.reserved_ram .reserved_ram.*)
                0x0000000020005668                . = MAX (((__reserved_ram_start__ + 0x20005668) - 0x20000000), .)
 *fill*         0x0000000020000000     0x5668 
                0x0000000020005668                __reserved_ram_end__ = (__reserved_ram_start__ + SIZEOF (.reserved_ram))
                0x0000000000005668                __reserved_ram_size__ = SIZEOF (.reserved_ram)
                0x0000000020005668                __reserved_ram_load_end__ = __reserved_ram_end__
                0x0000000000000001                . = ASSERT (((__reserved_ram_start__ == __reserved_ram_end__) || ((__reserved_ram_end__ >= __RAM_segment_start__) && (__reserved_ram_end__ <= __RAM_segment_end__))), error: .reserved_ram is too large to fit in RAM memory segment)
                0x0000000020005668                __vectors_ram_load_start__ = 0x20005668

.vectors_ram    0x0000000020005668        0x0
                0x0000000020005668                __vectors_ram_start__ = .
                0x0000000020005668                __app_ram_start__ = __vectors_ram_start__
 *(.vectors_ram .vectors_ram.*)
                0x0000000020005668                __vectors_ram_end__ = (__vectors_ram_start__ + SIZEOF (.vectors_ram))
                0x0000000000000000                __vectors_ram_size__ = SIZEOF (.vectors_ram)
                0x0000000020005668                __vectors_ram_load_end__ = __vectors_ram_end__
                0x0000000000000001                . = ASSERT (((__vectors_ram_start__ == __vectors_ram_end__) || ((__vectors_ram_end__ >= __RAM_segment_start__) && (__vectors_ram_end__ <= __RAM_segment_end__))), error: .vectors_ram is too large to fit in RAM memory segment)
                0x0000000000000001                . = ASSERT ((__reserved_ram_end__ <= __vectors_ram_start__), error: section .reserved_ram overlaps absolute placed section .vectors_ram)
                0x0000000020005668                __nrf_sections_run_load_start__ = ALIGN (__vectors_ram_end__, 0x4)

.nrf_sections_run
                0x0000000020005668        0x0
                0x0000000020005668                __nrf_sections_run_start__ = .
                0x0000000020005668                __start_nrf_sections_run = __nrf_sections_run_start__
 *(.nrf_sections_run .nrf_sections_run.*)
                0x0000000020005668                __nrf_sections_run_end__ = (__nrf_sections_run_start__ + SIZEOF (.nrf_sections_run))
                0x0000000000000000                __nrf_sections_run_size__ = SIZEOF (.nrf_sections_run)
                0x0000000020005668                __nrf_sections_run_load_end__ = __nrf_sections_run_end__
                0x0000000000000001                . = ASSERT (((__nrf_sections_run_start__ == __nrf_sections_run_end__) || ((__nrf_sections_run_end__ >= __RAM_segment_start__) && (__nrf_sections_run_end__ <= __RAM_segment_end__))), error: .nrf_sections_run is too large to fit in RAM memory segment)
                0x0000000000000000                __reserved_flash_load_start__ = 0x0

.reserved_flash
                0x0000000000000000    0x23000
                0x0000000000000000                __reserved_flash_start__ = .
 *(.reserved_flash .reserved_flash.*)
                0x0000000000023000                . = MAX (((__reserved_flash_start__ + 0x23000) - 0x0), .)
 *fill*         0x0000000000000000    0x23000 
                0x0000000000023000                __reserved_flash_end__ = (__reserved_flash_start__ + SIZEOF (.reserved_flash))
                0x0000000000023000                __reserved_flash_size__ = SIZEOF (.reserved_flash)
                0x0000000000023000                __reserved_flash_load_end__ = __reserved_flash_end__
                0x0000000000000001                . = ASSERT (((__reserved_flash_start__ == __reserved_flash_end__) || ((__reserved_flash_end__ >= __FLASH_segment_start__) && (__reserved_flash_end__ <= __FLASH_segment_end__))), error: .reserved_flash is too large to fit in FLASH memory segment)
                0x0000000000023000                __vectors_load_start__ = 0x23000

.vectors        0x0000000000023000       0xdc
                0x0000000000023000                __vectors_start__ = .
 *(.vectors .vectors.*)
 .vectors       0x0000000000023000       0xdc Output/blinky_pca10040_s132 Debug/Obj/ses_nrf52_Vectors.o
                0x0000000000023000                _vectors
                0x00000000000230dc                __vectors_end__ = (__vectors_start__ + SIZEOF (.vectors))
                0x00000000000000dc                __vectors_size__ = SIZEOF (.vectors)
                0x00000000000230dc                __vectors_load_end__ = __vectors_end__
                0x0000000000000001                . = ASSERT (((__vectors_start__ == __vectors_end__) || ((__vectors_end__ >= __FLASH_segment_start__) && (__vectors_end__ <= __FLASH_segment_end__))), error: .vectors is too large to fit in FLASH memory segment)
                0x0000000000000001                . = ASSERT ((__reserved_flash_end__ <= __vectors_start__), error: section .reserved_flash overlaps absolute placed section .vectors)
                0x00000000000230dc                __init_load_start__ = ALIGN (__vectors_end__, 0x4)

.init           0x00000000000230dc      0x218
                0x00000000000230dc                __init_start__ = .
 *(.init .init.*)
 .init          0x00000000000230dc      0x160 Output/blinky_pca10040_s132 Debug/Obj/thumb_crt0.o
                0x00000000000230dc                _start
                0x0000000000023192                exit
 .init          0x000000000002323c       0x58 Output/blinky_pca10040_s132 Debug/Obj/ses_nRF_Startup.o
                0x000000000002323c                Reset_Handler
                0x0000000000023260                InitializeUserMemorySections
 .init          0x0000000000023294       0x60 Output/blinky_pca10040_s132 Debug/Obj/ses_nrf52_Vectors.o
                0x0000000000023294                NMI_Handler
                0x0000000000023296                HardFault_Handler
                0x0000000000023298                MemoryManagement_Handler
                0x000000000002329a                BusFault_Handler
                0x000000000002329c                UsageFault_Handler
                0x000000000002329e                SVC_Handler
                0x00000000000232a0                DebugMon_Handler
                0x00000000000232a2                PendSV_Handler
                0x00000000000232a4                SysTick_Handler
                0x00000000000232a8                POWER_CLOCK_IRQHandler
                0x00000000000232aa                RADIO_IRQHandler
                0x00000000000232ac                UARTE0_UART0_IRQHandler
                0x00000000000232ae                SPIM0_SPIS0_TWIM0_TWIS0_SPI0_TWI0_IRQHandler
                0x00000000000232b0                SPIM1_SPIS1_TWIM1_TWIS1_SPI1_TWI1_IRQHandler
                0x00000000000232b2                NFCT_IRQHandler
                0x00000000000232b4                GPIOTE_IRQHandler
                0x00000000000232b6                SAADC_IRQHandler
                0x00000000000232b8                TIMER0_IRQHandler
                0x00000000000232ba                TIMER1_IRQHandler
                0x00000000000232bc                TIMER2_IRQHandler
                0x00000000000232be                RTC0_IRQHandler
                0x00000000000232c0                TEMP_IRQHandler
                0x00000000000232c2                RNG_IRQHandler
                0x00000000000232c4                ECB_IRQHandler
                0x00000000000232c6                CCM_AAR_IRQHandler
                0x00000000000232c8                WDT_IRQHandler
                0x00000000000232ca                RTC1_IRQHandler
                0x00000000000232cc                QDEC_IRQHandler
                0x00000000000232ce                COMP_LPCOMP_IRQHandler
                0x00000000000232d0                SWI0_EGU0_IRQHandler
                0x00000000000232d2                SWI1_EGU1_IRQHandler
                0x00000000000232d6                SWI3_EGU3_IRQHandler
                0x00000000000232d8                SWI4_EGU4_IRQHandler
                0x00000000000232da                SWI5_EGU5_IRQHandler
                0x00000000000232dc                TIMER3_IRQHandler
                0x00000000000232de                TIMER4_IRQHandler
                0x00000000000232e0                PWM0_IRQHandler
                0x00000000000232e2                PDM_IRQHandler
                0x00000000000232e4                MWU_IRQHandler
                0x00000000000232e6                PWM1_IRQHandler
                0x00000000000232e8                PWM2_IRQHandler
                0x00000000000232ea                SPIM2_SPIS2_SPI2_IRQHandler
                0x00000000000232ec                RTC2_IRQHandler
                0x00000000000232ee                I2S_IRQHandler
                0x00000000000232f0                FPU_IRQHandler
                0x00000000000232f4                __init_end__ = (__init_start__ + SIZEOF (.init))
                0x0000000000000218                __init_size__ = SIZEOF (.init)
                0x00000000000232f4                __init_load_end__ = __init_end__
                0x0000000000000001                . = ASSERT (((__init_start__ == __init_end__) || ((__init_end__ >= __FLASH_segment_start__) && (__init_end__ <= __FLASH_segment_end__))), error: .init is too large to fit in FLASH memory segment)
                0x00000000000232f4                __init_rodata_load_start__ = ALIGN (__init_end__, 0x4)

.init_rodata    0x00000000000232f4        0x0
                0x00000000000232f4                __init_rodata_start__ = .
 *(.init_rodata .init_rodata.*)
                0x00000000000232f4                __init_rodata_end__ = (__init_rodata_start__ + SIZEOF (.init_rodata))
                0x0000000000000000                __init_rodata_size__ = SIZEOF (.init_rodata)
                0x00000000000232f4                __init_rodata_load_end__ = __init_rodata_end__
                0x0000000000000001                . = ASSERT (((__init_rodata_start__ == __init_rodata_end__) || ((__init_rodata_end__ >= __FLASH_segment_start__) && (__init_rodata_end__ <= __FLASH_segment_end__))), error: .init_rodata is too large to fit in FLASH memory segment)
                0x00000000000232f4                __text_load_start__ = ALIGN (__init_rodata_end__, 0x4)

.text           0x00000000000232f4      0xc38
                0x00000000000232f4                __text_start__ = .
 *(.text .text.* .glue_7t .glue_7 .gnu.linkonce.t.* .gcc_except_table .ARM.extab* .gnu.linkonce.armextab.*)
 .glue_7        0x00000000000232f4        0x0 linker stubs
 .glue_7t       0x00000000000232f4        0x0 linker stubs
 .text.NVIC_SystemReset
                0x00000000000232f4       0x24 Output/blinky_pca10040_s132 Debug/Obj/system_nrf52.o
 .text.SystemCoreClockUpdate
                0x0000000000023318       0x14 Output/blinky_pca10040_s132 Debug/Obj/system_nrf52.o
                0x0000000000023318                SystemCoreClockUpdate
 .text.SystemInit
                0x000000000002332c      0x2bc Output/blinky_pca10040_s132 Debug/Obj/system_nrf52.o
                0x000000000002332c                SystemInit
 .text.errata_12
                0x00000000000235e8       0x58 Output/blinky_pca10040_s132 Debug/Obj/system_nrf52.o
 .text.errata_16
                0x0000000000023640       0x38 Output/blinky_pca10040_s132 Debug/Obj/system_nrf52.o
 .text.errata_31
                0x0000000000023678       0x58 Output/blinky_pca10040_s132 Debug/Obj/system_nrf52.o
 .text.errata_32
                0x00000000000236d0       0x38 Output/blinky_pca10040_s132 Debug/Obj/system_nrf52.o
 .text.errata_36
                0x0000000000023708       0x58 Output/blinky_pca10040_s132 Debug/Obj/system_nrf52.o
 .text.errata_37
                0x0000000000023760       0x38 Output/blinky_pca10040_s132 Debug/Obj/system_nrf52.o
 .text.errata_57
                0x0000000000023798       0x38 Output/blinky_pca10040_s132 Debug/Obj/system_nrf52.o
 .text.errata_66
                0x00000000000237d0       0x38 Output/blinky_pca10040_s132 Debug/Obj/system_nrf52.o
 .text.errata_108
                0x0000000000023808       0x58 Output/blinky_pca10040_s132 Debug/Obj/system_nrf52.o
 .text.errata_136
                0x0000000000023860       0x58 Output/blinky_pca10040_s132 Debug/Obj/system_nrf52.o
 .text.nrf_delay_us
                0x00000000000238b8       0xa0 Output/blinky_pca10040_s132 Debug/Obj/main.o
 .text.nrf_delay_ms
                0x0000000000023958       0x1e Output/blinky_pca10040_s132 Debug/Obj/main.o
 .text.main     0x0000000000023976       0x2c Output/blinky_pca10040_s132 Debug/Obj/main.o
                0x0000000000023976                main
 *fill*         0x00000000000239a2        0x2 
 .text.nrf_gpio_pin_port_decode
                0x00000000000239a4       0x28 Output/blinky_pca10040_s132 Debug/Obj/boards.o
 .text.nrf_gpio_cfg
                0x00000000000239cc       0x60 Output/blinky_pca10040_s132 Debug/Obj/boards.o
 .text.nrf_gpio_cfg_output
                0x0000000000023a2c       0x22 Output/blinky_pca10040_s132 Debug/Obj/boards.o
 .text.nrf_gpio_pin_set
                0x0000000000023a4e       0x28 Output/blinky_pca10040_s132 Debug/Obj/boards.o
 .text.nrf_gpio_pin_clear
                0x0000000000023a76       0x28 Output/blinky_pca10040_s132 Debug/Obj/boards.o
 .text.nrf_gpio_pin_toggle
                0x0000000000023a9e       0x44 Output/blinky_pca10040_s132 Debug/Obj/boards.o
 .text.nrf_gpio_pin_write
                0x0000000000023ae2       0x24 Output/blinky_pca10040_s132 Debug/Obj/boards.o
 .text.nrf_gpio_port_out_set
                0x0000000000023b06       0x14 Output/blinky_pca10040_s132 Debug/Obj/boards.o
 .text.nrf_gpio_port_out_clear
                0x0000000000023b1a       0x14 Output/blinky_pca10040_s132 Debug/Obj/boards.o
 *fill*         0x0000000000023b2e        0x2 
 .text.bsp_board_led_off
                0x0000000000023b30       0x34 Output/blinky_pca10040_s132 Debug/Obj/boards.o
                0x0000000000023b30                bsp_board_led_off
 .text.bsp_board_leds_off
                0x0000000000023b64       0x24 Output/blinky_pca10040_s132 Debug/Obj/boards.o
                0x0000000000023b64                bsp_board_leds_off
 .text.bsp_board_led_invert
                0x0000000000023b88       0x34 Output/blinky_pca10040_s132 Debug/Obj/boards.o
                0x0000000000023b88                bsp_board_led_invert
 .text.bsp_board_leds_init
                0x0000000000023bbc       0x34 Output/blinky_pca10040_s132 Debug/Obj/boards.o
                0x0000000000023bbc                bsp_board_leds_init
 .text.app_error_handler
                0x0000000000023bf0       0x30 Output/blinky_pca10040_s132 Debug/Obj/app_error.o
                0x0000000000023bf0                app_error_handler
 .text.app_error_save_and_stop
                0x0000000000023c20       0x98 Output/blinky_pca10040_s132 Debug/Obj/app_error.o
                0x0000000000023c20                app_error_save_and_stop
 .text.app_error_fault_handler
                0x0000000000023cb8       0x6c Output/blinky_pca10040_s132 Debug/Obj/app_error_weak.o
                0x0000000000023cb8                app_error_fault_handler
 .text.assert_nrf_callback
                0x0000000000023d24       0x2e Output/blinky_pca10040_s132 Debug/Obj/nrf_assert.o
                0x0000000000023d24                assert_nrf_callback
 *fill*         0x0000000000023d52        0x2 
 .text.nrf_section_iter_init
                0x0000000000023d54       0x54 Output/blinky_pca10040_s132 Debug/Obj/nrf_section_iter.o
                0x0000000000023d54                nrf_section_iter_init
 .text.nrf_section_iter_next
                0x0000000000023da8       0x64 Output/blinky_pca10040_s132 Debug/Obj/nrf_section_iter.o
                0x0000000000023da8                nrf_section_iter_next
 .text.nrf_section_iter_get
                0x0000000000023e0c       0x24 Output/blinky_pca10040_s132 Debug/Obj/nrf_sdh.o
 .text.nrf_sdh_evts_poll
                0x0000000000023e30       0x4c Output/blinky_pca10040_s132 Debug/Obj/nrf_sdh.o
                0x0000000000023e30                nrf_sdh_evts_poll
 .text.SWI2_EGU2_IRQHandler
                0x0000000000023e7c        0xa Output/blinky_pca10040_s132 Debug/Obj/nrf_sdh.o
                0x0000000000023e7c                SWI2_EGU2_IRQHandler
 *fill*         0x0000000000023e86        0x2 
 .text.nrf_section_iter_get
                0x0000000000023e88       0x24 Output/blinky_pca10040_s132 Debug/Obj/nrf_sdh_soc.o
 .text.sd_evt_get
                0x0000000000023eac        0x8 Output/blinky_pca10040_s132 Debug/Obj/nrf_sdh_soc.o
 .text.nrf_sdh_soc_evts_poll
                0x0000000000023eb4       0x78 Output/blinky_pca10040_s132 Debug/Obj/nrf_sdh_soc.o
                0x0000000000023f2c                __text_end__ = (__text_start__ + SIZEOF (.text))
                0x0000000000000c38                __text_size__ = SIZEOF (.text)
                0x0000000000023f2c                __text_load_end__ = __text_end__

.vfp11_veneer   0x0000000100000000        0x0
 .vfp11_veneer  0x0000000100000000        0x0 linker stubs

.v4_bx          0x0000000100000000        0x0
 .v4_bx         0x0000000100000000        0x0 linker stubs

.iplt           0x0000000100000000        0x0
 .iplt          0x0000000100000000        0x0 Output/blinky_pca10040_s132 Debug/Obj/thumb_crt0.o
                0x0000000000000001                . = ASSERT (((__text_start__ == __text_end__) || ((__text_end__ >= __FLASH_segment_start__) && (__text_end__ <= __FLASH_segment_end__))), error: .text is too large to fit in FLASH memory segment)
                0x0000000000023f2c                __sdh_soc_observers_load_start__ = ALIGN (__text_end__, 0x4)

.sdh_soc_observers
                0x0000000000023f2c        0x0
                0x0000000000023f2c                __sdh_soc_observers_start__ = .
                0x0000000000023f2c                __start_sdh_soc_observers = __sdh_soc_observers_start__
 *(SORT(.sdh_soc_observers*))
                0x0000000000023f2c                __sdh_soc_observers_end__ = (__sdh_soc_observers_start__ + SIZEOF (.sdh_soc_observers))
                0x0000000000000000                __sdh_soc_observers_size__ = SIZEOF (.sdh_soc_observers)
                0x0000000000023f2c                __stop_sdh_soc_observers = __sdh_soc_observers_end__
                0x0000000000023f2c                __sdh_soc_observers_load_end__ = __sdh_soc_observers_end__
                0x0000000000000001                . = ASSERT (((__sdh_soc_observers_start__ == __sdh_soc_observers_end__) || ((__sdh_soc_observers_end__ >= __FLASH_segment_start__) && (__sdh_soc_observers_end__ <= __FLASH_segment_end__))), error: .sdh_soc_observers is too large to fit in FLASH memory segment)
                0x0000000000023f2c                __log_const_data_load_start__ = ALIGN (__sdh_soc_observers_end__, 0x4)

.log_const_data
                0x0000000000023f2c        0x0
                0x0000000000023f2c                __log_const_data_start__ = .
                0x0000000000023f2c                __start_log_const_data = __log_const_data_start__
 *(SORT(.log_const_data*))
                0x0000000000023f2c                __log_const_data_end__ = (__log_const_data_start__ + SIZEOF (.log_const_data))
                0x0000000000000000                __log_const_data_size__ = SIZEOF (.log_const_data)
                0x0000000000023f2c                __stop_log_const_data = __log_const_data_end__
                0x0000000000023f2c                __log_const_data_load_end__ = __log_const_data_end__
                0x0000000000000001                . = ASSERT (((__log_const_data_start__ == __log_const_data_end__) || ((__log_const_data_end__ >= __FLASH_segment_start__) && (__log_const_data_end__ <= __FLASH_segment_end__))), error: .log_const_data is too large to fit in FLASH memory segment)
                0x0000000000023f2c                __sdh_req_observers_load_start__ = ALIGN (__log_const_data_end__, 0x4)

.sdh_req_observers
                0x0000000000023f2c        0x0
                0x0000000000023f2c                __sdh_req_observers_start__ = .
                0x0000000000023f2c                __start_sdh_req_observers = __sdh_req_observers_start__
 *(SORT(.sdh_req_observers*))
                0x0000000000023f2c                __sdh_req_observers_end__ = (__sdh_req_observers_start__ + SIZEOF (.sdh_req_observers))
                0x0000000000000000                __sdh_req_observers_size__ = SIZEOF (.sdh_req_observers)
                0x0000000000023f2c                __stop_sdh_req_observers = __sdh_req_observers_end__
                0x0000000000023f2c                __sdh_req_observers_load_end__ = __sdh_req_observers_end__
                0x0000000000000001                . = ASSERT (((__sdh_req_observers_start__ == __sdh_req_observers_end__) || ((__sdh_req_observers_end__ >= __FLASH_segment_start__) && (__sdh_req_observers_end__ <= __FLASH_segment_end__))), error: .sdh_req_observers is too large to fit in FLASH memory segment)
                0x0000000000023f2c                __sdh_state_observers_load_start__ = ALIGN (__sdh_req_observers_end__, 0x4)

.sdh_state_observers
                0x0000000000023f2c        0x0
                0x0000000000023f2c                __sdh_state_observers_start__ = .
                0x0000000000023f2c                __start_sdh_state_observers = __sdh_state_observers_start__
 *(SORT(.sdh_state_observers*))
                0x0000000000023f2c                __sdh_state_observers_end__ = (__sdh_state_observers_start__ + SIZEOF (.sdh_state_observers))
                0x0000000000000000                __sdh_state_observers_size__ = SIZEOF (.sdh_state_observers)
                0x0000000000023f2c                __stop_sdh_state_observers = __sdh_state_observers_end__
                0x0000000000023f2c                __sdh_state_observers_load_end__ = __sdh_state_observers_end__
                0x0000000000000001                . = ASSERT (((__sdh_state_observers_start__ == __sdh_state_observers_end__) || ((__sdh_state_observers_end__ >= __FLASH_segment_start__) && (__sdh_state_observers_end__ <= __FLASH_segment_end__))), error: .sdh_state_observers is too large to fit in FLASH memory segment)
                0x0000000000023f2c                __sdh_stack_observers_load_start__ = ALIGN (__sdh_state_observers_end__, 0x4)

.sdh_stack_observers
                0x0000000000023f2c        0x8
                0x0000000000023f2c                __sdh_stack_observers_start__ = .
                0x0000000000023f2c                __start_sdh_stack_observers = __sdh_stack_observers_start__
 *(SORT(.sdh_stack_observers*))
 .sdh_stack_observers0
                0x0000000000023f2c        0x8 Output/blinky_pca10040_s132 Debug/Obj/nrf_sdh_soc.o
                0x0000000000023f34                __sdh_stack_observers_end__ = (__sdh_stack_observers_start__ + SIZEOF (.sdh_stack_observers))
                0x0000000000000008                __sdh_stack_observers_size__ = SIZEOF (.sdh_stack_observers)
                0x0000000000023f34                __stop_sdh_stack_observers = __sdh_stack_observers_end__
                0x0000000000023f34                __sdh_stack_observers_load_end__ = __sdh_stack_observers_end__
                0x0000000000000001                . = ASSERT (((__sdh_stack_observers_start__ == __sdh_stack_observers_end__) || ((__sdh_stack_observers_end__ >= __FLASH_segment_start__) && (__sdh_stack_observers_end__ <= __FLASH_segment_end__))), error: .sdh_stack_observers is too large to fit in FLASH memory segment)
                0x0000000000023f34                __nrf_sections_load_start__ = ALIGN (__sdh_stack_observers_end__, 0x4)

.nrf_sections   0x0000000000023f34        0x0
                0x0000000000023f34                __nrf_sections_start__ = .
                0x0000000000023f34                __start_nrf_sections = __nrf_sections_start__
 *(.nrf_sections .nrf_sections.*)
                0x0000000000023f34                __nrf_sections_end__ = (__nrf_sections_start__ + SIZEOF (.nrf_sections))
                0x0000000000000000                __nrf_sections_size__ = SIZEOF (.nrf_sections)
                0x0000000000023f34                __nrf_sections_load_end__ = __nrf_sections_end__
                0x0000000000000001                . = ASSERT (((__nrf_sections_start__ == __nrf_sections_end__) || ((__nrf_sections_end__ >= __FLASH_segment_start__) && (__nrf_sections_end__ <= __FLASH_segment_end__))), error: .nrf_sections is too large to fit in FLASH memory segment)
                0x0000000000023f34                __log_dynamic_data_load_start__ = ALIGN (__nrf_sections_end__, 0x4)

.log_dynamic_data
                0x0000000020005668        0x0 load address 0x0000000000023f34
                0x0000000020005668                __log_dynamic_data_start__ = .
 *(SORT(.log_dynamic_data*))
                0x0000000020005668                __log_dynamic_data_end__ = (__log_dynamic_data_start__ + SIZEOF (.log_dynamic_data))
                0x0000000000000000                __log_dynamic_data_size__ = SIZEOF (.log_dynamic_data)
                0x0000000000023f34                __log_dynamic_data_load_end__ = (__log_dynamic_data_load_start__ + SIZEOF (.log_dynamic_data))
                0x0000000000000001                . = ASSERT (((__log_dynamic_data_load_start__ == __log_dynamic_data_load_end__) || ((__log_dynamic_data_load_end__ >= __FLASH_segment_start__) && (__log_dynamic_data_load_end__ <= __FLASH_segment_end__))), error: .log_dynamic_data is too large to fit in FLASH memory segment)

.log_dynamic_data_run
                0x0000000020005668        0x0
                0x0000000020005668                __log_dynamic_data_run_start__ = .
                0x0000000020005668                __start_log_dynamic_data = __log_dynamic_data_run_start__
                0x0000000020005668                . = MAX ((__log_dynamic_data_run_start__ + SIZEOF (.log_dynamic_data)), .)
                0x0000000020005668                __log_dynamic_data_run_end__ = (__log_dynamic_data_run_start__ + SIZEOF (.log_dynamic_data_run))
                0x0000000000000000                __log_dynamic_data_run_size__ = SIZEOF (.log_dynamic_data_run)
                0x0000000020005668                __stop_log_dynamic_data = __log_dynamic_data_run_end__
                0x0000000020005668                __log_dynamic_data_run_load_end__ = __log_dynamic_data_run_end__
                0x0000000000000001                . = ASSERT (((__log_dynamic_data_run_start__ == __log_dynamic_data_run_end__) || ((__log_dynamic_data_run_end__ >= __RAM_segment_start__) && (__log_dynamic_data_run_end__ <= __RAM_segment_end__))), error: .log_dynamic_data_run is too large to fit in RAM memory segment)
                0x0000000020005668                __nrf_sections_run_end_load_start__ = ALIGN (__log_dynamic_data_run_end__, 0x4)

.nrf_sections_run_end
                0x0000000020005668        0x0
                0x0000000020005668                __nrf_sections_run_end_start__ = .
                0x0000000020005668                __end_nrf_sections_run = __nrf_sections_run_end_start__
 *(.nrf_sections_run_end .nrf_sections_run_end.*)
                0x0000000020005668                __nrf_sections_run_end_end__ = (__nrf_sections_run_end_start__ + SIZEOF (.nrf_sections_run_end))
                0x0000000000000000                __nrf_sections_run_end_size__ = SIZEOF (.nrf_sections_run_end)
                0x0000000020005668                __nrf_sections_run_end_load_end__ = __nrf_sections_run_end_end__
                0x0000000000000001                . = ASSERT (((__nrf_sections_run_end_start__ == __nrf_sections_run_end_end__) || ((__nrf_sections_run_end_end__ >= __RAM_segment_start__) && (__nrf_sections_run_end_end__ <= __RAM_segment_end__))), error: .nrf_sections_run_end is too large to fit in RAM memory segment)
                0x0000000000023f34                __dtors_load_start__ = ALIGN ((__log_dynamic_data_load_start__ + SIZEOF (.log_dynamic_data)), 0x4)

.dtors          0x0000000000023f34        0x0
                0x0000000000023f34                __dtors_start__ = .
 *(SORT(.dtors.*))
 *(.dtors)
 *(.fini_array)
 *(SORT(.fini_array.*))
                0x0000000000023f34                __dtors_end__ = (__dtors_start__ + SIZEOF (.dtors))
                0x0000000000000000                __dtors_size__ = SIZEOF (.dtors)
                0x0000000000023f34                __dtors_load_end__ = __dtors_end__
                0x0000000000000001                . = ASSERT (((__dtors_start__ == __dtors_end__) || ((__dtors_end__ >= __FLASH_segment_start__) && (__dtors_end__ <= __FLASH_segment_end__))), error: .dtors is too large to fit in FLASH memory segment)
                0x0000000000023f34                __ctors_load_start__ = ALIGN (__dtors_end__, 0x4)

.ctors          0x0000000000023f34        0x0
                0x0000000000023f34                __ctors_start__ = .
 *(SORT(.ctors.*))
 *(.ctors)
 *(.init_array)
 *(SORT(.init_array.*))
                0x0000000000023f34                __ctors_end__ = (__ctors_start__ + SIZEOF (.ctors))
                0x0000000000000000                __ctors_size__ = SIZEOF (.ctors)
                0x0000000000023f34                __ctors_load_end__ = __ctors_end__
                0x0000000000000001                . = ASSERT (((__ctors_start__ == __ctors_end__) || ((__ctors_end__ >= __FLASH_segment_start__) && (__ctors_end__ <= __FLASH_segment_end__))), error: .ctors is too large to fit in FLASH memory segment)
                0x0000000000023f34                __rodata_load_start__ = ALIGN (__ctors_end__, 0x4)

.rodata         0x0000000000023f34      0x1e4
                0x0000000000023f34                __rodata_start__ = .
 *(.rodata .rodata.* .gnu.linkonce.r.*)
 .rodata        0x0000000000023f34       0x5d Output/blinky_pca10040_s132 Debug/Obj/boards.o
 *fill*         0x0000000000023f91        0x3 
 .rodata.m_board_led_list
                0x0000000000023f94        0x2 Output/blinky_pca10040_s132 Debug/Obj/boards.o
 *fill*         0x0000000000023f96        0x2 
 .rodata        0x0000000000023f98       0x50 Output/blinky_pca10040_s132 Debug/Obj/nrf_section_iter.o
 .rodata        0x0000000000023fe8       0x8c Output/blinky_pca10040_s132 Debug/Obj/nrf_sdh.o
 .rodata.sdh_stack_observers
                0x0000000000024074        0xc Output/blinky_pca10040_s132 Debug/Obj/nrf_sdh.o
 .rodata        0x0000000000024080       0x89 Output/blinky_pca10040_s132 Debug/Obj/nrf_sdh_soc.o
 *fill*         0x0000000000024109        0x3 
 .rodata.sdh_soc_observers
                0x000000000002410c        0xc Output/blinky_pca10040_s132 Debug/Obj/nrf_sdh_soc.o
                0x0000000000024118                __rodata_end__ = (__rodata_start__ + SIZEOF (.rodata))
                0x00000000000001e4                __rodata_size__ = SIZEOF (.rodata)
                0x0000000000024118                __rodata_load_end__ = __rodata_end__

.rel.dyn        0x0000000000024118        0x0
 .rel.iplt      0x0000000000024118        0x0 Output/blinky_pca10040_s132 Debug/Obj/thumb_crt0.o
                0x0000000000000001                . = ASSERT (((__rodata_start__ == __rodata_end__) || ((__rodata_end__ >= __FLASH_segment_start__) && (__rodata_end__ <= __FLASH_segment_end__))), error: .rodata is too large to fit in FLASH memory segment)
                0x0000000000024118                __ARM.exidx_load_start__ = ALIGN (__rodata_end__, 0x4)

.ARM.exidx      0x0000000000024118        0x0
                0x0000000000024118                __ARM.exidx_start__ = .
                0x0000000000024118                __exidx_start = __ARM.exidx_start__
 *(.ARM.exidx .ARM.exidx.*)
                0x0000000000024118                __ARM.exidx_end__ = (__ARM.exidx_start__ + SIZEOF (.ARM.exidx))
                0x0000000000000000                __ARM.exidx_size__ = SIZEOF (.ARM.exidx)
                0x0000000000024118                __exidx_end = __ARM.exidx_end__
                0x0000000000024118                __ARM.exidx_load_end__ = __ARM.exidx_end__
                0x0000000000000001                . = ASSERT (((__ARM.exidx_start__ == __ARM.exidx_end__) || ((__ARM.exidx_end__ >= __FLASH_segment_start__) && (__ARM.exidx_end__ <= __FLASH_segment_end__))), error: .ARM.exidx is too large to fit in FLASH memory segment)
                0x0000000000024118                __fast_load_start__ = ALIGN (__ARM.exidx_end__, 0x4)

.fast           0x0000000020005668        0x0 load address 0x0000000000024118
                0x0000000020005668                __fast_start__ = .
 *(.fast .fast.*)
                0x0000000020005668                __fast_end__ = (__fast_start__ + SIZEOF (.fast))
                0x0000000000000000                __fast_size__ = SIZEOF (.fast)
                0x0000000000024118                __fast_load_end__ = (__fast_load_start__ + SIZEOF (.fast))
                0x0000000000000001                . = ASSERT (((__fast_load_start__ == __fast_load_end__) || ((__fast_load_end__ >= __FLASH_segment_start__) && (__fast_load_end__ <= __FLASH_segment_end__))), error: .fast is too large to fit in FLASH memory segment)

.fast_run       0x0000000020005668        0x0
                0x0000000020005668                __fast_run_start__ = .
                0x0000000020005668                . = MAX ((__fast_run_start__ + SIZEOF (.fast)), .)
                0x0000000020005668                __fast_run_end__ = (__fast_run_start__ + SIZEOF (.fast_run))
                0x0000000000000000                __fast_run_size__ = SIZEOF (.fast_run)
                0x0000000020005668                __fast_run_load_end__ = __fast_run_end__
                0x0000000000000001                . = ASSERT (((__fast_run_start__ == __fast_run_end__) || ((__fast_run_end__ >= __RAM_segment_start__) && (__fast_run_end__ <= __RAM_segment_end__))), error: .fast_run is too large to fit in RAM memory segment)
                0x0000000000024118                __data_load_start__ = ALIGN ((__fast_load_start__ + SIZEOF (.fast)), 0x4)

.data           0x0000000020005668        0x4 load address 0x0000000000024118
                0x0000000020005668                __data_start__ = .
 *(.data .data.* .gnu.linkonce.d.*)
 .data.SystemCoreClock
                0x0000000020005668        0x4 Output/blinky_pca10040_s132 Debug/Obj/system_nrf52.o
                0x0000000020005668                SystemCoreClock
                0x000000002000566c                __data_end__ = (__data_start__ + SIZEOF (.data))
                0x0000000000000004                __data_size__ = SIZEOF (.data)
                0x000000000002411c                __data_load_end__ = (__data_load_start__ + SIZEOF (.data))

.igot.plt       0x0000000100000000        0x0
 .igot.plt      0x0000000100000000        0x0 Output/blinky_pca10040_s132 Debug/Obj/thumb_crt0.o
                0x0000000000000001                . = ASSERT (((__data_load_start__ == __data_load_end__) || ((__data_load_end__ >= __FLASH_segment_start__) && (__data_load_end__ <= __FLASH_segment_end__))), error: .data is too large to fit in FLASH memory segment)

.data_run       0x0000000020005668        0x4 load address 0x0000000000024118
                0x0000000020005668                __data_run_start__ = .
                0x000000002000566c                . = MAX ((__data_run_start__ + SIZEOF (.data)), .)
 *fill*         0x0000000020005668        0x4 
                0x000000002000566c                __data_run_end__ = (__data_run_start__ + SIZEOF (.data_run))
                0x0000000000000004                __data_run_size__ = SIZEOF (.data_run)
                0x000000002000566c                __data_run_load_end__ = __data_run_end__
                0x0000000000000001                . = ASSERT (((__data_run_start__ == __data_run_end__) || ((__data_run_end__ >= __RAM_segment_start__) && (__data_run_end__ <= __RAM_segment_end__))), error: .data_run is too large to fit in RAM memory segment)
                0x000000000002411c                __tdata_load_start__ = ALIGN ((__data_load_start__ + SIZEOF (.data)), 0x4)

.tdata          0x000000002000566c        0x0 load address 0x000000000002411c
                0x000000002000566c                __tdata_start__ = .
 *(.tdata .tdata.*)
                0x000000002000566c                __tdata_end__ = (__tdata_start__ + SIZEOF (.tdata))
                0x0000000000000000                __tdata_size__ = SIZEOF (.tdata)
                0x000000000002411c                __tdata_load_end__ = (__tdata_load_start__ + SIZEOF (.tdata))
                0x000000000002411c                __FLASH_segment_used_end__ = (ALIGN ((__data_load_start__ + SIZEOF (.data)), 0x4) + SIZEOF (.tdata))
                0x000000000002411c                __FLASH_segment_used_size__ = (__FLASH_segment_used_end__ - __FLASH_segment_start__)
                0x0000000000000001                . = ASSERT (((__tdata_load_start__ == __tdata_load_end__) || ((__tdata_load_end__ >= __FLASH_segment_start__) && (__tdata_load_end__ <= __FLASH_segment_end__))), error: .tdata is too large to fit in FLASH memory segment)

.tdata_run      0x000000002000566c        0x0
                0x000000002000566c                __tdata_run_start__ = .
                0x000000002000566c                . = MAX ((__tdata_run_start__ + SIZEOF (.tdata)), .)
                0x000000002000566c                __tdata_run_end__ = (__tdata_run_start__ + SIZEOF (.tdata_run))
                0x0000000000000000                __tdata_run_size__ = SIZEOF (.tdata_run)
                0x000000002000566c                __tdata_run_load_end__ = __tdata_run_end__
                0x0000000000000001                . = ASSERT (((__tdata_run_start__ == __tdata_run_end__) || ((__tdata_run_end__ >= __RAM_segment_start__) && (__tdata_run_end__ <= __RAM_segment_end__))), error: .tdata_run is too large to fit in RAM memory segment)
                0x000000002000566c                __bss_load_start__ = ALIGN (__tdata_run_end__, 0x4)

.bss            0x000000002000566c       0x20
                0x000000002000566c                __bss_start__ = .
 *(.bss .bss.* .gnu.linkonce.b.*)
 .bss.m_error_data.7211
                0x000000002000566c       0x20 Output/blinky_pca10040_s132 Debug/Obj/app_error.o
 *(COMMON)
                0x000000002000568c                __bss_end__ = (__bss_start__ + SIZEOF (.bss))
                0x0000000000000020                __bss_size__ = SIZEOF (.bss)
                0x000000002000568c                __bss_load_end__ = __bss_end__
                0x0000000000000001                . = ASSERT (((__bss_start__ == __bss_end__) || ((__bss_end__ >= __RAM_segment_start__) && (__bss_end__ <= __RAM_segment_end__))), error: .bss is too large to fit in RAM memory segment)
                0x000000002000568c                __tbss_load_start__ = ALIGN (__bss_end__, 0x4)

.tbss           0x000000002000568c        0x0
                0x000000002000568c                __tbss_start__ = .
 *(.tbss .tbss.*)
                0x000000002000568c                __tbss_end__ = (__tbss_start__ + SIZEOF (.tbss))
                0x0000000000000000                __tbss_size__ = SIZEOF (.tbss)
                0x000000002000568c                __tbss_load_end__ = __tbss_end__
                0x0000000000000001                . = ASSERT (((__tbss_start__ == __tbss_end__) || ((__tbss_end__ >= __RAM_segment_start__) && (__tbss_end__ <= __RAM_segment_end__))), error: .tbss is too large to fit in RAM memory segment)
                0x000000002000568c                __non_init_load_start__ = ALIGN (__tbss_end__, 0x4)

.non_init       0x000000002000568c        0x0
                0x000000002000568c                __non_init_start__ = .
 *(.non_init .non_init.*)
                0x000000002000568c                __non_init_end__ = (__non_init_start__ + SIZEOF (.non_init))
                0x0000000000000000                __non_init_size__ = SIZEOF (.non_init)
                0x000000002000568c                __non_init_load_end__ = __non_init_end__
                0x0000000000000001                . = ASSERT (((__non_init_start__ == __non_init_end__) || ((__non_init_end__ >= __RAM_segment_start__) && (__non_init_end__ <= __RAM_segment_end__))), error: .non_init is too large to fit in RAM memory segment)
                0x000000002000568c                __heap_load_start__ = ALIGN (__non_init_end__, 0x4)

.heap           0x000000002000568c      0x200
                0x000000002000568c                __heap_start__ = .
 *(.heap .heap.*)
                0x000000002000588c                . = ALIGN (MAX ((__heap_start__ + __HEAPSIZE__), .), 0x4)
 *fill*         0x000000002000568c      0x200 
                0x000000002000588c                __heap_end__ = (__heap_start__ + SIZEOF (.heap))
                0x0000000000000200                __heap_size__ = SIZEOF (.heap)
                0x000000002000588c                __heap_load_end__ = __heap_end__
                0x0000000000000001                . = ASSERT (((__heap_start__ == __heap_end__) || ((__heap_end__ >= __RAM_segment_start__) && (__heap_end__ <= __RAM_segment_end__))), error: .heap is too large to fit in RAM memory segment)
                0x000000002000f800                __stack_load_start__ = (__RAM_segment_end__ - 0x800)

.stack          0x000000002000f800      0x800
                0x000000002000f800                __stack_start__ = .
                0x000000002000f800                __StackLimit = __stack_start__
 *(.stack .stack.*)
                0x0000000020010000                . = ALIGN (MAX ((__stack_start__ + __STACKSIZE__), .), 0x8)
 *fill*         0x000000002000f800      0x800 
                0x0000000020010000                __stack_end__ = (__stack_start__ + SIZEOF (.stack))
                0x0000000000000800                __stack_size__ = SIZEOF (.stack)
                0x0000000020010000                __StackTop = __stack_end__
                0x0000000020010000                __stack_load_end__ = __stack_end__
                0x0000000000000001                . = ASSERT (((__stack_start__ == __stack_end__) || ((__stack_end__ >= __RAM_segment_start__) && (__stack_end__ <= __RAM_segment_end__))), error: .stack is too large to fit in RAM memory segment)
                0x0000000000000001                . = ASSERT ((__heap_end__ <= __stack_start__), error: section .heap overlaps absolute placed section .stack)
                0x0000000020010000                __stack_process_load_start__ = ALIGN (__stack_end__, 0x8)

.stack_process  0x0000000020010000        0x0
                0x0000000020010000                __stack_process_start__ = .
 *(.stack_process .stack_process.*)
                0x0000000020010000                . = ALIGN (MAX ((__stack_process_start__ + __STACKSIZE_PROCESS__), .), 0x8)
                0x0000000020010000                __stack_process_end__ = (__stack_process_start__ + SIZEOF (.stack_process))
                0x0000000000000000                __stack_process_size__ = SIZEOF (.stack_process)
                0x0000000020010000                __stack_process_load_end__ = __stack_process_end__
                0x0000000020010000                __RAM_segment_used_end__ = (ALIGN (__stack_end__, 0x8) + SIZEOF (.stack_process))
                0x0000000000010000                __RAM_segment_used_size__ = (__RAM_segment_used_end__ - __RAM_segment_start__)
                0x0000000000000001                . = ASSERT (((__stack_process_start__ == __stack_process_end__) || ((__stack_process_end__ >= __RAM_segment_start__) && (__stack_process_end__ <= __RAM_segment_end__))), error: .stack_process is too large to fit in RAM memory segment)
START GROUP
LOAD Output/blinky_pca10040_s132 Debug/Obj/thumb_crt0.o
LOAD Output/blinky_pca10040_s132 Debug/Obj/ses_nRF_Startup.o
LOAD Output/blinky_pca10040_s132 Debug/Obj/ses_nrf52_Vectors.o
LOAD Output/blinky_pca10040_s132 Debug/Obj/system_nrf52.o
LOAD Output/blinky_pca10040_s132 Debug/Obj/main.o
LOAD Output/blinky_pca10040_s132 Debug/Obj/boards.o
LOAD Output/blinky_pca10040_s132 Debug/Obj/app_error.o
LOAD Output/blinky_pca10040_s132 Debug/Obj/app_error_weak.o
LOAD Output/blinky_pca10040_s132 Debug/Obj/app_util_platform.o
LOAD Output/blinky_pca10040_s132 Debug/Obj/nrf_assert.o
LOAD Output/blinky_pca10040_s132 Debug/Obj/nrf_section_iter.o
LOAD Output/blinky_pca10040_s132 Debug/Obj/nrf_strerror.o
LOAD Output/blinky_pca10040_s132 Debug/Obj/nrf_sdh.o
LOAD Output/blinky_pca10040_s132 Debug/Obj/nrf_sdh_soc.o
LOAD C:/Program Files/SEGGER/SEGGER Embedded Studio for ARM 3.34/lib/libdebugio_mempoll_v7em_fpv4_sp_d16_hard_t_le_eabi.a
LOAD C:/Program Files/SEGGER/SEGGER Embedded Studio for ARM 3.34/lib/libm_v7em_fpv4_sp_d16_hard_t_le_eabi.a
LOAD C:/Program Files/SEGGER/SEGGER Embedded Studio for ARM 3.34/lib/libc_v7em_fpv4_sp_d16_hard_t_le_eabi.a
LOAD C:/Program Files/SEGGER/SEGGER Embedded Studio for ARM 3.34/lib/libcpp_v7em_fpv4_sp_d16_hard_t_le_eabi.a
LOAD C:/Program Files/SEGGER/SEGGER Embedded Studio for ARM 3.34/lib/libdebugio_v7em_fpv4_sp_d16_hard_t_le_eabi.a
LOAD C:/Program Files/SEGGER/SEGGER Embedded Studio for ARM 3.34/lib/libvfprintf_v7em_fpv4_sp_d16_hard_t_le_eabi.o
LOAD C:/Program Files/SEGGER/SEGGER Embedded Studio for ARM 3.34/lib/libvfscanf_v7em_fpv4_sp_d16_hard_t_le_eabi.o
END GROUP
OUTPUT(Output/Debug/Exe/blinky_pca10040_s132.elf elf32-littlearm)

.ARM.attributes
                0x0000000000000000       0x35
 .ARM.attributes
                0x0000000000000000       0x25 Output/blinky_pca10040_s132 Debug/Obj/thumb_crt0.o
 .ARM.attributes
                0x0000000000000025       0x25 Output/blinky_pca10040_s132 Debug/Obj/ses_nRF_Startup.o
 .ARM.attributes
                0x000000000000004a       0x25 Output/blinky_pca10040_s132 Debug/Obj/ses_nrf52_Vectors.o
 .ARM.attributes
                0x000000000000006f       0x39 Output/blinky_pca10040_s132 Debug/Obj/system_nrf52.o
 .ARM.attributes
                0x00000000000000a8       0x39 Output/blinky_pca10040_s132 Debug/Obj/main.o
 .ARM.attributes
                0x00000000000000e1       0x39 Output/blinky_pca10040_s132 Debug/Obj/boards.o
 .ARM.attributes
                0x000000000000011a       0x39 Output/blinky_pca10040_s132 Debug/Obj/app_error.o
 .ARM.attributes
                0x0000000000000153       0x39 Output/blinky_pca10040_s132 Debug/Obj/app_error_weak.o
 .ARM.attributes
                0x000000000000018c       0x39 Output/blinky_pca10040_s132 Debug/Obj/nrf_assert.o
 .ARM.attributes
                0x00000000000001c5       0x39 Output/blinky_pca10040_s132 Debug/Obj/nrf_section_iter.o
 .ARM.attributes
                0x00000000000001fe       0x39 Output/blinky_pca10040_s132 Debug/Obj/nrf_sdh.o
 .ARM.attributes
                0x0000000000000237       0x39 Output/blinky_pca10040_s132 Debug/Obj/nrf_sdh_soc.o

.comment        0x0000000000000000       0x4c
 .comment       0x0000000000000000       0x4c Output/blinky_pca10040_s132 Debug/Obj/system_nrf52.o
                                         0x4d (size before relaxing)
 .comment       0x000000000000004c       0x4d Output/blinky_pca10040_s132 Debug/Obj/main.o
 .comment       0x000000000000004c       0x4d Output/blinky_pca10040_s132 Debug/Obj/boards.o
 .comment       0x000000000000004c       0x4d Output/blinky_pca10040_s132 Debug/Obj/app_error.o
 .comment       0x000000000000004c       0x4d Output/blinky_pca10040_s132 Debug/Obj/app_error_weak.o
 .comment       0x000000000000004c       0x4d Output/blinky_pca10040_s132 Debug/Obj/nrf_assert.o
 .comment       0x000000000000004c       0x4d Output/blinky_pca10040_s132 Debug/Obj/nrf_section_iter.o
 .comment       0x000000000000004c       0x4d Output/blinky_pca10040_s132 Debug/Obj/nrf_sdh.o
 .comment       0x000000000000004c       0x4d Output/blinky_pca10040_s132 Debug/Obj/nrf_sdh_soc.o

.debug_line     0x0000000000000000     0x37cd
 .debug_line    0x0000000000000000      0x2b4 Output/blinky_pca10040_s132 Debug/Obj/thumb_crt0.o
 .debug_line    0x00000000000002b4       0x92 Output/blinky_pca10040_s132 Debug/Obj/ses_nRF_Startup.o
 .debug_line    0x0000000000000346       0x9b Output/blinky_pca10040_s132 Debug/Obj/ses_nrf52_Vectors.o
 .debug_line    0x00000000000003e1      0x3e9 Output/blinky_pca10040_s132 Debug/Obj/system_nrf52.o
 .debug_line    0x00000000000007ca      0x431 Output/blinky_pca10040_s132 Debug/Obj/main.o
 .debug_line    0x0000000000000bfb      0x62b Output/blinky_pca10040_s132 Debug/Obj/boards.o
 .debug_line    0x0000000000001226      0x318 Output/blinky_pca10040_s132 Debug/Obj/app_error.o
 .debug_line    0x000000000000153e      0x8f9 Output/blinky_pca10040_s132 Debug/Obj/app_error_weak.o
 .debug_line    0x0000000000001e37      0x2d6 Output/blinky_pca10040_s132 Debug/Obj/nrf_assert.o
 .debug_line    0x000000000000210d      0x3d7 Output/blinky_pca10040_s132 Debug/Obj/nrf_section_iter.o
 .debug_line    0x00000000000024e4      0xafd Output/blinky_pca10040_s132 Debug/Obj/nrf_sdh.o
 .debug_line    0x0000000000002fe1      0x7ec Output/blinky_pca10040_s132 Debug/Obj/nrf_sdh_soc.o

.debug_info     0x0000000000000000     0x82de
 .debug_info    0x0000000000000000       0xb9 Output/blinky_pca10040_s132 Debug/Obj/thumb_crt0.o
 .debug_info    0x00000000000000b9       0xa6 Output/blinky_pca10040_s132 Debug/Obj/ses_nRF_Startup.o
 .debug_info    0x000000000000015f       0xa8 Output/blinky_pca10040_s132 Debug/Obj/ses_nrf52_Vectors.o
 .debug_info    0x0000000000000207     0x107f Output/blinky_pca10040_s132 Debug/Obj/system_nrf52.o
 .debug_info    0x0000000000001286      0x66e Output/blinky_pca10040_s132 Debug/Obj/main.o
 .debug_info    0x00000000000018f4      0xdab Output/blinky_pca10040_s132 Debug/Obj/boards.o
 .debug_info    0x000000000000269f      0x805 Output/blinky_pca10040_s132 Debug/Obj/app_error.o
 .debug_info    0x0000000000002ea4     0x144b Output/blinky_pca10040_s132 Debug/Obj/app_error_weak.o
 .debug_info    0x00000000000042ef      0x66e Output/blinky_pca10040_s132 Debug/Obj/nrf_assert.o
 .debug_info    0x000000000000495d      0x705 Output/blinky_pca10040_s132 Debug/Obj/nrf_section_iter.o
 .debug_info    0x0000000000005062     0x1ec9 Output/blinky_pca10040_s132 Debug/Obj/nrf_sdh.o
 .debug_info    0x0000000000006f2b     0x13b3 Output/blinky_pca10040_s132 Debug/Obj/nrf_sdh_soc.o

.debug_abbrev   0x0000000000000000     0x1184
 .debug_abbrev  0x0000000000000000       0x12 Output/blinky_pca10040_s132 Debug/Obj/thumb_crt0.o
 .debug_abbrev  0x0000000000000012       0x14 Output/blinky_pca10040_s132 Debug/Obj/ses_nRF_Startup.o
 .debug_abbrev  0x0000000000000026       0x14 Output/blinky_pca10040_s132 Debug/Obj/ses_nrf52_Vectors.o
 .debug_abbrev  0x000000000000003a      0x1e2 Output/blinky_pca10040_s132 Debug/Obj/system_nrf52.o
 .debug_abbrev  0x000000000000021c      0x18d Output/blinky_pca10040_s132 Debug/Obj/main.o
 .debug_abbrev  0x00000000000003a9      0x269 Output/blinky_pca10040_s132 Debug/Obj/boards.o
 .debug_abbrev  0x0000000000000612      0x18c Output/blinky_pca10040_s132 Debug/Obj/app_error.o
 .debug_abbrev  0x000000000000079e      0x210 Output/blinky_pca10040_s132 Debug/Obj/app_error_weak.o
 .debug_abbrev  0x00000000000009ae      0x134 Output/blinky_pca10040_s132 Debug/Obj/nrf_assert.o
 .debug_abbrev  0x0000000000000ae2      0x146 Output/blinky_pca10040_s132 Debug/Obj/nrf_section_iter.o
 .debug_abbrev  0x0000000000000c28      0x358 Output/blinky_pca10040_s132 Debug/Obj/nrf_sdh.o
 .debug_abbrev  0x0000000000000f80      0x204 Output/blinky_pca10040_s132 Debug/Obj/nrf_sdh_soc.o

.debug_aranges  0x0000000000000000      0x898
 .debug_aranges
                0x0000000000000000       0xe0 Output/blinky_pca10040_s132 Debug/Obj/thumb_crt0.o
 .debug_aranges
                0x00000000000000e0       0x20 Output/blinky_pca10040_s132 Debug/Obj/ses_nRF_Startup.o
 .debug_aranges
                0x0000000000000100       0x20 Output/blinky_pca10040_s132 Debug/Obj/ses_nrf52_Vectors.o
 .debug_aranges
                0x0000000000000120       0x80 Output/blinky_pca10040_s132 Debug/Obj/system_nrf52.o
 .debug_aranges
                0x00000000000001a0       0x30 Output/blinky_pca10040_s132 Debug/Obj/main.o
 .debug_aranges
                0x00000000000001d0       0xf0 Output/blinky_pca10040_s132 Debug/Obj/boards.o
 .debug_aranges
                0x00000000000002c0       0x30 Output/blinky_pca10040_s132 Debug/Obj/app_error.o
 .debug_aranges
                0x00000000000002f0      0x190 Output/blinky_pca10040_s132 Debug/Obj/app_error_weak.o
 .debug_aranges
                0x0000000000000480       0x20 Output/blinky_pca10040_s132 Debug/Obj/nrf_assert.o
 .debug_aranges
                0x00000000000004a0       0x28 Output/blinky_pca10040_s132 Debug/Obj/nrf_section_iter.o
 .debug_aranges
                0x00000000000004c8      0x258 Output/blinky_pca10040_s132 Debug/Obj/nrf_sdh.o
 .debug_aranges
                0x0000000000000720      0x178 Output/blinky_pca10040_s132 Debug/Obj/nrf_sdh_soc.o

.debug_ranges   0x0000000000000000      0x7d8
 .debug_ranges  0x0000000000000000       0xd8 Output/blinky_pca10040_s132 Debug/Obj/thumb_crt0.o
 .debug_ranges  0x00000000000000d8       0x70 Output/blinky_pca10040_s132 Debug/Obj/system_nrf52.o
 .debug_ranges  0x0000000000000148       0x20 Output/blinky_pca10040_s132 Debug/Obj/main.o
 .debug_ranges  0x0000000000000168       0xe0 Output/blinky_pca10040_s132 Debug/Obj/boards.o
 .debug_ranges  0x0000000000000248       0x20 Output/blinky_pca10040_s132 Debug/Obj/app_error.o
 .debug_ranges  0x0000000000000268      0x180 Output/blinky_pca10040_s132 Debug/Obj/app_error_weak.o
 .debug_ranges  0x00000000000003e8       0x10 Output/blinky_pca10040_s132 Debug/Obj/nrf_assert.o
 .debug_ranges  0x00000000000003f8       0x18 Output/blinky_pca10040_s132 Debug/Obj/nrf_section_iter.o
 .debug_ranges  0x0000000000000410      0x248 Output/blinky_pca10040_s132 Debug/Obj/nrf_sdh.o
 .debug_ranges  0x0000000000000658      0x180 Output/blinky_pca10040_s132 Debug/Obj/nrf_sdh_soc.o

.debug_frame    0x0000000000000000     0x1320
 .debug_frame   0x0000000000000000       0xec Output/blinky_pca10040_s132 Debug/Obj/system_nrf52.o
 .debug_frame   0x00000000000000ec       0x78 Output/blinky_pca10040_s132 Debug/Obj/main.o
 .debug_frame   0x0000000000000164      0x418 Output/blinky_pca10040_s132 Debug/Obj/boards.o
 .debug_frame   0x000000000000057c       0x80 Output/blinky_pca10040_s132 Debug/Obj/app_error.o
 .debug_frame   0x00000000000005fc      0x318 Output/blinky_pca10040_s132 Debug/Obj/app_error_weak.o
 .debug_frame   0x0000000000000914       0x38 Output/blinky_pca10040_s132 Debug/Obj/nrf_assert.o
 .debug_frame   0x000000000000094c       0x60 Output/blinky_pca10040_s132 Debug/Obj/nrf_section_iter.o
 .debug_frame   0x00000000000009ac      0x674 Output/blinky_pca10040_s132 Debug/Obj/nrf_sdh.o
 .debug_frame   0x0000000000001020      0x300 Output/blinky_pca10040_s132 Debug/Obj/nrf_sdh_soc.o

.debug_pubnames
                0x0000000000000000     0x2be4
 .debug_pubnames
                0x0000000000000000      0x110 Output/blinky_pca10040_s132 Debug/Obj/system_nrf52.o
 .debug_pubnames
                0x0000000000000110       0x3d Output/blinky_pca10040_s132 Debug/Obj/main.o
 .debug_pubnames
                0x000000000000014d      0x4aa Output/blinky_pca10040_s132 Debug/Obj/boards.o
 .debug_pubnames
                0x00000000000005f7       0x82 Output/blinky_pca10040_s132 Debug/Obj/app_error.o
 .debug_pubnames
                0x0000000000000679      0x9e2 Output/blinky_pca10040_s132 Debug/Obj/app_error_weak.o
 .debug_pubnames
                0x000000000000105b       0x2a Output/blinky_pca10040_s132 Debug/Obj/nrf_assert.o
 .debug_pubnames
                0x0000000000001085       0x46 Output/blinky_pca10040_s132 Debug/Obj/nrf_section_iter.o
 .debug_pubnames
                0x00000000000010cb     0x11ef Output/blinky_pca10040_s132 Debug/Obj/nrf_sdh.o
 .debug_pubnames
                0x00000000000022ba      0x92a Output/blinky_pca10040_s132 Debug/Obj/nrf_sdh_soc.o

.debug_pubtypes
                0x0000000000000000     0x17b0
 .debug_pubtypes
                0x0000000000000000      0x1b4 Output/blinky_pca10040_s132 Debug/Obj/system_nrf52.o
 .debug_pubtypes
                0x00000000000001b4      0x19a Output/blinky_pca10040_s132 Debug/Obj/main.o
 .debug_pubtypes
                0x000000000000034e      0x249 Output/blinky_pca10040_s132 Debug/Obj/boards.o
 .debug_pubtypes
                0x0000000000000597      0x1ef Output/blinky_pca10040_s132 Debug/Obj/app_error.o
 .debug_pubtypes
                0x0000000000000786      0x3a6 Output/blinky_pca10040_s132 Debug/Obj/app_error_weak.o
 .debug_pubtypes
                0x0000000000000b2c      0x1c5 Output/blinky_pca10040_s132 Debug/Obj/nrf_assert.o
 .debug_pubtypes
                0x0000000000000cf1      0x1fd Output/blinky_pca10040_s132 Debug/Obj/nrf_section_iter.o
 .debug_pubtypes
                0x0000000000000eee      0x4d3 Output/blinky_pca10040_s132 Debug/Obj/nrf_sdh.o
 .debug_pubtypes
                0x00000000000013c1      0x3ef Output/blinky_pca10040_s132 Debug/Obj/nrf_sdh_soc.o

.debug_macro    0x0000000000000000    0x12787
 .debug_macro   0x0000000000000000       0xac Output/blinky_pca10040_s132 Debug/Obj/system_nrf52.o
 .debug_macro   0x00000000000000ac      0x904 Output/blinky_pca10040_s132 Debug/Obj/system_nrf52.o
 .debug_macro   0x00000000000009b0      0x189 Output/blinky_pca10040_s132 Debug/Obj/system_nrf52.o
 .debug_macro   0x0000000000000b39       0x22 Output/blinky_pca10040_s132 Debug/Obj/system_nrf52.o
 .debug_macro   0x0000000000000b5b       0x22 Output/blinky_pca10040_s132 Debug/Obj/system_nrf52.o
 .debug_macro   0x0000000000000b7d       0x2d Output/blinky_pca10040_s132 Debug/Obj/system_nrf52.o
 .debug_macro   0x0000000000000baa       0x3b Output/blinky_pca10040_s132 Debug/Obj/system_nrf52.o
 .debug_macro   0x0000000000000be5       0x50 Output/blinky_pca10040_s132 Debug/Obj/system_nrf52.o
 .debug_macro   0x0000000000000c35      0xe66 Output/blinky_pca10040_s132 Debug/Obj/system_nrf52.o
 .debug_macro   0x0000000000001a9b      0x392 Output/blinky_pca10040_s132 Debug/Obj/system_nrf52.o
 .debug_macro   0x0000000000001e2d     0xcc94 Output/blinky_pca10040_s132 Debug/Obj/system_nrf52.o
 .debug_macro   0x000000000000eac1     0x1313 Output/blinky_pca10040_s132 Debug/Obj/system_nrf52.o
 .debug_macro   0x000000000000fdd4       0x82 Output/blinky_pca10040_s132 Debug/Obj/system_nrf52.o
 .debug_macro   0x000000000000fe56       0x22 Output/blinky_pca10040_s132 Debug/Obj/system_nrf52.o
 .debug_macro   0x000000000000fe78      0x15e Output/blinky_pca10040_s132 Debug/Obj/main.o
 .debug_macro   0x000000000000ffd6       0x10 Output/blinky_pca10040_s132 Debug/Obj/main.o
 .debug_macro   0x000000000000ffe6      0x372 Output/blinky_pca10040_s132 Debug/Obj/main.o
 .debug_macro   0x0000000000010358       0x89 Output/blinky_pca10040_s132 Debug/Obj/main.o
 .debug_macro   0x00000000000103e1       0x71 Output/blinky_pca10040_s132 Debug/Obj/main.o
 .debug_macro   0x0000000000010452       0x9a Output/blinky_pca10040_s132 Debug/Obj/main.o
 .debug_macro   0x00000000000104ec      0x54e Output/blinky_pca10040_s132 Debug/Obj/main.o
 .debug_macro   0x0000000000010a3a       0x9b Output/blinky_pca10040_s132 Debug/Obj/main.o
 .debug_macro   0x0000000000010ad5      0x16d Output/blinky_pca10040_s132 Debug/Obj/main.o
 .debug_macro   0x0000000000010c42       0x2a Output/blinky_pca10040_s132 Debug/Obj/main.o
 .debug_macro   0x0000000000010c6c       0x10 Output/blinky_pca10040_s132 Debug/Obj/main.o
 .debug_macro   0x0000000000010c7c       0x28 Output/blinky_pca10040_s132 Debug/Obj/main.o
 .debug_macro   0x0000000000010ca4       0x16 Output/blinky_pca10040_s132 Debug/Obj/main.o
 .debug_macro   0x0000000000010cba      0x167 Output/blinky_pca10040_s132 Debug/Obj/main.o
 .debug_macro   0x0000000000010e21       0xeb Output/blinky_pca10040_s132 Debug/Obj/main.o
 .debug_macro   0x0000000000010f0c      0x155 Output/blinky_pca10040_s132 Debug/Obj/boards.o
 .debug_macro   0x0000000000011061       0x35 Output/blinky_pca10040_s132 Debug/Obj/boards.o
 .debug_macro   0x0000000000011096      0x103 Output/blinky_pca10040_s132 Debug/Obj/app_error.o
 .debug_macro   0x0000000000011199      0x24a Output/blinky_pca10040_s132 Debug/Obj/app_error_weak.o
 .debug_macro   0x00000000000113e3       0x22 Output/blinky_pca10040_s132 Debug/Obj/app_error_weak.o
 .debug_macro   0x0000000000011405       0x16 Output/blinky_pca10040_s132 Debug/Obj/app_error_weak.o
 .debug_macro   0x000000000001141b      0x4a9 Output/blinky_pca10040_s132 Debug/Obj/app_error_weak.o
 .debug_macro   0x00000000000118c4       0x4b Output/blinky_pca10040_s132 Debug/Obj/app_error_weak.o
 .debug_macro   0x000000000001190f       0x31 Output/blinky_pca10040_s132 Debug/Obj/app_error_weak.o
 .debug_macro   0x0000000000011940       0x10 Output/blinky_pca10040_s132 Debug/Obj/app_error_weak.o
 .debug_macro   0x0000000000011950      0x167 Output/blinky_pca10040_s132 Debug/Obj/app_error_weak.o
 .debug_macro   0x0000000000011ab7       0x68 Output/blinky_pca10040_s132 Debug/Obj/app_error_weak.o
 .debug_macro   0x0000000000011b1f       0x28 Output/blinky_pca10040_s132 Debug/Obj/app_error_weak.o
 .debug_macro   0x0000000000011b47       0x22 Output/blinky_pca10040_s132 Debug/Obj/app_error_weak.o
 .debug_macro   0x0000000000011b69       0x16 Output/blinky_pca10040_s132 Debug/Obj/app_error_weak.o
 .debug_macro   0x0000000000011b7f       0x40 Output/blinky_pca10040_s132 Debug/Obj/app_error_weak.o
 .debug_macro   0x0000000000011bbf       0x70 Output/blinky_pca10040_s132 Debug/Obj/app_error_weak.o
 .debug_macro   0x0000000000011c2f       0x2e Output/blinky_pca10040_s132 Debug/Obj/app_error_weak.o
 .debug_macro   0x0000000000011c5d       0x7e Output/blinky_pca10040_s132 Debug/Obj/app_error_weak.o
 .debug_macro   0x0000000000011cdb       0x8c Output/blinky_pca10040_s132 Debug/Obj/app_error_weak.o
 .debug_macro   0x0000000000011d67       0x10 Output/blinky_pca10040_s132 Debug/Obj/app_error_weak.o
 .debug_macro   0x0000000000011d77       0x1c Output/blinky_pca10040_s132 Debug/Obj/app_error_weak.o
 .debug_macro   0x0000000000011d93       0x1c Output/blinky_pca10040_s132 Debug/Obj/app_error_weak.o
 .debug_macro   0x0000000000011daf      0x10d Output/blinky_pca10040_s132 Debug/Obj/app_error_weak.o
 .debug_macro   0x0000000000011ebc      0x10c Output/blinky_pca10040_s132 Debug/Obj/nrf_assert.o
 .debug_macro   0x0000000000011fc8      0x173 Output/blinky_pca10040_s132 Debug/Obj/nrf_section_iter.o
 .debug_macro   0x000000000001213b       0x10 Output/blinky_pca10040_s132 Debug/Obj/nrf_section_iter.o
 .debug_macro   0x000000000001214b       0x6b Output/blinky_pca10040_s132 Debug/Obj/nrf_section_iter.o
 .debug_macro   0x00000000000121b6       0x11 Output/blinky_pca10040_s132 Debug/Obj/nrf_section_iter.o
 .debug_macro   0x00000000000121c7      0x227 Output/blinky_pca10040_s132 Debug/Obj/nrf_sdh.o
 .debug_macro   0x00000000000123ee       0x2a Output/blinky_pca10040_s132 Debug/Obj/nrf_sdh.o
 .debug_macro   0x0000000000012418      0x15b Output/blinky_pca10040_s132 Debug/Obj/nrf_sdh.o
 .debug_macro   0x0000000000012573      0x1fe Output/blinky_pca10040_s132 Debug/Obj/nrf_sdh_soc.o
 .debug_macro   0x0000000000012771       0x16 Output/blinky_pca10040_s132 Debug/Obj/nrf_sdh_soc.o

.debug_str      0x0000000000000000    0x698b8
 .debug_str     0x0000000000000000    0x5a9a7 Output/blinky_pca10040_s132 Debug/Obj/system_nrf52.o
                                      0x5b31c (size before relaxing)
 .debug_str     0x000000000005a9a7     0x4415 Output/blinky_pca10040_s132 Debug/Obj/main.o
                                      0x5f36c (size before relaxing)
 .debug_str     0x000000000005edbc      0x4fa Output/blinky_pca10040_s132 Debug/Obj/boards.o
                                      0x5f803 (size before relaxing)
 .debug_str     0x000000000005f2b6      0x115 Output/blinky_pca10040_s132 Debug/Obj/app_error.o
                                      0x5dddf (size before relaxing)
 .debug_str     0x000000000005f3cb     0x919c Output/blinky_pca10040_s132 Debug/Obj/app_error_weak.o
                                      0x6706e (size before relaxing)
 .debug_str     0x0000000000068567       0x49 Output/blinky_pca10040_s132 Debug/Obj/nrf_assert.o
                                      0x5ddd8 (size before relaxing)
 .debug_str     0x00000000000685b0      0x25e Output/blinky_pca10040_s132 Debug/Obj/nrf_section_iter.o
                                      0x628f2 (size before relaxing)
 .debug_str     0x000000000006880e      0xbe0 Output/blinky_pca10040_s132 Debug/Obj/nrf_sdh.o
                                      0x66fc6 (size before relaxing)
 .debug_str     0x00000000000693ee      0x4ca Output/blinky_pca10040_s132 Debug/Obj/nrf_sdh_soc.o
                                      0x65c29 (size before relaxing)
